Component: ARM Compiler 5.06 update 7 (build 960) Tool: armlink [4d3601]

==============================================================================

Section Cross References

    startup_stm32l4p5xx.o(STACK) refers (Special) to heapauxi.o(.text) for __use_two_region_memory
    startup_stm32l4p5xx.o(HEAP) refers (Special) to heapauxi.o(.text) for __use_two_region_memory
    startup_stm32l4p5xx.o(RESET) refers (Special) to heapauxi.o(.text) for __use_two_region_memory
    startup_stm32l4p5xx.o(RESET) refers to startup_stm32l4p5xx.o(STACK) for __initial_sp
    startup_stm32l4p5xx.o(RESET) refers to startup_stm32l4p5xx.o(.text) for Reset_Handler
    startup_stm32l4p5xx.o(RESET) refers to stm32l4xx_it.o(i.NMI_Handler) for NMI_Handler
    startup_stm32l4p5xx.o(RESET) refers to stm32l4xx_it.o(i.HardFault_Handler) for HardFault_Handler
    startup_stm32l4p5xx.o(RESET) refers to stm32l4xx_it.o(i.MemManage_Handler) for MemManage_Handler
    startup_stm32l4p5xx.o(RESET) refers to stm32l4xx_it.o(i.BusFault_Handler) for BusFault_Handler
    startup_stm32l4p5xx.o(RESET) refers to stm32l4xx_it.o(i.UsageFault_Handler) for UsageFault_Handler
    startup_stm32l4p5xx.o(RESET) refers to port.o(.emb_text) for SVC_Handler
    startup_stm32l4p5xx.o(RESET) refers to stm32l4xx_it.o(i.DebugMon_Handler) for DebugMon_Handler
    startup_stm32l4p5xx.o(RESET) refers to port.o(i.SysTick_Handler) for SysTick_Handler
    startup_stm32l4p5xx.o(RESET) refers to stm32l4xx_it.o(i.TIM1_UP_TIM16_IRQHandler) for TIM1_UP_TIM16_IRQHandler
    startup_stm32l4p5xx.o(RESET) refers to stm32l4xx_it.o(i.USART2_IRQHandler) for USART2_IRQHandler
    startup_stm32l4p5xx.o(RESET) refers to stm32l4xx_it.o(i.SDMMC2_IRQHandler) for SDMMC2_IRQHandler
    startup_stm32l4p5xx.o(RESET) refers to stm32l4xx_it.o(i.LPUART1_IRQHandler) for LPUART1_IRQHandler
    startup_stm32l4p5xx.o(.text) refers (Special) to heapauxi.o(.text) for __use_two_region_memory
    startup_stm32l4p5xx.o(.text) refers to system_stm32l4xx.o(i.SystemInit) for SystemInit
    startup_stm32l4p5xx.o(.text) refers to __main.o(!!!main) for __main
    startup_stm32l4p5xx.o(.text) refers to startup_stm32l4p5xx.o(HEAP) for Heap_Mem
    startup_stm32l4p5xx.o(.text) refers to startup_stm32l4p5xx.o(STACK) for Stack_Mem
    cjson.o(i.add_item_to_object) refers to cjson.o(i.cJSON_strdup) for cJSON_strdup
    cjson.o(i.add_item_to_object) refers to cjson.o(i.add_item_to_array) for add_item_to_array
    cjson.o(i.cJSON_AddArrayToObject) refers to cjson.o(i.cJSON_CreateArray) for cJSON_CreateArray
    cjson.o(i.cJSON_AddArrayToObject) refers to cjson.o(i.add_item_to_object) for add_item_to_object
    cjson.o(i.cJSON_AddArrayToObject) refers to cjson.o(i.cJSON_Delete) for cJSON_Delete
    cjson.o(i.cJSON_AddArrayToObject) refers to cjson.o(.data) for .data
    cjson.o(i.cJSON_AddBoolToObject) refers to cjson.o(i.cJSON_CreateBool) for cJSON_CreateBool
    cjson.o(i.cJSON_AddBoolToObject) refers to cjson.o(i.add_item_to_object) for add_item_to_object
    cjson.o(i.cJSON_AddBoolToObject) refers to cjson.o(i.cJSON_Delete) for cJSON_Delete
    cjson.o(i.cJSON_AddBoolToObject) refers to cjson.o(.data) for .data
    cjson.o(i.cJSON_AddFalseToObject) refers to cjson.o(i.cJSON_CreateFalse) for cJSON_CreateFalse
    cjson.o(i.cJSON_AddFalseToObject) refers to cjson.o(i.add_item_to_object) for add_item_to_object
    cjson.o(i.cJSON_AddFalseToObject) refers to cjson.o(i.cJSON_Delete) for cJSON_Delete
    cjson.o(i.cJSON_AddFalseToObject) refers to cjson.o(.data) for .data
    cjson.o(i.cJSON_AddItemReferenceToArray) refers to cjson.o(i.create_reference) for create_reference
    cjson.o(i.cJSON_AddItemReferenceToArray) refers to cjson.o(i.add_item_to_array) for add_item_to_array
    cjson.o(i.cJSON_AddItemReferenceToArray) refers to cjson.o(.data) for .data
    cjson.o(i.cJSON_AddItemReferenceToObject) refers to cjson.o(i.create_reference) for create_reference
    cjson.o(i.cJSON_AddItemReferenceToObject) refers to cjson.o(i.add_item_to_object) for add_item_to_object
    cjson.o(i.cJSON_AddItemReferenceToObject) refers to cjson.o(.data) for .data
    cjson.o(i.cJSON_AddItemToArray) refers to cjson.o(i.add_item_to_array) for add_item_to_array
    cjson.o(i.cJSON_AddItemToObject) refers to cjson.o(i.add_item_to_object) for add_item_to_object
    cjson.o(i.cJSON_AddItemToObject) refers to cjson.o(.data) for .data
    cjson.o(i.cJSON_AddItemToObjectCS) refers to cjson.o(i.add_item_to_object) for add_item_to_object
    cjson.o(i.cJSON_AddItemToObjectCS) refers to cjson.o(.data) for .data
    cjson.o(i.cJSON_AddNullToObject) refers to cjson.o(i.cJSON_CreateNull) for cJSON_CreateNull
    cjson.o(i.cJSON_AddNullToObject) refers to cjson.o(i.add_item_to_object) for add_item_to_object
    cjson.o(i.cJSON_AddNullToObject) refers to cjson.o(i.cJSON_Delete) for cJSON_Delete
    cjson.o(i.cJSON_AddNullToObject) refers to cjson.o(.data) for .data
[...]
    __aeabi_dsub                             0x0800e97d   Thumb Code     0  daddsub_clz.o(x$fpl$dsub)
    _dsub                                    0x0800e97d   Thumb Code   464  daddsub_clz.o(x$fpl$dsub)
    _fp_init                                 0x0800eb51   Thumb Code    10  fpinit.o(x$fpl$fpinit)
    __fplib_config_fpu_vfp                   0x0800eb59   Thumb Code     0  fpinit.o(x$fpl$fpinit)
    __fplib_config_pureend_doubles           0x0800eb59   Thumb Code     0  fpinit.o(x$fpl$fpinit)
    __fpl_fretinf                            0x0800eb5b   Thumb Code    10  fretinf.o(x$fpl$fretinf)
    __ieee_status                            0x0800eb65   Thumb Code     6  istatus.o(x$fpl$ieeestatus)
    _printf_fp_dec                           0x0800eb6b   Thumb Code     4  printf1.o(x$fpl$printf1)
    __fpl_return_NaN                         0x0800eb6f   Thumb Code   100  retnan.o(x$fpl$retnan)
    __ARM_scalbn                             0x0800ebd3   Thumb Code    92  scalbn.o(x$fpl$scalbn)
    _scanf_real                              0x0800ec2f   Thumb Code     4  scanf1.o(x$fpl$scanf1)
    _scanf_hex_real                          0x0800ec33   Thumb Code     4  scanf2.o(x$fpl$scanf2)
    _scanf_infnan                            0x0800ec37   Thumb Code     4  scanf2.o(x$fpl$scanf2)
    __fpl_cmpreturn                          0x0800ec3b   Thumb Code    48  trapv.o(x$fpl$trapveneer)
    __I$use$fp                               0x0800ec6a   Number         0  usenofp.o(x$fpl$usenofp)
    SD_Driver                                0x0800ed58   Data          20  sd_diskio.o(.constdata)
    UARTPrescTable                           0x0800ed7c   Data          24  stm32l4xx_hal_uart.o(.constdata)
    AHBPrescTable                            0x0800eda4   Data          16  system_stm32l4xx.o(.constdata)
    MSIRangeTable                            0x0800edb4   Data          48  system_stm32l4xx.o(.constdata)
    APBPrescTable                            0x0800ede4   Data           8  system_stm32l4xx.o(.constdata)
    __stdin_name                             0x08039a9c   Data           4  sys_io.o(.constdata)
    __stdout_name                            0x08039aa0   Data           4  sys_io.o(.constdata)
    __stderr_name                            0x08039aa4   Data           4  sys_io.o(.constdata)
    Region$$Table$$Base                      0x08039b4c   Number         0  anon$$obj.o(Region$$Table)
    Region$$Table$$Limit                     0x08039b6c   Number         0  anon$$obj.o(Region$$Table)
    __aeabi_HUGE_VAL                         0x08039b6c   Data           0  fpconst.o(c$$dinf)
    __aeabi_HUGE_VALL                        0x08039b6c   Data           0  fpconst.o(c$$dinf)
    __aeabi_INFINITY                         0x08039b6c   Data           0  fpconst.o(c$$dinf)
    __dInf                                   0x08039b6c   Data           0  fpconst.o(c$$dinf)
    __huge_val                               0x08039b6c   Data           0  fpconst.o(c$$dinf)
    __dbl_max                                0x08039b74   Data           0  fpconst.o(c$$dmax)
    __ctype                                  0x08039b89   Data           0  lc_ctype_c.o(locale$$data)
    receiveRx1FromQueneForCmd                0x20000018   Data           4  cmd.o(.data)
    receiveRx2FromQueneForCmd                0x20000020   Data           4  savetask.o(.data)
    sdCmdQueuePoolHandle                     0x200002a8   Data           4  freertos.o(.data)
    rx1QueuePoolHandle                       0x200002ac   Data           4  freertos.o(.data)
    rx2QueuePoolHandle                       0x200002b0   Data           4  freertos.o(.data)
    defaultTaskHandle                        0x200002b4   Data           4  freertos.o(.data)
    cmdTaskHandle                            0x200002b8   Data           4  freertos.o(.data)
    sdTaskHandle                             0x200002bc   Data           4  freertos.o(.data)
    saveTaskHandle                           0x200002c0   Data           4  freertos.o(.data)
    sdCmdQueueHandle                         0x200002c4   Data           4  freertos.o(.data)
    rx1QueueHandle                           0x200002c8   Data           4  freertos.o(.data)
    rx2QueueHandle                           0x200002cc   Data           4  freertos.o(.data)
    printMutexHandle                         0x200002d0   Data           4  freertos.o(.data)
    rtcMutexHandle                           0x200002d4   Data           4  freertos.o(.data)
    aRx1Buffer                               0x200002d8   Data           1  usart.o(.data)
    aRx2Buffer                               0x200002d9   Data           1  usart.o(.data)
    rx1SForQueue                             0x200002dc   Data           4  usart.o(.data)
    rx2SForQueue                             0x200002e0   Data           4  usart.o(.data)
    RTC_DateStruct                           0x200002e4   Data           4  rtc.o(.data)
    retSD                                    0x200002f0   Data           1  fatfs.o(.data)
    SDPath                                   0x200002f1   Data           4  fatfs.o(.data)
    uwTickFreq                               0x200002f8   Data           1  stm32l4xx_hal.o(.data)
    uwTickPrio                               0x200002fc   Data           4  stm32l4xx_hal.o(.data)
    uwTick                                   0x20000300   Data           4  stm32l4xx_hal.o(.data)
    SystemCoreClock                          0x20000304   Data           4  system_stm32l4xx.o(.data)
    pxCurrentTCB                             0x20000310   Data           4  tasks.o(.data)
    __aeabi_stdin                            0x20000378   Data           4  stdio_streams.o(.data)
    __aeabi_stdout                           0x2000037c   Data           4  stdio_streams.o(.data)
    __aeabi_stderr                           0x20000380   Data           4  stdio_streams.o(.data)
    fs                                       0x20000608   Data         568  sdtask.o(.bss)
    rx1S                                     0x20000a94   Data         258  usart.o(.bss)
    rx2S                                     0x20000b96   Data         258  usart.o(.bss)
    hlpuart1                                 0x20000c98   Data         148  usart.o(.bss)
    huart2                                   0x20000d2c   Data         148  usart.o(.bss)
    RTC_TimeStruct                           0x20000dc0   Data          20  rtc.o(.bss)
    hrtc                                     0x20000dd4   Data          52  rtc.o(.bss)
    hsd2                                     0x20000e08   Data         128  sdmmc.o(.bss)
    htim1                                    0x20000e88   Data          76  stm32l4xx_hal_timebase_tim.o(.bss)
    disk                                     0x20000ef4   Data          12  ff_gen_drv.o(.bss)
    xQueueRegistry                           0x20000f00   Data          64  queue.o(.bss)
    __stdin                                  0x20004c30   Data          84  stdio_streams.o(.bss)
    __stdout                                 0x20004c84   Data          84  stdio_streams.o(.bss)
    __stderr                                 0x20004cd8   Data          84  stdio_streams.o(.bss)
    __libspace_start                         0x20004d2c   Data          96  libspace.o(.bss)
    __temporary_stack_top$libspace           0x20004d8c   Data           0  libspace.o(.bss)



==============================================================================

Memory Map of the image

  Image Entry point : 0x080001bd

  Load Region LR_IROM1 (Base: 0x08000000, Size: 0x0003a02c, Max: 0x00080000, ABSOLUTE, COMPRESSED[0x00039ccc])

    Execution Region ER_IROM1 (Exec base: 0x08000000, Load base: 0x08000000, Size: 0x00039ca8, Max: 0x00080000, ABSOLUTE)

    Exec Addr    Load Addr    Size         Type   Attr      Idx    E Section Name        Object

    0x08000000   0x08000000   0x000001bc   Data   RO            3    RESET               startup_stm32l4p5xx.o
    0x080001bc   0x080001bc   0x00000008   Code   RO         8294  * !!!main             c_w.l(__main.o)
    0x080001c4   0x080001c4   0x00000034   Code   RO         8761    !!!scatter          c_w.l(__scatter.o)
    0x080001f8   0x080001f8   0x0000005a   Code   RO         8759    !!dczerorl2         c_w.l(__dczerorl2.o)
    0x08000252   0x08000252   0x00000002   PAD
    0x08000254   0x08000254   0x0000001c   Code   RO         8763    !!handler_zi        c_w.l(__scatter_zi.o)
    0x08000270   0x08000270   0x00000000   Code   RO         8267    .ARM.Collect$$_printf_percent$$00000000  c_w.l(_printf_percent.o)
    0x08000270   0x08000270   0x00000006   Code   RO         8266    .ARM.Collect$$_printf_percent$$00000005  c_w.l(_printf_g.o)
    0x08000276   0x08000276   0x00000006   Code   RO         8264    .ARM.Collect$$_printf_percent$$00000009  c_w.l(_printf_d.o)
    0x0800027c   0x0800027c   0x00000006   Code   RO         8265    .ARM.Collect$$_printf_percent$$0000000A  c_w.l(_printf_u.o)
    0x08000282   0x08000282   0x00000006   Code   RO         8262    .ARM.Collect$$_printf_percent$$0000000C  c_w.l(_printf_x.o)
    0x08000288   0x08000288   0x00000006   Code   RO         8261    .ARM.Collect$$_printf_percent$$00000014  c_w.l(_printf_s.o)
    0x0800028e   0x0800028e   0x00000004   Code   RO         8386    .ARM.Collect$$_printf_percent$$00000017  c_w.l(_printf_percent_end.o)
    0x08000292   0x08000292   0x00000002   Code   RO         8633    .ARM.Collect$$libinit$$00000000  c_w.l(libinit.o)
    0x08000294   0x08000294   0x00000004   Code   RO         8403    .ARM.Collect$$libinit$$00000001  c_w.l(libinit2.o)
    0x08000298   0x08000298   0x00000000   Code   RO         8406    .ARM.Collect$$libinit$$00000004  c_w.l(libinit2.o)
    0x08000298   0x08000298   0x00000008   Code   RO         8407    .ARM.Collect$$libinit$$00000005  c_w.l(libinit2.o)
    0x080002a0   0x080002a0   0x00000000   Code   RO         8409    .ARM.Collect$$libinit$$0000000A  c_w.l(libinit2.o)
    0x080002a0   0x080002a0   0x00000000   Code   RO         8411    .ARM.Collect$$libinit$$0000000C  c_w.l(libinit2.o)
    0x080002a0   0x080002a0   0x00000000   Code   RO         8413    .ARM.Collect$$libinit$$0000000E  c_w.l(libinit2.o)
    0x080002a0   0x080002a0   0x00000006   Code   RO         8414    .ARM.Collect$$libinit$$0000000F  c_w.l(libinit2.o)
    0x080002a6   0x080002a6   0x00000000   Code   RO         8416    .ARM.Collect$$libinit$$00000011  c_w.l(libinit2.o)
    0x080002a6   0x080002a6   0x0000000c   Code   RO         8417    .ARM.Collect$$libinit$$00000012  c_w.l(libinit2.o)
    0x080002b2   0x080002b2   0x00000000   Code   RO         8418    .ARM.Collect$$libinit$$00000013  c_w.l(libinit2.o)
    0x080002b2   0x080002b2   0x00000000   Code   RO         8420    .ARM.Collect$$libinit$$00000015  c_w.l(libinit2.o)
    0x080002b2   0x080002b2   0x0000000a   Code   RO         8421    .ARM.Collect$$libinit$$00000016  c_w.l(libinit2.o)
    0x080002bc   0x080002bc   0x00000000   Code   RO         8422    .ARM.Collect$$libinit$$00000017  c_w.l(libinit2.o)
    0x080002bc   0x080002bc   0x00000000   Code   RO         8424    .ARM.Collect$$libinit$$00000019  c_w.l(libinit2.o)
    0x080002bc   0x080002bc   0x00000000   Code   RO         8426    .ARM.Collect$$libinit$$0000001B  c_w.l(libinit2.o)
    0x080002bc   0x080002bc   0x00000000   Code   RO         8428    .ARM.Collect$$libinit$$0000001D  c_w.l(libinit2.o)
    0x080002bc   0x080002bc   0x00000000   Code   RO         8430    .ARM.Collect$$libinit$$0000001F  c_w.l(libinit2.o)
    0x080002bc   0x080002bc   0x00000000   Code   RO         8432    .ARM.Collect$$libinit$$00000021  c_w.l(libinit2.o)
    0x080002bc   0x080002bc   0x00000000   Code   RO         8434    .ARM.Collect$$libinit$$00000023  c_w.l(libinit2.o)
    0x080002bc   0x080002bc   0x00000004   Code   RO         8435    .ARM.Collect$$libinit$$00000024  c_w.l(libinit2.o)
    0x080002c0   0x080002c0   0x00000000   Code   RO         8436    .ARM.Collect$$libinit$$00000025  c_w.l(libinit2.o)
    0x080002c0   0x080002c0   0x00000000   Code   RO         8440    .ARM.Collect$$libinit$$0000002C  c_w.l(libinit2.o)
    0x080002c0   0x080002c0   0x00000000   Code   RO         8442    .ARM.Collect$$libinit$$0000002E  c_w.l(libinit2.o)
    0x080002c0   0x080002c0   0x00000000   Code   RO         8444    .ARM.Collect$$libinit$$00000030  c_w.l(libinit2.o)
    0x080002c0   0x080002c0   0x00000000   Code   RO         8446    .ARM.Collect$$libinit$$00000032  c_w.l(libinit2.o)
    0x080002c0   0x080002c0   0x00000002   Code   RO         8447    .ARM.Collect$$libinit$$00000033  c_w.l(libinit2.o)
    0x080002c2   0x080002c2   0x00000002   Code   RO         8746    .ARM.Collect$$libshutdown$$00000000  c_w.l(libshutdown.o)
    0x080002c4   0x080002c4   0x00000000   Code   RO         8635    .ARM.Collect$$libshutdown$$00000002  c_w.l(libshutdown2.o)
    0x080002c4   0x080002c4   0x00000000   Code   RO         8637    .ARM.Collect$$libshutdown$$00000004  c_w.l(libshutdown2.o)
    0x080002c4   0x080002c4   0x00000004   Code   RO         8638    .ARM.Collect$$libshutdown$$00000005  c_w.l(libshutdown2.o)
    0x080002c8   0x080002c8   0x00000000   Code   RO         8639    .ARM.Collect$$libshutdown$$00000006  c_w.l(libshutdown2.o)
    0x080002c8   0x080002c8   0x00000000   Code   RO         8642    .ARM.Collect$$libshutdown$$00000009  c_w.l(libshutdown2.o)
    0x080002c8   0x080002c8   0x00000000   Code   RO         8645    .ARM.Collect$$libshutdown$$0000000C  c_w.l(libshutdown2.o)
    0x080002c8   0x080002c8   0x00000000   Code   RO         8647    .ARM.Collect$$libshutdown$$0000000E  c_w.l(libshutdown2.o)
    0x080002c8   0x080002c8   0x00000000   Code   RO         8650    .ARM.Collect$$libshutdown$$00000011  c_w.l(libshutdown2.o)
    0x080002c8   0x080002c8   0x00000002   Code   RO         8651    .ARM.Collect$$libshutdown$$00000012  c_w.l(libshutdown2.o)
    0x080002ca   0x080002ca   0x00000000   Code   RO         8340    .ARM.Collect$$rtentry$$00000000  c_w.l(__rtentry.o)
    0x080002ca   0x080002ca   0x00000000   Code   RO         8463    .ARM.Collect$$rtentry$$00000002  c_w.l(__rtentry2.o)
    0x080002ca   0x080002ca   0x00000006   Code   RO         8475    .ARM.Collect$$rtentry$$00000004  c_w.l(__rtentry4.o)
    0x080002d0   0x080002d0   0x00000000   Code   RO         8465    .ARM.Collect$$rtentry$$00000009  c_w.l(__rtentry2.o)
    0x080002d0   0x080002d0   0x00000004   Code   RO         8466    .ARM.Collect$$rtentry$$0000000A  c_w.l(__rtentry2.o)
    0x080002d4   0x080002d4   0x00000000   Code   RO         8468    .ARM.Collect$$rtentry$$0000000C  c_w.l(__rtentry2.o)
    0x080002d4   0x080002d4   0x00000008   Code   RO         8469    .ARM.Collect$$rtentry$$0000000D  c_w.l(__rtentry2.o)
    0x080002dc   0x080002dc   0x00000002   Code   RO         8662    .ARM.Collect$$rtexit$$00000000  c_w.l(rtexit.o)
    0x080002de   0x080002de   0x00000000   Code   RO         8705    .ARM.Collect$$rtexit$$00000002  c_w.l(rtexit2.o)
    0x080002de   0x080002de   0x00000004   Code   RO         8706    .ARM.Collect$$rtexit$$00000003  c_w.l(rtexit2.o)
    0x080002e2   0x080002e2   0x00000006   Code   RO         8707    .ARM.Collect$$rtexit$$00000004  c_w.l(rtexit2.o)
    0x080002e8   0x080002e8   0x000000de   Code   RO         8049    .emb_text           port.o
    0x080003c6   0x080003c6   0x00000002   PAD
    0x080003c8   0x080003c8   0x00000000   Code   RO         8491    .emb_text           c_w.l(maybetermalloc1.o)
    0x080003c8   0x080003c8   0x00000040   Code   RO            4    .text               startup_stm32l4p5xx.o
    0x08000408   0x08000408   0x0000005e   Code   RO         8134    .text               c_w.l(h1_alloc.o)
    0x08000466   0x08000466   0x0000004e   Code   RO         8136    .text               c_w.l(h1_free.o)
    0x080004b4   0x080004b4   0x000000b8   Code   RO         8138    .text               c_w.l(h1_realloc.o)
    0x0800056c   0x0800056c   0x000000ee   Code   RO         8196    .text               c_w.l(lludivv7m.o)
    0x0800065a   0x0800065a   0x0000001a   Code   RO         8198    .text               c_w.l(tolower.o)
    0x08000674   0x08000674   0x00000018   Code   RO         8200    .text               c_w.l(__2printf.o)
    0x0800068c   0x0800068c   0x0000002c   Code   RO         8202    .text               c_w.l(__2sprintf.o)
    0x080006b8   0x080006b8   0x00000038   Code   RO         8204    .text               c_w.l(__2snprintf.o)
    0x080006f0   0x080006f0   0x0000004e   Code   RO         8214    .text               c_w.l(_printf_pad.o)
    0x0800073e   0x0800073e   0x00000052   Code   RO         8216    .text               c_w.l(_printf_str.o)
    0x08000790   0x08000790   0x00000078   Code   RO         8218    .text               c_w.l(_printf_dec.o)
    0x08000808   0x08000808   0x00000058   Code   RO         8223    .text               c_w.l(_printf_hex_int.o)
    0x08000860   0x08000860   0x0000018e   Code   RO         8258    .text               c_w.l(__printf_flags_ss_wp.o)
    0x080009ee   0x080009ee   0x00000002   PAD
    0x080009f0   0x080009f0   0x0000003c   Code   RO         8268    .text               c_w.l(__0sscanf.o)
    0x08000a2c   0x08000a2c   0x00000048   Code   RO         8270    .text               c_w.l(strcpy.o)
    0x08000a74   0x08000a74   0x0000003e   Code   RO         8274    .text               c_w.l(strlen.o)
    0x08000ab2   0x08000ab2   0x00000096   Code   RO         8276    .text               c_w.l(strncmp.o)
    0x08000b48   0x08000b48   0x0000008a   Code   RO         8280    .text               c_w.l(rt_memcpy_v6.o)
    0x08000bd2   0x08000bd2   0x00000064   Code   RO         8282    .text               c_w.l(rt_memcpy_w.o)
    0x08000c36   0x08000c36   0x00000044   Code   RO         8286    .text               c_w.l(rt_memclr.o)
    0x08000c7a   0x08000c7a   0x0000004e   Code   RO         8288    .text               c_w.l(rt_memclr_w.o)
    0x08000cc8   0x08000cc8   0x00000080   Code   RO         8290    .text               c_w.l(strcmpv7m.o)
    0x08000d48   0x08000d48   0x00000006   Code   RO         8292    .text               c_w.l(heapauxi.o)
    0x08000d4e   0x08000d4e   0x00000002   PAD
    0x08000d50   0x08000d50   0x00000010   Code   RO         8341    .text               c_w.l(rt_ctype_table.o)
    0x08000d60   0x08000d60   0x00000008   Code   RO         8350    .text               c_w.l(rt_heap_descriptor_intlibspace.o)
    0x08000d68   0x08000d68   0x00000004   Code   RO         8352    .text               c_w.l(hguard.o)
    0x08000d6c   0x08000d6c   0x0000008a   Code   RO         8354    .text               c_w.l(init_alloc.o)
    0x08000df6   0x08000df6   0x0000000e   Code   RO         8358    .text               c_w.l(h1_init.o)
    0x08000e04   0x08000e04   0x000000b2   Code   RO         8372    .text               c_w.l(_printf_intcommon.o)
    0x08000eb6   0x08000eb6   0x00000424   Code   RO         8374    .text               c_w.l(_printf_fp_dec.o)
    0x080012da   0x080012da   0x00000002   PAD
    0x080012dc   0x080012dc   0x00000030   Code   RO         8376    .text               c_w.l(_printf_char_common.o)
    0x0800130c   0x0800130c   0x0000000a   Code   RO         8378    .text               c_w.l(_sputc.o)
    0x08001316   0x08001316   0x00000010   Code   RO         8380    .text               c_w.l(_snputc.o)
    0x08001326   0x08001326   0x0000002c   Code   RO         8382    .text               c_w.l(_printf_char.o)
    0x08001352   0x08001352   0x00000002   PAD
    0x08001354   0x08001354   0x00000024   Code   RO         8384    .text               c_w.l(_printf_char_file.o)
    0x08001378   0x08001378   0x00000508   Code   RO         8387    .text               c_w.l(scanf_fp.o)
    0x08001880   0x08001880   0x0000002c   Code   RO         8389    .text               c_w.l(scanf_char.o)
    0x080018ac   0x080018ac   0x00000040   Code   RO         8391    .text               c_w.l(_sgetc.o)
    0x080018ec   0x080018ec   0x000000a4   Code   RO         8393    .text               c_w.l(strtod.o)
    0x08001990   0x08001990   0x00000008   Code   RO         8459    .text               c_w.l(libspace.o)
    0x08001998   0x08001998   0x00000008   Code   RO         8482    .text               c_w.l(rt_locale_intlibspace.o)
    0x080019a0   0x080019a0   0x00000008   Code   RO         8487    .text               c_w.l(rt_errno_addr_intlibspace.o)
    0x080019a8   0x080019a8   0x00000034   Code   RO         8493    .text               c_w.l(h1_extend.o)
    0x080019dc   0x080019dc   0x0000008a   Code   RO         8497    .text               c_w.l(lludiv10.o)
    0x08001a66   0x08001a66   0x00000012   Code   RO         8499    .text               c_w.l(isspace.o)
    0x08001a78   0x08001a78   0x00000080   Code   RO         8501    .text               c_w.l(_printf_fp_infnan.o)
    0x08001af8   0x08001af8   0x0000037a   Code   RO         8505    .text               c_w.l(_scanf.o)
    0x08001e72   0x08001e72   0x00000002   PAD
    0x08001e74   0x08001e74   0x000000e4   Code   RO         8507    .text               c_w.l(bigflt0.o)
    0x08001f58   0x08001f58   0x00000008   Code   RO         8532    .text               c_w.l(ferror.o)
    0x08001f60   0x08001f60   0x00000138   Code   RO         8534    .text               c_w.l(initio.o)
    0x08002098   0x08002098   0x0000000e   Code   RO         8546    .text               c_w.l(defsig_rtmem_outer.o)
    0x080020a6   0x080020a6   0x00000066   Code   RO         8579    .text               c_w.l(sys_io.o)
    0x0800210c   0x0800210c   0x00000002   Code   RO         8584    .text               c_w.l(use_no_semi.o)
    0x0800210e   0x0800210e   0x00000000   Code   RO         8586    .text               c_w.l(indicate_semi.o)
    0x0800210e   0x0800210e   0x0000004a   Code   RO         8587    .text               c_w.l(sys_stackheap_outer.o)
    0x08002158   0x08002158   0x00000016   Code   RO         8593    .text               c_w.l(_rserrno.o)
    0x0800216e   0x0800216e   0x00000002   PAD
    0x08002170   0x08002170   0x00000326   Code   RO         8595    .text               c_w.l(scanf_hexfp.o)
    0x08002496   0x08002496   0x00000002   PAD
    0x08002498   0x08002498   0x0000013a   Code   RO         8597    .text               c_w.l(scanf_infnan.o)
    0x080025d2   0x080025d2   0x00000046   Code   RO         8599    .text               c_w.l(setvbuf.o)
    0x08002618   0x08002618   0x000000ec   Code   RO         8602    .text               c_w.l(fopen.o)
    0x08002704   0x08002704   0x0000004c   Code   RO         8604    .text               c_w.l(fclose.o)
    0x08002750   0x08002750   0x00000012   Code   RO         8610    .text               c_w.l(exit.o)
    0x08002762   0x08002762   0x0000000a   Code   RO         8612    .text               c_w.l(defsig_exit.o)
    0x0800276c   0x0800276c   0x0000000e   Code   RO         8618    .text               c_w.l(defsig_rtred_outer.o)
    0x0800277a   0x0800277a   0x00000002   PAD
    0x0800277c   0x0800277c   0x00000050   Code   RO         8622    .text               c_w.l(defsig_rtmem_inner.o)
    0x080027cc   0x080027cc   0x0000000c   Code   RO         8660    .text               c_w.l(sys_exit.o)
    0x080027d8   0x080027d8   0x00000026   Code   RO         8668    .text               c_w.l(llshl.o)
    0x080027fe   0x080027fe   0x0000001c   Code   RO         8670    .text               c_w.l(_chval.o)
    0x0800281a   0x0800281a   0x00000002   PAD
    0x0800281c   0x0800281c   0x000000f8   Code   RO         8672    .text               c_w.l(fseek.o)
    0x08002914   0x08002914   0x000000f0   Code   RO         8674    .text               c_w.l(stdio.o)
    0x08002a04   0x08002a04   0x00000032   Code   RO         8678    .text               c_w.l(defsig_general.o)
    0x08002a36   0x08002a36   0x00000002   PAD
    0x08002a38   0x08002a38   0x00000034   Code   RO         8682    .text               c_w.l(defsig_rtred_inner.o)
    0x08002a6c   0x08002a6c   0x0000000e   Code   RO         8702    .text               c_w.l(sys_wrch.o)
    0x08002a7a   0x08002a7a   0x00000042   Code   RO         8711    .text               c_w.l(ftell.o)
    0x08002abc   0x08002abc   0x0000003e   Code   RO         8510    CL$$btod_d2e        c_w.l(btod.o)
    0x08002afa   0x08002afa   0x00000046   Code   RO         8512    CL$$btod_d2e_denorm_low  c_w.l(btod.o)
    0x08002b40   0x08002b40   0x00000060   Code   RO         8511    CL$$btod_d2e_norm_op1  c_w.l(btod.o)
    0x08002ba0   0x08002ba0   0x00000338   Code   RO         8520    CL$$btod_div_common  c_w.l(btod.o)
    0x08002ed8   0x08002ed8   0x00000084   Code   RO         8518    CL$$btod_e2d        c_w.l(btod.o)
    0x08002f5c   0x08002f5c   0x000000dc   Code   RO         8517    CL$$btod_e2e        c_w.l(btod.o)
    0x08003038   0x08003038   0x0000002a   Code   RO         8514    CL$$btod_ediv       c_w.l(btod.o)
    0x08003062   0x08003062   0x0000002a   Code   RO         8516    CL$$btod_edivd      c_w.l(btod.o)
    0x0800308c   0x0800308c   0x0000002a   Code   RO         8513    CL$$btod_emul       c_w.l(btod.o)
    0x080030b6   0x080030b6   0x0000002a   Code   RO         8515    CL$$btod_emuld      c_w.l(btod.o)
    0x080030e0   0x080030e0   0x00000244   Code   RO         8519    CL$$btod_mult_common  c_w.l(btod.o)
    0x08003324   0x08003324   0x00000018   Code   RO         1891    i.BSP_PlatformIsDetected  fatfs_platform.o
    0x0800333c   0x0800333c   0x0000000c   Code   RO         1695    i.BSP_SD_GetCardInfo  bsp_driver_sd.o
    0x08003348   0x08003348   0x00000018   Code   RO         1696    i.BSP_SD_GetCardState  bsp_driver_sd.o
    0x08003360   0x08003360   0x00000030   Code   RO         1698    i.BSP_SD_Init       bsp_driver_sd.o
    0x08003390   0x08003390   0x0000001a   Code   RO         1699    i.BSP_SD_IsDetected  bsp_driver_sd.o
    0x080033aa   0x080033aa   0x00000002   PAD
    0x080033ac   0x080033ac   0x0000001c   Code   RO         1701    i.BSP_SD_ReadBlocks_DMA  bsp_driver_sd.o
    0x080033c8   0x080033c8   0x00000010   Code   RO         1813    i.BSP_SD_ReadCpltCallback  sd_diskio.o
    0x080033d8   0x080033d8   0x0000001c   Code   RO         1704    i.BSP_SD_WriteBlocks_DMA  bsp_driver_sd.o
    0x080033f4   0x080033f4   0x00000010   Code   RO         1814    i.BSP_SD_WriteCpltCallback  sd_diskio.o
    0x08003404   0x08003404   0x00000002   Code   RO         1547    i.BusFault_Handler  stm32l4xx_it.o
    0x08003406   0x08003406   0x00000002   PAD
    0x08003408   0x08003408   0x00000118   Code   RO          839    i.CMDTask           cmd.o
    0x08003520   0x08003520   0x00000062   Code   RO         1432    i.CharToDec         rtc.o
    0x08003582   0x08003582   0x00000030   Code   RO         1434    i.Date_write_BKP    rtc.o
    0x080035b2   0x080035b2   0x00000002   Code   RO         1548    i.DebugMon_Handler  stm32l4xx_it.o
    0x080035b4   0x080035b4   0x00000004   Code   RO         1230    i.Error_Handler     main.o
    0x080035b8   0x080035b8   0x00000006   Code   RO         6688    i.FATFS_LinkDriver  ff_gen_drv.o
    0x080035be   0x080035be   0x00000002   PAD
    0x080035c0   0x080035c0   0x00000040   Code   RO         6689    i.FATFS_LinkDriverEx  ff_gen_drv.o
    0x08003600   0x08003600   0x0000006c   Code   RO         3836    i.HAL_DMA_Abort     stm32l4xx_hal_dma.o
    0x0800366c   0x0800366c   0x00000070   Code   RO         3837    i.HAL_DMA_Abort_IT  stm32l4xx_hal_dma.o
    0x080036dc   0x080036dc   0x00000024   Code   RO         2961    i.HAL_Delay         stm32l4xx_hal.o
    0x08003700   0x08003700   0x00000256   Code   RO         3734    i.HAL_GPIO_Init     stm32l4xx_hal_gpio.o
    0x08003956   0x08003956   0x0000000a   Code   RO         3736    i.HAL_GPIO_ReadPin  stm32l4xx_hal_gpio.o
    0x08003960   0x08003960   0x00000010   Code   RO         3737    i.HAL_GPIO_TogglePin  stm32l4xx_hal_gpio.o
    0x08003970   0x08003970   0x0000000a   Code   RO         3738    i.HAL_GPIO_WritePin  stm32l4xx_hal_gpio.o
    0x0800397a   0x0800397a   0x00000002   PAD
    0x0800397c   0x0800397c   0x0000000c   Code   RO         2965    i.HAL_GetTick       stm32l4xx_hal.o
    0x08003988   0x08003988   0x00000010   Code   RO         2971    i.HAL_IncTick       stm32l4xx_hal.o
    0x08003998   0x08003998   0x0000001e   Code   RO         2972    i.HAL_Init          stm32l4xx_hal.o
    0x080039b6   0x080039b6   0x00000002   PAD
    0x080039b8   0x080039b8   0x0000008c   Code   RO         1653    i.HAL_InitTick      stm32l4xx_hal_timebase_tim.o
    0x08003a44   0x08003a44   0x00000034   Code   RO         1629    i.HAL_MspInit       stm32l4xx_hal_msp.o
    0x08003a78   0x08003a78   0x0000001a   Code   RO         4395    i.HAL_NVIC_EnableIRQ  stm32l4xx_hal_cortex.o
    0x08003a92   0x08003a92   0x00000002   PAD
    0x08003a94   0x08003a94   0x00000040   Code   RO         4401    i.HAL_NVIC_SetPriority  stm32l4xx_hal_cortex.o
    0x08003ad4   0x08003ad4   0x00000024   Code   RO         4402    i.HAL_NVIC_SetPriorityGrouping  stm32l4xx_hal_cortex.o
    0x08003af8   0x08003af8   0x00000024   Code   RO         4403    i.HAL_NVIC_SystemReset  stm32l4xx_hal_cortex.o
    0x08003b1c   0x08003b1c   0x000000bc   Code   RO         4101    i.HAL_PWREx_ControlVoltageScaling  stm32l4xx_hal_pwr_ex.o
    0x08003bd8   0x08003bd8   0x00000028   Code   RO         4138    i.HAL_PWREx_GetVoltageRange  stm32l4xx_hal_pwr_ex.o
    0x08003c00   0x08003c00   0x00000010   Code   RO         3993    i.HAL_PWR_EnableBkUpAccess  stm32l4xx_hal_pwr.o
    0x08003c10   0x08003c10   0x00000456   Code   RO         3321    i.HAL_RCCEx_GetPeriphCLKFreq  stm32l4xx_hal_rcc_ex.o
    0x08004066   0x08004066   0x00000002   PAD
    0x08004068   0x08004068   0x0000046c   Code   RO         3325    i.HAL_RCCEx_PeriphCLKConfig  stm32l4xx_hal_rcc_ex.o
    0x080044d4   0x080044d4   0x00000198   Code   RO         3189    i.HAL_RCC_ClockConfig  stm32l4xx_hal_rcc.o
    0x0800466c   0x0800466c   0x00000040   Code   RO         3192    i.HAL_RCC_GetClockConfig  stm32l4xx_hal_rcc.o
    0x080046ac   0x080046ac   0x00000024   Code   RO         3195    i.HAL_RCC_GetPCLK1Freq  stm32l4xx_hal_rcc.o
    0x080046d0   0x080046d0   0x00000024   Code   RO         3196    i.HAL_RCC_GetPCLK2Freq  stm32l4xx_hal_rcc.o
    0x080046f4   0x080046f4   0x000000a4   Code   RO         3198    i.HAL_RCC_GetSysClockFreq  stm32l4xx_hal_rcc.o
    0x08004798   0x08004798   0x000005e0   Code   RO         3201    i.HAL_RCC_OscConfig  stm32l4xx_hal_rcc.o
    0x08004d78   0x08004d78   0x00000010   Code   RO         5319    i.HAL_RTCEx_BKUPRead  stm32l4xx_hal_rtc_ex.o
    0x08004d88   0x08004d88   0x00000016   Code   RO         5320    i.HAL_RTCEx_BKUPWrite  stm32l4xx_hal_rtc_ex.o
    0x08004d9e   0x08004d9e   0x00000002   PAD
    0x08004da0   0x08004da0   0x00000048   Code   RO         5155    i.HAL_RTC_GetDate   stm32l4xx_hal_rtc.o
    0x08004de8   0x08004de8   0x00000068   Code   RO         5157    i.HAL_RTC_GetTime   stm32l4xx_hal_rtc.o
    0x08004e50   0x08004e50   0x000000d4   Code   RO         5158    i.HAL_RTC_Init      stm32l4xx_hal_rtc.o
    0x08004f24   0x08004f24   0x00000058   Code   RO         1436    i.HAL_RTC_MspInit   rtc.o
    0x08004f7c   0x08004f7c   0x000000a4   Code   RO         5164    i.HAL_RTC_SetDate   stm32l4xx_hal_rtc.o
    0x08005020   0x08005020   0x000000d8   Code   RO         5165    i.HAL_RTC_SetTime   stm32l4xx_hal_rtc.o
    0x080050f8   0x080050f8   0x00000036   Code   RO         5166    i.HAL_RTC_WaitForSynchro  stm32l4xx_hal_rtc.o
    0x0800512e   0x0800512e   0x00000002   Code   RO         6116    i.HAL_SDEx_DriveTransceiver_1_8V_Callback  stm32l4xx_hal_sd_ex.o
    0x08005130   0x08005130   0x00000002   Code   RO         6119    i.HAL_SDEx_Read_DMADoubleBuffer0CpltCallback  stm32l4xx_hal_sd_ex.o
    0x08005132   0x08005132   0x00000002   Code   RO         6120    i.HAL_SDEx_Read_DMADoubleBuffer1CpltCallback  stm32l4xx_hal_sd_ex.o
    0x08005134   0x08005134   0x00000002   Code   RO         6122    i.HAL_SDEx_Write_DMADoubleBuffer0CpltCallback  stm32l4xx_hal_sd_ex.o
    0x08005136   0x08005136   0x00000002   Code   RO         6123    i.HAL_SDEx_Write_DMADoubleBuffer1CpltCallback  stm32l4xx_hal_sd_ex.o
    0x08005138   0x08005138   0x00000192   Code   RO         5896    i.HAL_SD_ConfigWideBusOperation  stm32l4xx_hal_sd.o
    0x080052ca   0x080052ca   0x00000002   Code   RO         5899    i.HAL_SD_ErrorCallback  stm32l4xx_hal_sd.o
    0x080052cc   0x080052cc   0x00000198   Code   RO         5901    i.HAL_SD_GetCardCSD  stm32l4xx_hal_sd.o
    0x08005464   0x08005464   0x00000024   Code   RO         5902    i.HAL_SD_GetCardInfo  stm32l4xx_hal_sd.o
    0x08005488   0x08005488   0x0000002c   Code   RO         5903    i.HAL_SD_GetCardState  stm32l4xx_hal_sd.o
    0x080054b4   0x080054b4   0x000000bc   Code   RO         5904    i.HAL_SD_GetCardStatus  stm32l4xx_hal_sd.o
    0x08005570   0x08005570   0x00000250   Code   RO         5907    i.HAL_SD_IRQHandler  stm32l4xx_hal_sd.o
    0x080057c0   0x080057c0   0x000000a8   Code   RO         5908    i.HAL_SD_Init       stm32l4xx_hal_sd.o
    0x08005868   0x08005868   0x000000c2   Code   RO         5909    i.HAL_SD_InitCard   stm32l4xx_hal_sd.o
    0x0800592a   0x0800592a   0x00000002   PAD
    0x0800592c   0x0800592c   0x000000c8   Code   RO         1506    i.HAL_SD_MspInit    sdmmc.o
    0x080059f4   0x080059f4   0x000000d4   Code   RO         5913    i.HAL_SD_ReadBlocks_DMA  stm32l4xx_hal_sd.o
    0x08005ac8   0x08005ac8   0x00000008   Code   RO         1707    i.HAL_SD_RxCpltCallback  bsp_driver_sd.o
    0x08005ad0   0x08005ad0   0x00000008   Code   RO         1708    i.HAL_SD_TxCpltCallback  bsp_driver_sd.o
    0x08005ad8   0x08005ad8   0x000000d4   Code   RO         5918    i.HAL_SD_WriteBlocks_DMA  stm32l4xx_hal_sd.o
    0x08005bac   0x08005bac   0x00000002   Code   RO         2669    i.HAL_TIMEx_Break2Callback  stm32l4xx_hal_tim_ex.o
    0x08005bae   0x08005bae   0x00000002   Code   RO         2670    i.HAL_TIMEx_BreakCallback  stm32l4xx_hal_tim_ex.o
    0x08005bb0   0x08005bb0   0x00000002   Code   RO         2671    i.HAL_TIMEx_CommutCallback  stm32l4xx_hal_tim_ex.o
    0x08005bb2   0x08005bb2   0x00000062   Code   RO         1955    i.HAL_TIM_Base_Init  stm32l4xx_hal_tim.o
    0x08005c14   0x08005c14   0x00000002   Code   RO         1957    i.HAL_TIM_Base_MspInit  stm32l4xx_hal_tim.o
    0x08005c16   0x08005c16   0x00000002   PAD
    0x08005c18   0x08005c18   0x00000080   Code   RO         1960    i.HAL_TIM_Base_Start_IT  stm32l4xx_hal_tim.o
    0x08005c98   0x08005c98   0x00000002   Code   RO         1989    i.HAL_TIM_IC_CaptureCallback  stm32l4xx_hal_tim.o
    0x08005c9a   0x08005c9a   0x0000014a   Code   RO         2003    i.HAL_TIM_IRQHandler  stm32l4xx_hal_tim.o
    0x08005de4   0x08005de4   0x00000002   Code   RO         2006    i.HAL_TIM_OC_DelayElapsedCallback  stm32l4xx_hal_tim.o
    0x08005de6   0x08005de6   0x00000002   Code   RO         2033    i.HAL_TIM_PWM_PulseFinishedCallback  stm32l4xx_hal_tim.o
    0x08005de8   0x08005de8   0x00000014   Code   RO         1231    i.HAL_TIM_PeriodElapsedCallback  main.o
    0x08005dfc   0x08005dfc   0x00000002   Code   RO         2046    i.HAL_TIM_TriggerCallback  stm32l4xx_hal_tim.o
    0x08005dfe   0x08005dfe   0x0000003e   Code   RO         5027    i.HAL_UARTEx_DisableFifoMode  stm32l4xx_hal_uart_ex.o
    0x08005e3c   0x08005e3c   0x00000002   Code   RO         4616    i.HAL_UARTEx_RxEventCallback  stm32l4xx_hal_uart.o
    0x08005e3e   0x08005e3e   0x00000002   Code   RO         5035    i.HAL_UARTEx_RxFifoFullCallback  stm32l4xx_hal_uart_ex.o
    0x08005e40   0x08005e40   0x0000004c   Code   RO         5036    i.HAL_UARTEx_SetRxFifoThreshold  stm32l4xx_hal_uart_ex.o
    0x08005e8c   0x08005e8c   0x0000004c   Code   RO         5037    i.HAL_UARTEx_SetTxFifoThreshold  stm32l4xx_hal_uart_ex.o
    0x08005ed8   0x08005ed8   0x00000002   Code   RO         5039    i.HAL_UARTEx_TxFifoEmptyCallback  stm32l4xx_hal_uart_ex.o
    0x08005eda   0x08005eda   0x00000002   Code   RO         5040    i.HAL_UARTEx_WakeupCallback  stm32l4xx_hal_uart_ex.o
    0x08005edc   0x08005edc   0x00000002   Code   RO         4632    i.HAL_UART_ErrorCallback  stm32l4xx_hal_uart.o
    0x08005ede   0x08005ede   0x00000002   PAD
    0x08005ee0   0x08005ee0   0x0000031c   Code   RO         4635    i.HAL_UART_IRQHandler  stm32l4xx_hal_uart.o
    0x080061fc   0x080061fc   0x0000006a   Code   RO         4636    i.HAL_UART_Init     stm32l4xx_hal_uart.o
    0x08006266   0x08006266   0x00000002   PAD
    0x08006268   0x08006268   0x000000f8   Code   RO         1371    i.HAL_UART_MspInit  usart.o
    0x08006360   0x08006360   0x00000048   Code   RO         4641    i.HAL_UART_Receive_IT  stm32l4xx_hal_uart.o
    0x080063a8   0x080063a8   0x00000164   Code   RO         1372    i.HAL_UART_RxCpltCallback  usart.o
    0x0800650c   0x0800650c   0x000000ae   Code   RO         4645    i.HAL_UART_Transmit  stm32l4xx_hal_uart.o
    0x080065ba   0x080065ba   0x00000002   Code   RO         4648    i.HAL_UART_TxCpltCallback  stm32l4xx_hal_uart.o
    0x080065bc   0x080065bc   0x00000002   Code   RO         1549    i.HardFault_Handler  stm32l4xx_it.o
    0x080065be   0x080065be   0x00000002   PAD
    0x080065c0   0x080065c0   0x0000000c   Code   RO         1550    i.LPUART1_IRQHandler  stm32l4xx_it.o
    0x080065cc   0x080065cc   0x0000001c   Code   RO         1915    i.MX_FATFS_Init     fatfs.o
    0x080065e8   0x080065e8   0x00000110   Code   RO         1313    i.MX_FREERTOS_Init  freertos.o
    0x080066f8   0x080066f8   0x000000f4   Code   RO         1289    i.MX_GPIO_Init      gpio.o
    0x080067ec   0x080067ec   0x00000068   Code   RO         1373    i.MX_LPUART1_UART_Init  usart.o
    0x08006854   0x08006854   0x000000d0   Code   RO         1437    i.MX_RTC_Init       rtc.o
    0x08006924   0x08006924   0x00000044   Code   RO         1507    i.MX_SDMMC2_SD_Init  sdmmc.o
    0x08006968   0x08006968   0x00000068   Code   RO         1374    i.MX_USART2_UART_Init  usart.o
    0x080069d0   0x080069d0   0x00000002   Code   RO         1551    i.MemManage_Handler  stm32l4xx_it.o
    0x080069d2   0x080069d2   0x00000002   Code   RO         1552    i.NMI_Handler       stm32l4xx_it.o
    0x080069d4   0x080069d4   0x0000010c   Code   RO         3328    i.RCCEx_GetSAIxPeriphCLKFreq  stm32l4xx_hal_rcc_ex.o
    0x08006ae0   0x08006ae0   0x00000128   Code   RO         3329    i.RCCEx_PLLSAI1_Config  stm32l4xx_hal_rcc_ex.o
    0x08006c08   0x08006c08   0x00000128   Code   RO         3330    i.RCCEx_PLLSAI2_Config  stm32l4xx_hal_rcc_ex.o
    0x08006d30   0x08006d30   0x00000070   Code   RO         3202    i.RCC_GetSysClockFreqFromPLLSource  stm32l4xx_hal_rcc.o
    0x08006da0   0x08006da0   0x00000074   Code   RO         3203    i.RCC_SetFlashLatencyFromMSIRange  stm32l4xx_hal_rcc.o
    0x08006e14   0x08006e14   0x00000012   Code   RO         5167    i.RTC_Bcd2ToByte    stm32l4xx_hal_rtc.o
    0x08006e26   0x08006e26   0x00000018   Code   RO         5168    i.RTC_ByteToBcd2    stm32l4xx_hal_rtc.o
    0x08006e3e   0x08006e3e   0x00000002   PAD
    0x08006e40   0x08006e40   0x0000004a   Code   RO         5169    i.RTC_EnterInitMode  stm32l4xx_hal_rtc.o
    0x08006e8a   0x08006e8a   0x00000002   PAD
    0x08006e8c   0x08006e8c   0x00000058   Code   RO         5170    i.RTC_ExitInitMode  stm32l4xx_hal_rtc.o
    0x08006ee4   0x08006ee4   0x0000000c   Code   RO         1553    i.SDMMC2_IRQHandler  stm32l4xx_it.o
    0x08006ef0   0x08006ef0   0x00000034   Code   RO         5588    i.SDMMC_CmdAppCommand  stm32l4xx_ll_sdmmc.o
    0x08006f24   0x08006f24   0x0000002e   Code   RO         5589    i.SDMMC_CmdAppOperCommand  stm32l4xx_ll_sdmmc.o
    0x08006f52   0x08006f52   0x00000032   Code   RO         5590    i.SDMMC_CmdBlockLength  stm32l4xx_ll_sdmmc.o
    0x08006f84   0x08006f84   0x00000034   Code   RO         5591    i.SDMMC_CmdBusWidth  stm32l4xx_ll_sdmmc.o
    0x08006fb8   0x08006fb8   0x00000054   Code   RO         5595    i.SDMMC_CmdGoIdleState  stm32l4xx_ll_sdmmc.o
    0x0800700c   0x0800700c   0x00000030   Code   RO         5597    i.SDMMC_CmdOperCond  stm32l4xx_ll_sdmmc.o
    0x0800703c   0x0800703c   0x00000034   Code   RO         5598    i.SDMMC_CmdReadMultiBlock  stm32l4xx_ll_sdmmc.o
    0x08007070   0x08007070   0x00000034   Code   RO         5599    i.SDMMC_CmdReadSingleBlock  stm32l4xx_ll_sdmmc.o
    0x080070a4   0x080070a4   0x00000034   Code   RO         5602    i.SDMMC_CmdSelDesel  stm32l4xx_ll_sdmmc.o
    0x080070d8   0x080070d8   0x0000002e   Code   RO         5603    i.SDMMC_CmdSendCID  stm32l4xx_ll_sdmmc.o
    0x08007106   0x08007106   0x0000002e   Code   RO         5604    i.SDMMC_CmdSendCSD  stm32l4xx_ll_sdmmc.o
    0x08007134   0x08007134   0x00000032   Code   RO         5606    i.SDMMC_CmdSendSCR  stm32l4xx_ll_sdmmc.o
    0x08007166   0x08007166   0x00000034   Code   RO         5607    i.SDMMC_CmdSendStatus  stm32l4xx_ll_sdmmc.o
    0x0800719a   0x0800719a   0x00000032   Code   RO         5608    i.SDMMC_CmdSetRelAdd  stm32l4xx_ll_sdmmc.o
    0x080071cc   0x080071cc   0x00000032   Code   RO         5611    i.SDMMC_CmdStatusRegister  stm32l4xx_ll_sdmmc.o
    0x080071fe   0x080071fe   0x00000002   PAD
    0x08007200   0x08007200   0x0000004c   Code   RO         5612    i.SDMMC_CmdStopTransfer  stm32l4xx_ll_sdmmc.o
    0x0800724c   0x0800724c   0x00000032   Code   RO         5614    i.SDMMC_CmdVoltageSwitch  stm32l4xx_ll_sdmmc.o
    0x0800727e   0x0800727e   0x00000034   Code   RO         5615    i.SDMMC_CmdWriteMultiBlock  stm32l4xx_ll_sdmmc.o
    0x080072b2   0x080072b2   0x00000034   Code   RO         5616    i.SDMMC_CmdWriteSingleBlock  stm32l4xx_ll_sdmmc.o
    0x080072e6   0x080072e6   0x00000024   Code   RO         5617    i.SDMMC_ConfigData  stm32l4xx_ll_sdmmc.o
    0x0800730a   0x0800730a   0x00000002   PAD
    0x0800730c   0x0800730c   0x00000124   Code   RO         5618    i.SDMMC_GetCmdResp1  stm32l4xx_ll_sdmmc.o
    0x08007430   0x08007430   0x00000054   Code   RO         5619    i.SDMMC_GetCmdResp2  stm32l4xx_ll_sdmmc.o
    0x08007484   0x08007484   0x00000048   Code   RO         5620    i.SDMMC_GetCmdResp3  stm32l4xx_ll_sdmmc.o
    0x080074cc   0x080074cc   0x0000008c   Code   RO         5621    i.SDMMC_GetCmdResp6  stm32l4xx_ll_sdmmc.o
    0x08007558   0x08007558   0x00000058   Code   RO         5622    i.SDMMC_GetCmdResp7  stm32l4xx_ll_sdmmc.o
    0x080075b0   0x080075b0   0x00000008   Code   RO         5626    i.SDMMC_GetPowerState  stm32l4xx_ll_sdmmc.o
    0x080075b8   0x080075b8   0x00000006   Code   RO         5627    i.SDMMC_GetResponse  stm32l4xx_ll_sdmmc.o
    0x080075be   0x080075be   0x00000002   PAD
    0x080075c0   0x080075c0   0x00000020   Code   RO         5628    i.SDMMC_Init        stm32l4xx_ll_sdmmc.o
    0x080075e0   0x080075e0   0x00000014   Code   RO         5631    i.SDMMC_PowerState_ON  stm32l4xx_ll_sdmmc.o
    0x080075f4   0x080075f4   0x00000006   Code   RO         5632    i.SDMMC_ReadFIFO    stm32l4xx_ll_sdmmc.o
    0x080075fa   0x080075fa   0x00000002   PAD
    0x080075fc   0x080075fc   0x00000024   Code   RO         5633    i.SDMMC_SendCommand  stm32l4xx_ll_sdmmc.o
    0x08007620   0x08007620   0x0000000a   Code   RO         5635    i.SDMMC_WriteFIFO   stm32l4xx_ll_sdmmc.o
    0x0800762a   0x0800762a   0x00000002   PAD
    0x0800762c   0x0800762c   0x000000b8   Code   RO         1152    i.SDTask            sdtask.o
    0x080076e4   0x080076e4   0x00000020   Code   RO         1815    i.SD_CheckStatus    sd_diskio.o
    0x08007704   0x08007704   0x00000024   Code   RO         1816    i.SD_CheckStatusWithTimeout  sd_diskio.o
    0x08007728   0x08007728   0x000000ea   Code   RO         5921    i.SD_FindSCR        stm32l4xx_hal_sd.o
    0x08007812   0x08007812   0x000000d4   Code   RO         5923    i.SD_InitCard       stm32l4xx_hal_sd.o
    0x080078e6   0x080078e6   0x00000002   PAD
    0x080078e8   0x080078e8   0x00000156   Code   RO         5924    i.SD_PowerON        stm32l4xx_hal_sd.o
    0x08007a3e   0x08007a3e   0x00000002   PAD
    0x08007a40   0x08007a40   0x000000e8   Code   RO         5925    i.SD_SendSDStatus   stm32l4xx_hal_sd.o
    0x08007b28   0x08007b28   0x00000054   Code   RO         1817    i.SD_initialize     sd_diskio.o
    0x08007b7c   0x08007b7c   0x00000050   Code   RO         1818    i.SD_ioctl          sd_diskio.o
    0x08007bcc   0x08007bcc   0x0000006e   Code   RO         1819    i.SD_read           sd_diskio.o
    0x08007c3a   0x08007c3a   0x00000004   Code   RO         1820    i.SD_status         sd_diskio.o
    0x08007c3e   0x08007c3e   0x00000002   PAD
    0x08007c40   0x08007c40   0x0000006e   Code   RO         1821    i.SD_write          sd_diskio.o
    0x08007cae   0x08007cae   0x00000002   PAD
    0x08007cb0   0x08007cb0   0x00000150   Code   RO         1117    i.SaveTask          savetask.o
    0x08007e00   0x08007e00   0x0000001c   Code   RO         1314    i.StartDefaultTask  freertos.o
    0x08007e1c   0x08007e1c   0x0000002c   Code   RO         8050    i.SysTick_Handler   port.o
    0x08007e48   0x08007e48   0x00000090   Code   RO         1232    i.SystemClock_Config  main.o
    0x08007ed8   0x08007ed8   0x00000010   Code   RO         6229    i.SystemInit        system_stm32l4xx.o
    0x08007ee8   0x08007ee8   0x0000000c   Code   RO         1554    i.TIM1_UP_TIM16_IRQHandler  stm32l4xx_it.o
    0x08007ef4   0x08007ef4   0x000000d0   Code   RO         2048    i.TIM_Base_SetConfig  stm32l4xx_hal_tim.o
    0x08007fc4   0x08007fc4   0x00000044   Code   RO         5041    i.UARTEx_SetNbDataToProcess  stm32l4xx_hal_uart_ex.o
    0x08008008   0x08008008   0x000000c8   Code   RO         4650    i.UART_AdvFeatureConfig  stm32l4xx_hal_uart.o
    0x080080d0   0x080080d0   0x000000ac   Code   RO         4651    i.UART_CheckIdleState  stm32l4xx_hal_uart.o
    0x0800817c   0x0800817c   0x00000014   Code   RO         4652    i.UART_DMAAbortOnError  stm32l4xx_hal_uart.o
    0x08008190   0x08008190   0x00000054   Code   RO         4662    i.UART_EndRxTransfer  stm32l4xx_hal_uart.o
    0x080081e4   0x080081e4   0x000000c8   Code   RO         4664    i.UART_RxISR_16BIT  stm32l4xx_hal_uart.o
    0x080082ac   0x080082ac   0x000001a0   Code   RO         4665    i.UART_RxISR_16BIT_FIFOEN  stm32l4xx_hal_uart.o
    0x0800844c   0x0800844c   0x000000c8   Code   RO         4666    i.UART_RxISR_8BIT   stm32l4xx_hal_uart.o
    0x08008514   0x08008514   0x000001a0   Code   RO         4667    i.UART_RxISR_8BIT_FIFOEN  stm32l4xx_hal_uart.o
    0x080086b4   0x080086b4   0x00000298   Code   RO         4668    i.UART_SetConfig    stm32l4xx_hal_uart.o
    0x0800894c   0x0800894c   0x00000110   Code   RO         4670    i.UART_Start_Receive_IT  stm32l4xx_hal_uart.o
    0x08008a5c   0x08008a5c   0x00000094   Code   RO         4675    i.UART_WaitOnFlagUntilTimeout  stm32l4xx_hal_uart.o
    0x08008af0   0x08008af0   0x0000002c   Code   RO         1438    i.UISet_Date        rtc.o
    0x08008b1c   0x08008b1c   0x00000018   Code   RO         1439    i.UISet_Time        rtc.o
    0x08008b34   0x08008b34   0x0000000c   Code   RO         1555    i.USART2_IRQHandler  stm32l4xx_it.o
    0x08008b40   0x08008b40   0x00000002   Code   RO         1556    i.UsageFault_Handler  stm32l4xx_it.o
    0x08008b42   0x08008b42   0x00000030   Code   RO         8569    i.__ARM_fpclassify  m_wm.l(fpclassify.o)
    0x08008b72   0x08008b72   0x00000020   Code   RO         4408    i.__NVIC_SetPriority  stm32l4xx_hal_cortex.o
    0x08008b92   0x08008b92   0x00000006   PAD
    0x08008b98   0x08008b98   0x000000f8   Code   RO         8571    i.__hardfp___mathlib_tofloat  m_wm.l(narrow.o)
    0x08008c90   0x08008c90   0x00000014   Code   RO         8326    i.__hardfp_fabs     m_wm.l(fabs.o)
    0x08008ca4   0x08008ca4   0x00000004   PAD
    0x08008ca8   0x08008ca8   0x000000d0   Code   RO         8686    i.__hardfp_ldexp    m_wm.l(ldexp.o)
    0x08008d78   0x08008d78   0x00000028   Code   RO         8332    i.__hardfp_strtod   m_wm.l(strtod.o)
    0x08008da0   0x08008da0   0x00000020   Code   RO         8721    i.__mathlib_dbl_overflow  m_wm.l(dunder.o)
    0x08008dc0   0x08008dc0   0x00000020   Code   RO         8723    i.__mathlib_dbl_underflow  m_wm.l(dunder.o)
    0x08008de0   0x08008de0   0x00000012   Code   RO         8572    i.__mathlib_narrow  m_wm.l(narrow.o)
    0x08008df2   0x08008df2   0x00000014   Code   RO         8688    i.__support_ldexp   m_wm.l(ldexp.o)
    0x08008e06   0x08008e06   0x0000000e   Code   RO         8251    i._is_digit         c_w.l(__printf_wp.o)
    0x08008e14   0x08008e14   0x0000002a   Code   RO           10    i.add_item_to_array  cjson.o
    0x08008e3e   0x08008e3e   0x0000005a   Code   RO           11    i.add_item_to_object  cjson.o
    0x08008e98   0x08008e98   0x00000030   Code   RO           12    i.buffer_skip_whitespace  cjson.o
    0x08008ec8   0x08008ec8   0x00000030   Code   RO           22    i.cJSON_AddNumberToObject  cjson.o
    0x08008ef8   0x08008ef8   0x00000030   Code   RO           25    i.cJSON_AddStringToObject  cjson.o
    0x08008f28   0x08008f28   0x00000078   Code   RO           36    i.cJSON_CreateNumber  cjson.o
    0x08008fa0   0x08008fa0   0x00000018   Code   RO           37    i.cJSON_CreateObject  cjson.o
    0x08008fb8   0x08008fb8   0x00000030   Code   RO           40    i.cJSON_CreateString  cjson.o
    0x08008fe8   0x08008fe8   0x00000048   Code   RO           44    i.cJSON_Delete      cjson.o
    0x08009030   0x08009030   0x00000020   Code   RO           56    i.cJSON_GetNumberValue  cjson.o
    0x08009050   0x08009050   0x00000006   Code   RO           57    i.cJSON_GetObjectItem  cjson.o
    0x08009056   0x08009056   0x00000010   Code   RO           59    i.cJSON_GetStringValue  cjson.o
    0x08009066   0x08009066   0x00000012   Code   RO           68    i.cJSON_IsNumber    cjson.o
    0x08009078   0x08009078   0x00000012   Code   RO           71    i.cJSON_IsString    cjson.o
    0x0800908a   0x0800908a   0x00000016   Code   RO           74    i.cJSON_New_Item    cjson.o
    0x080090a0   0x080090a0   0x00000008   Code   RO           76    i.cJSON_ParseWithLength  cjson.o
    0x080090a8   0x080090a8   0x000000dc   Code   RO           77    i.cJSON_ParseWithLengthOpts  cjson.o
    0x08009184   0x08009184   0x0000000c   Code   RO           79    i.cJSON_Print       cjson.o
    0x08009190   0x08009190   0x00000028   Code   RO           92    i.cJSON_strdup      cjson.o
    0x080091b8   0x080091b8   0x00000070   Code   RO         6321    i.check_fs          ff.o
    0x08009228   0x08009228   0x00000010   Code   RO         6322    i.chk_chr           ff.o
    0x08009238   0x08009238   0x0000005c   Code   RO         6323    i.chk_lock          ff.o
    0x08009294   0x08009294   0x00000020   Code   RO         6324    i.clear_lock        ff.o
    0x080092b4   0x080092b4   0x00000024   Code   RO         6325    i.clmt_clust        ff.o
    0x080092d8   0x080092d8   0x00000018   Code   RO         6326    i.clust2sect        ff.o
    0x080092f0   0x080092f0   0x00000086   Code   RO         6327    i.cmp_lfn           ff.o
    0x08009376   0x08009376   0x00000002   PAD
    0x08009378   0x08009378   0x000000b8   Code   RO           93    i.compare_double    cjson.o
    0x08009430   0x08009430   0x000000a4   Code   RO         6328    i.create_chain      ff.o
    0x080094d4   0x080094d4   0x0000024a   Code   RO         6329    i.create_name       ff.o
    0x0800971e   0x0800971e   0x00000002   PAD
    0x08009720   0x08009720   0x00000034   Code   RO         6330    i.dec_lock          ff.o
    0x08009754   0x08009754   0x000000e0   Code   RO         1153    i.delete_all_files  sdtask.o
    0x08009834   0x08009834   0x000000d0   Code   RO         6331    i.dir_find          ff.o
    0x08009904   0x08009904   0x000000f4   Code   RO         6332    i.dir_next          ff.o
    0x080099f8   0x080099f8   0x000000b6   Code   RO         6333    i.dir_read          ff.o
    0x08009aae   0x08009aae   0x00000002   PAD
    0x08009ab0   0x08009ab0   0x000001ea   Code   RO         6334    i.dir_register      ff.o
    0x08009c9a   0x08009c9a   0x0000004e   Code   RO         6335    i.dir_remove        ff.o
    0x08009ce8   0x08009ce8   0x00000082   Code   RO         6336    i.dir_sdi           ff.o
    0x08009d6a   0x08009d6a   0x00000002   PAD
    0x08009d6c   0x08009d6c   0x00000028   Code   RO         6266    i.disk_initialize   diskio.o
    0x08009d94   0x08009d94   0x0000001c   Code   RO         6267    i.disk_ioctl        diskio.o
    0x08009db0   0x08009db0   0x0000001c   Code   RO         6268    i.disk_read         diskio.o
    0x08009dcc   0x08009dcc   0x00000018   Code   RO         6269    i.disk_status       diskio.o
    0x08009de4   0x08009de4   0x0000001c   Code   RO         6270    i.disk_write        diskio.o
    0x08009e00   0x08009e00   0x0000008a   Code   RO           95    i.ensure            cjson.o
    0x08009e8a   0x08009e8a   0x00000030   Code   RO         6337    i.f_close           ff.o
    0x08009eba   0x08009eba   0x0000002a   Code   RO         6338    i.f_closedir        ff.o
    0x08009ee4   0x08009ee4   0x00000048   Code   RO         6340    i.f_gets            ff.o
    0x08009f2c   0x08009f2c   0x00000230   Code   RO         6341    i.f_lseek           ff.o
    0x0800a15c   0x0800a15c   0x0000007c   Code   RO         6344    i.f_mount           ff.o
    0x0800a1d8   0x0800a1d8   0x0000021c   Code   RO         6345    i.f_open            ff.o
    0x0800a3f4   0x0800a3f4   0x00000094   Code   RO         6346    i.f_opendir         ff.o
    0x0800a488   0x0800a488   0x00000182   Code   RO         6350    i.f_read            ff.o
    0x0800a60a   0x0800a60a   0x00000062   Code   RO         6351    i.f_readdir         ff.o
    0x0800a66c   0x0800a66c   0x000000a2   Code   RO         6354    i.f_sync            ff.o
    0x0800a70e   0x0800a70e   0x000000b4   Code   RO         6356    i.f_unlink          ff.o
    0x0800a7c2   0x0800a7c2   0x000001bc   Code   RO         6357    i.f_write           ff.o
    0x0800a97e   0x0800a97e   0x00000002   PAD
    0x0800a980   0x0800a980   0x0000004c   Code   RO         6786    i.ff_convert        cc936.o
    0x0800a9cc   0x0800a9cc   0x0000001c   Code   RO         6738    i.ff_cre_syncobj    syscall.o
    0x0800a9e8   0x0800a9e8   0x0000000a   Code   RO         6739    i.ff_del_syncobj    syscall.o
    0x0800a9f2   0x0800a9f2   0x00000004   Code   RO         6740    i.ff_rel_grant      syscall.o
    0x0800a9f6   0x0800a9f6   0x00000014   Code   RO         6741    i.ff_req_grant      syscall.o
    0x0800aa0a   0x0800aa0a   0x00000002   PAD
    0x0800aa0c   0x0800aa0c   0x00000080   Code   RO         6787    i.ff_wtoupper       cc936.o
    0x0800aa8c   0x0800aa8c   0x00000260   Code   RO         6358    i.find_volume       ff.o
    0x0800acec   0x0800acec   0x00000074   Code   RO         6359    i.follow_path       ff.o
    0x0800ad60   0x0800ad60   0x00000018   Code   RO         1375    i.fputc             usart.o
    0x0800ad78   0x0800ad78   0x0000008c   Code   RO         8656    i.frexp             m_wm.l(frexp.o)
    0x0800ae04   0x0800ae04   0x0000008c   Code   RO         6360    i.gen_numname       ff.o
    0x0800ae90   0x0800ae90   0x000000be   Code   RO         6361    i.get_fat           ff.o
    0x0800af4e   0x0800af4e   0x00000004   Code   RO         1916    i.get_fattime       fatfs.o
    0x0800af52   0x0800af52   0x000000f4   Code   RO         6362    i.get_fileinfo      ff.o
    0x0800b046   0x0800b046   0x0000003c   Code   RO         6363    i.get_ldnumber      ff.o
    0x0800b082   0x0800b082   0x0000007a   Code   RO           97    i.get_object_item   cjson.o
    0x0800b0fc   0x0800b0fc   0x0000000c   Code   RO         7613    i.inHandlerMode     cmsis_os.o
    0x0800b108   0x0800b108   0x00000080   Code   RO         6364    i.inc_lock          ff.o
    0x0800b188   0x0800b188   0x00000026   Code   RO         6365    i.ld_clust          ff.o
    0x0800b1ae   0x0800b1ae   0x00000016   Code   RO         6366    i.ld_dword          ff.o
    0x0800b1c4   0x0800b1c4   0x0000000a   Code   RO         6367    i.ld_word           ff.o
    0x0800b1ce   0x0800b1ce   0x00000002   PAD
    0x0800b1d0   0x0800b1d0   0x000000e0   Code   RO         1154    i.list_dir          sdtask.o
    0x0800b2b0   0x0800b2b0   0x00000014   Code   RO         6368    i.lock_fs           ff.o
    0x0800b2c4   0x0800b2c4   0x0000002a   Code   RO         1233    i.main              main.o
    0x0800b2ee   0x0800b2ee   0x0000000c   Code   RO         7615    i.makeFreeRtosPriority  cmsis_os.o
    0x0800b2fa   0x0800b2fa   0x00000012   Code   RO         6369    i.mem_cpy           ff.o
    0x0800b30c   0x0800b30c   0x0000000e   Code   RO         6370    i.mem_set           ff.o
    0x0800b31a   0x0800b31a   0x00000032   Code   RO         6371    i.move_window       ff.o
    0x0800b34c   0x0800b34c   0x0000000e   Code   RO         7617    i.osDelay           cmsis_os.o
    0x0800b35a   0x0800b35a   0x00000012   Code   RO         7619    i.osKernelRunning   cmsis_os.o
    0x0800b36c   0x0800b36c   0x0000000a   Code   RO         7620    i.osKernelStart     cmsis_os.o
    0x0800b376   0x0800b376   0x00000018   Code   RO         7621    i.osKernelSysTick   cmsis_os.o
    0x0800b38e   0x0800b38e   0x00000026   Code   RO         7629    i.osMessageCreate   cmsis_os.o
    0x0800b3b4   0x0800b3b4   0x0000009a   Code   RO         7631    i.osMessageGet      cmsis_os.o
    0x0800b44e   0x0800b44e   0x00000002   PAD
    0x0800b450   0x0800b450   0x0000005c   Code   RO         7633    i.osMessagePut      cmsis_os.o
    0x0800b4ac   0x0800b4ac   0x00000010   Code   RO         7635    i.osMutexCreate     cmsis_os.o
    0x0800b4bc   0x0800b4bc   0x00000050   Code   RO         7637    i.osMutexRelease    cmsis_os.o
    0x0800b50c   0x0800b50c   0x00000064   Code   RO         7638    i.osMutexWait       cmsis_os.o
    0x0800b570   0x0800b570   0x0000006a   Code   RO         7639    i.osPoolAlloc       cmsis_os.o
    0x0800b5da   0x0800b5da   0x0000005e   Code   RO         7641    i.osPoolCreate      cmsis_os.o
    0x0800b638   0x0800b638   0x00000030   Code   RO         7642    i.osPoolFree        cmsis_os.o
    0x0800b668   0x0800b668   0x0000003e   Code   RO         7646    i.osSemaphoreCreate  cmsis_os.o
    0x0800b6a6   0x0800b6a6   0x00000018   Code   RO         7647    i.osSemaphoreDelete  cmsis_os.o
    0x0800b6be   0x0800b6be   0x00000002   PAD
    0x0800b6c0   0x0800b6c0   0x00000050   Code   RO         7649    i.osSemaphoreRelease  cmsis_os.o
    0x0800b710   0x0800b710   0x00000064   Code   RO         7650    i.osSemaphoreWait   cmsis_os.o
    0x0800b774   0x0800b774   0x00000054   Code   RO         7654    i.osThreadCreate    cmsis_os.o
    0x0800b7c8   0x0800b7c8   0x000000d0   Code   RO           99    i.parse_array       cjson.o
    0x0800b898   0x0800b898   0x00000040   Code   RO          100    i.parse_hex4        cjson.o
    0x0800b8d8   0x0800b8d8   0x00000100   Code   RO          101    i.parse_number      cjson.o
    0x0800b9d8   0x0800b9d8   0x0000010a   Code   RO          102    i.parse_object      cjson.o
    0x0800bae2   0x0800bae2   0x0000010c   Code   RO          103    i.parse_string      cjson.o
    0x0800bbee   0x0800bbee   0x00000002   PAD
    0x0800bbf0   0x0800bbf0   0x000000fc   Code   RO          104    i.parse_value       cjson.o
    0x0800bcec   0x0800bcec   0x00000074   Code   RO         6372    i.pick_lfn          ff.o
    0x0800bd60   0x0800bd60   0x00000098   Code   RO          105    i.print             cjson.o
    0x0800bdf8   0x0800bdf8   0x00000096   Code   RO          106    i.print_array       cjson.o
    0x0800be8e   0x0800be8e   0x00000002   PAD
    0x0800be90   0x0800be90   0x00000130   Code   RO          107    i.print_number      cjson.o
    0x0800bfc0   0x0800bfc0   0x00000140   Code   RO          108    i.print_object      cjson.o
    0x0800c100   0x0800c100   0x00000110   Code   RO          109    i.print_string_ptr  cjson.o
    0x0800c210   0x0800c210   0x000000d0   Code   RO          110    i.print_value       cjson.o
    0x0800c2e0   0x0800c2e0   0x00000070   Code   RO         7281    i.prvAddCurrentTaskToDelayedList  tasks.o
    0x0800c350   0x0800c350   0x000000d0   Code   RO         7282    i.prvAddNewTaskToReadyList  tasks.o
    0x0800c420   0x0800c420   0x00000026   Code   RO         6959    i.prvCopyDataFromQueue  queue.o
    0x0800c446   0x0800c446   0x0000006c   Code   RO         6960    i.prvCopyDataToQueue  queue.o
    0x0800c4b2   0x0800c4b2   0x00000034   Code   RO         7283    i.prvDeleteTCB      tasks.o
    0x0800c4e6   0x0800c4e6   0x00000002   PAD
    0x0800c4e8   0x0800c4e8   0x00000034   Code   RO         7284    i.prvGetExpectedIdleTime  tasks.o
    0x0800c51c   0x0800c51c   0x0000004c   Code   RO         7982    i.prvHeapInit       heap_4.o
    0x0800c568   0x0800c568   0x00000090   Code   RO         7285    i.prvIdleTask       tasks.o
    0x0800c5f8   0x0800c5f8   0x00000016   Code   RO         6961    i.prvInitialiseMutex  queue.o
    0x0800c60e   0x0800c60e   0x00000016   Code   RO         6962    i.prvInitialiseNewQueue  queue.o
    0x0800c624   0x0800c624   0x00000098   Code   RO         7286    i.prvInitialiseNewTask  tasks.o
    0x0800c6bc   0x0800c6bc   0x0000004c   Code   RO         7983    i.prvInsertBlockIntoFreeList  heap_4.o
    0x0800c708   0x0800c708   0x0000001c   Code   RO         6963    i.prvIsQueueEmpty   queue.o
    0x0800c724   0x0800c724   0x00000020   Code   RO         7287    i.prvResetNextTaskUnblockTime  tasks.o
    0x0800c744   0x0800c744   0x00000028   Code   RO         8051    i.prvTaskExitError  port.o
    0x0800c76c   0x0800c76c   0x0000006a   Code   RO         6964    i.prvUnlockQueue    queue.o
    0x0800c7d6   0x0800c7d6   0x000000ea   Code   RO         6373    i.put_fat           ff.o
    0x0800c8c0   0x0800c8c0   0x000000dc   Code   RO         7984    i.pvPortMalloc      heap_4.o
    0x0800c99c   0x0800c99c   0x00000018   Code   RO         7289    i.pvTaskIncrementMutexHeldCount  tasks.o
    0x0800c9b4   0x0800c9b4   0x0000002c   Code   RO         8052    i.pxPortInitialiseStack  port.o
    0x0800c9e0   0x0800c9e0   0x00000064   Code   RO         1155    i.read_data         sdtask.o
    0x0800ca44   0x0800ca44   0x00000040   Code   RO          840    i.reboot            cmd.o
    0x0800ca84   0x0800ca84   0x00000074   Code   RO         6376    i.remove_chain      ff.o
    0x0800caf8   0x0800caf8   0x00000084   Code   RO         1156    i.save_data         sdtask.o
    0x0800cb7c   0x0800cb7c   0x0000019c   Code   RO          841    i.sdCMD             cmd.o
    0x0800cd18   0x0800cd18   0x00000028   Code   RO         6377    i.st_clust          ff.o
    0x0800cd40   0x0800cd40   0x00000010   Code   RO         6378    i.st_dword          ff.o
    0x0800cd50   0x0800cd50   0x00000008   Code   RO         6379    i.st_word           ff.o
    0x0800cd58   0x0800cd58   0x000000e4   Code   RO          842    i.sum               cmd.o
    0x0800ce3c   0x0800ce3c   0x0000001a   Code   RO         6380    i.sum_sfn           ff.o
    0x0800ce56   0x0800ce56   0x00000002   PAD
    0x0800ce58   0x0800ce58   0x00000088   Code   RO         6381    i.sync_fs           ff.o
    0x0800cee0   0x0800cee0   0x00000052   Code   RO         6382    i.sync_window       ff.o
    0x0800cf32   0x0800cf32   0x00000002   PAD
    0x0800cf34   0x0800cf34   0x0000013c   Code   RO          843    i.timeRTC           cmd.o
    0x0800d070   0x0800d070   0x00000068   Code   RO          844    i.trans             cmd.o
    0x0800d0d8   0x0800d0d8   0x00000018   Code   RO         6383    i.unlock_fs         ff.o
    0x0800d0f0   0x0800d0f0   0x0000001c   Code   RO          112    i.update_offset     cjson.o
    0x0800d10c   0x0800d10c   0x000000d2   Code   RO          113    i.utf16_literal_to_utf8  cjson.o
    0x0800d1de   0x0800d1de   0x00000026   Code   RO         6919    i.uxListRemove      list.o
    0x0800d204   0x0800d204   0x00000014   Code   RO         1315    i.vApplicationGetIdleTaskMemory  freertos.o
    0x0800d218   0x0800d218   0x00000016   Code   RO         6920    i.vListInitialise   list.o
    0x0800d22e   0x0800d22e   0x00000006   Code   RO         6921    i.vListInitialiseItem  list.o
    0x0800d234   0x0800d234   0x00000030   Code   RO         6922    i.vListInsert       list.o
    0x0800d264   0x0800d264   0x00000018   Code   RO         6923    i.vListInsertEnd    list.o
    0x0800d27c   0x0800d27c   0x00000040   Code   RO         8054    i.vPortEnterCritical  port.o
    0x0800d2bc   0x0800d2bc   0x00000028   Code   RO         8055    i.vPortExitCritical  port.o
    0x0800d2e4   0x0800d2e4   0x00000064   Code   RO         7985    i.vPortFree         heap_4.o
    0x0800d348   0x0800d348   0x00000024   Code   RO         8056    i.vPortSetupTimerInterrupt  port.o
    0x0800d36c   0x0800d36c   0x00000002   Code   RO         1316    i.vPortSuppressTicksAndSleep  freertos.o
    0x0800d36e   0x0800d36e   0x00000002   PAD
    0x0800d370   0x0800d370   0x00000054   Code   RO         8057    i.vPortValidateInterruptPriority  port.o
    0x0800d3c4   0x0800d3c4   0x0000002e   Code   RO         6969    i.vQueueDelete      queue.o
    0x0800d3f2   0x0800d3f2   0x00000002   PAD
    0x0800d3f4   0x0800d3f4   0x00000028   Code   RO         6970    i.vQueueUnregisterQueue  queue.o
    0x0800d41c   0x0800d41c   0x0000004c   Code   RO         7296    i.vTaskDelay        tasks.o
    0x0800d468   0x0800d468   0x00000010   Code   RO         7299    i.vTaskInternalSetTimeOutState  tasks.o
    0x0800d478   0x0800d478   0x0000000c   Code   RO         7300    i.vTaskMissedYield  tasks.o
    0x0800d484   0x0800d484   0x00000030   Code   RO         7302    i.vTaskPlaceOnEventList  tasks.o
    0x0800d4b4   0x0800d4b4   0x000000a0   Code   RO         7304    i.vTaskPriorityDisinheritAfterTimeout  tasks.o
    0x0800d554   0x0800d554   0x0000006c   Code   RO         7309    i.vTaskStartScheduler  tasks.o
    0x0800d5c0   0x0800d5c0   0x00000010   Code   RO         7312    i.vTaskSuspendAll   tasks.o
    0x0800d5d0   0x0800d5d0   0x0000005c   Code   RO         7313    i.vTaskSwitchContext  tasks.o
    0x0800d62c   0x0800d62c   0x00000048   Code   RO         6384    i.validate          ff.o
    0x0800d674   0x0800d674   0x000000f4   Code   RO         8058    i.xPortStartScheduler  port.o
    0x0800d768   0x0800d768   0x00000016   Code   RO         6971    i.xQueueCreateMutex  queue.o
    0x0800d77e   0x0800d77e   0x0000001a   Code   RO         6972    i.xQueueCreateMutexStatic  queue.o
    0x0800d798   0x0800d798   0x00000042   Code   RO         6973    i.xQueueGenericCreate  queue.o
    0x0800d7da   0x0800d7da   0x00000066   Code   RO         6974    i.xQueueGenericCreateStatic  queue.o
    0x0800d840   0x0800d840   0x00000088   Code   RO         6975    i.xQueueGenericReset  queue.o
    0x0800d8c8   0x0800d8c8   0x00000160   Code   RO         6976    i.xQueueGenericSend  queue.o
    0x0800da28   0x0800da28   0x000000be   Code   RO         6977    i.xQueueGenericSendFromISR  queue.o
    0x0800dae6   0x0800dae6   0x0000009c   Code   RO         6978    i.xQueueGiveFromISR  queue.o
    0x0800db82   0x0800db82   0x00000002   PAD
    0x0800db84   0x0800db84   0x00000138   Code   RO         6983    i.xQueueReceive     queue.o
    0x0800dcbc   0x0800dcbc   0x0000009a   Code   RO         6984    i.xQueueReceiveFromISR  queue.o
    0x0800dd56   0x0800dd56   0x00000002   PAD
    0x0800dd58   0x0800dd58   0x00000178   Code   RO         6985    i.xQueueSemaphoreTake  queue.o
    0x0800ded0   0x0800ded0   0x00000074   Code   RO         7315    i.xTaskCheckForTimeOut  tasks.o
    0x0800df44   0x0800df44   0x00000060   Code   RO         7316    i.xTaskCreate       tasks.o
    0x0800dfa4   0x0800dfa4   0x00000056   Code   RO         7317    i.xTaskCreateStatic  tasks.o
    0x0800dffa   0x0800dffa   0x00000002   PAD
    0x0800dffc   0x0800dffc   0x0000001c   Code   RO         7321    i.xTaskGetSchedulerState  tasks.o
    0x0800e018   0x0800e018   0x0000000c   Code   RO         7322    i.xTaskGetTickCount  tasks.o
    0x0800e024   0x0800e024   0x00000010   Code   RO         7323    i.xTaskGetTickCountFromISR  tasks.o
    0x0800e034   0x0800e034   0x000000cc   Code   RO         7324    i.xTaskIncrementTick  tasks.o
    0x0800e100   0x0800e100   0x00000098   Code   RO         7327    i.xTaskPriorityDisinherit  tasks.o
    0x0800e198   0x0800e198   0x0000008c   Code   RO         7328    i.xTaskPriorityInherit  tasks.o
    0x0800e224   0x0800e224   0x0000007c   Code   RO         7329    i.xTaskRemoveFromEventList  tasks.o
    0x0800e2a0   0x0800e2a0   0x000000c4   Code   RO         7330    i.xTaskResumeAll    tasks.o
    0x0800e364   0x0800e364   0x0000002c   Code   RO         8541    locale$$code        c_w.l(lc_ctype_c.o)
    0x0800e390   0x0800e390   0x0000002c   Code   RO         8544    locale$$code        c_w.l(lc_numeric_c.o)
    0x0800e3bc   0x0800e3bc   0x00000062   Code   RO         8652    x$fpl$d2f           fz_wm.l(d2f.o)
    0x0800e41e   0x0800e41e   0x00000002   PAD
    0x0800e420   0x0800e420   0x00000150   Code   RO         8296    x$fpl$dadd          fz_wm.l(daddsub_clz.o)
    0x0800e570   0x0800e570   0x00000010   Code   RO         8747    x$fpl$dcheck1       fz_wm.l(dcheck1.o)
    0x0800e580   0x0800e580   0x00000018   Code   RO         8448    x$fpl$dcmpinf       fz_wm.l(dcmpi.o)
    0x0800e598   0x0800e598   0x00000078   Code   RO         8302    x$fpl$deqf          fz_wm.l(deqf.o)
    0x0800e610   0x0800e610   0x0000005e   Code   RO         8304    x$fpl$dfix          fz_wm.l(dfix.o)
    0x0800e66e   0x0800e66e   0x0000002e   Code   RO         8309    x$fpl$dflt          fz_wm.l(dflt_clz.o)
    0x0800e69c   0x0800e69c   0x00000078   Code   RO         8314    x$fpl$dleqf         fz_wm.l(dleqf.o)
    0x0800e714   0x0800e714   0x00000154   Code   RO         8316    x$fpl$dmul          fz_wm.l(dmul.o)
    0x0800e868   0x0800e868   0x0000009c   Code   RO         8450    x$fpl$dnaninf       fz_wm.l(dnaninf.o)
    0x0800e904   0x0800e904   0x0000000c   Code   RO         8452    x$fpl$dretinf       fz_wm.l(dretinf.o)
    0x0800e910   0x0800e910   0x0000006c   Code   RO         8318    x$fpl$drleqf        fz_wm.l(drleqf.o)
    0x0800e97c   0x0800e97c   0x000001d4   Code   RO         8298    x$fpl$dsub          fz_wm.l(daddsub_clz.o)
    0x0800eb50   0x0800eb50   0x0000000a   Code   RO         8559    x$fpl$fpinit        fz_wm.l(fpinit.o)
    0x0800eb5a   0x0800eb5a   0x0000000a   Code   RO         8684    x$fpl$fretinf       fz_wm.l(fretinf.o)
    0x0800eb64   0x0800eb64   0x00000006   Code   RO         8561    x$fpl$ieeestatus    fz_wm.l(istatus.o)
    0x0800eb6a   0x0800eb6a   0x00000004   Code   RO         8322    x$fpl$printf1       fz_wm.l(printf1.o)
    0x0800eb6e   0x0800eb6e   0x00000064   Code   RO         8753    x$fpl$retnan        fz_wm.l(retnan.o)
    0x0800ebd2   0x0800ebd2   0x0000005c   Code   RO         8715    x$fpl$scalbn        fz_wm.l(scalbn.o)
    0x0800ec2e   0x0800ec2e   0x00000004   Code   RO         8324    x$fpl$scanf1        fz_wm.l(scanf1.o)
    0x0800ec32   0x0800ec32   0x00000008   Code   RO         8563    x$fpl$scanf2        fz_wm.l(scanf2.o)
    0x0800ec3a   0x0800ec3a   0x00000030   Code   RO         8755    x$fpl$trapveneer    fz_wm.l(trapv.o)
    0x0800ec6a   0x0800ec6a   0x00000000   Code   RO         8456    x$fpl$usenofp       fz_wm.l(usenofp.o)
    0x0800ec6a   0x0800ec6a   0x00000002   PAD
    0x0800ec6c   0x0800ec6c   0x00000028   Data   RO          846    .constdata          cmd.o
    0x0800ec94   0x0800ec94   0x000000c4   Data   RO         1318    .constdata          freertos.o
    0x0800ed58   0x0800ed58   0x00000014   Data   RO         1822    .constdata          sd_diskio.o
    0x0800ed6c   0x0800ed6c   0x00000010   Data   RO         1823    .constdata          sd_diskio.o
    0x0800ed7c   0x0800ed7c   0x00000018   Data   RO         4676    .constdata          stm32l4xx_hal_uart.o
    0x0800ed94   0x0800ed94   0x00000010   Data   RO         5042    .constdata          stm32l4xx_hal_uart_ex.o
    0x0800eda4   0x0800eda4   0x00000040   Data   RO         6230    .constdata          system_stm32l4xx.o
    0x0800ede4   0x0800ede4   0x00000008   Data   RO         6231    .constdata          system_stm32l4xx.o
    0x0800edec   0x0800edec   0x0000002a   Data   RO         6386    .constdata          ff.o
    0x0800ee16   0x0800ee16   0x0002abb6   Data   RO         6788    .constdata          cc936.o
    0x080399cc   0x080399cc   0x00000028   Data   RO         8224    .constdata          c_w.l(_printf_hex_int.o)
    0x080399f4   0x080399f4   0x00000011   Data   RO         8259    .constdata          c_w.l(__printf_flags_ss_wp.o)
    0x08039a05   0x08039a05   0x00000003   PAD
    0x08039a08   0x08039a08   0x00000094   Data   RO         8508    .constdata          c_w.l(bigflt0.o)
    0x08039a9c   0x08039a9c   0x00000004   Data   RO         8580    .constdata          c_w.l(sys_io.o)
    0x08039aa0   0x08039aa0   0x00000004   Data   RO         8581    .constdata          c_w.l(sys_io.o)
    0x08039aa4   0x08039aa4   0x00000004   Data   RO         8582    .constdata          c_w.l(sys_io.o)
    0x08039aa8   0x08039aa8   0x0000001f   Data   RO          847    .conststring        cmd.o
    0x08039ac7   0x08039ac7   0x00000001   PAD
    0x08039ac8   0x08039ac8   0x0000005c   Data   RO         1118    .conststring        savetask.o
    0x08039b24   0x08039b24   0x00000028   Data   RO         1319    .conststring        freertos.o
    0x08039b4c   0x08039b4c   0x00000020   Data   RO         8757    Region$$Table       anon$$obj.o
    0x08039b6c   0x08039b6c   0x00000008   Data   RO         8555    c$$dinf             fz_wm.l(fpconst.o)
    0x08039b74   0x08039b74   0x00000008   Data   RO         8558    c$$dmax             fz_wm.l(fpconst.o)
    0x08039b7c   0x08039b7c   0x00000110   Data   RO         8540    locale$$data        c_w.l(lc_ctype_c.o)
    0x08039c8c   0x08039c8c   0x0000001c   Data   RO         8543    locale$$data        c_w.l(lc_numeric_c.o)


    Execution Region RW_IRAM1 (Exec base: 0x20000000, Load base: 0x08039ca8, Size: 0x0000ad90, Max: 0x00050000, ABSOLUTE, COMPRESSED[0x00000024])

    Exec Addr    Load Addr    Size         Type   Attr      Idx    E Section Name        Object

    0x20000000   COMPRESSED   0x00000014   Data   RW          115    .data               cjson.o
    0x20000014   COMPRESSED   0x00000008   Data   RW          848    .data               cmd.o
    0x2000001c   COMPRESSED   0x0000028a   Data   RW         1119    .data               savetask.o
    0x200002a6   COMPRESSED   0x00000002   PAD
    0x200002a8   COMPRESSED   0x00000030   Data   RW         1320    .data               freertos.o
    0x200002d8   COMPRESSED   0x0000000c   Data   RW         1377    .data               usart.o
    0x200002e4   COMPRESSED   0x00000004   Data   RW         1441    .data               rtc.o
    0x200002e8   COMPRESSED   0x00000008   Data   RW         1824    .data               sd_diskio.o
    0x200002f0   COMPRESSED   0x00000005   Data   RW         1919    .data               fatfs.o
    0x200002f5   COMPRESSED   0x00000003   PAD
    0x200002f8   COMPRESSED   0x0000000c   Data   RW         2989    .data               stm32l4xx_hal.o
    0x20000304   COMPRESSED   0x00000004   Data   RW         6232    .data               system_stm32l4xx.o
    0x20000308   COMPRESSED   0x00000008   Data   RW         6387    .data               ff.o
    0x20000310   COMPRESSED   0x0000003c   Data   RW         7333    .data               tasks.o
    0x2000034c   COMPRESSED   0x00000020   Data   RW         7991    .data               heap_4.o
    0x2000036c   COMPRESSED   0x0000000c   Data   RW         8059    .data               port.o
    0x20000378   COMPRESSED   0x00000004   Data   RW         8398    .data               c_w.l(stdio_streams.o)
    0x2000037c   COMPRESSED   0x00000004   Data   RW         8399    .data               c_w.l(stdio_streams.o)
    0x20000380   COMPRESSED   0x00000004   Data   RW         8400    .data               c_w.l(stdio_streams.o)
    0x20000384        -       0x00000282   Zero   RW          845    .bss                cmd.o
    0x20000606   COMPRESSED   0x00000002   PAD
    0x20000608        -       0x00000238   Zero   RW         1157    .bss                sdtask.o
    0x20000840        -       0x00000254   Zero   RW         1317    .bss                freertos.o
    0x20000a94        -       0x0000032c   Zero   RW         1376    .bss                usart.o
    0x20000dc0        -       0x00000048   Zero   RW         1440    .bss                rtc.o
    0x20000e08        -       0x00000080   Zero   RW         1508    .bss                sdmmc.o
    0x20000e88        -       0x0000004c   Zero   RW         1656    .bss                stm32l4xx_hal_timebase_tim.o
    0x20000ed4        -       0x00000020   Zero   RW         6385    .bss                ff.o
    0x20000ef4        -       0x0000000c   Zero   RW         6692    .bss                ff_gen_drv.o
    0x20000f00        -       0x00000040   Zero   RW         6986    .bss                queue.o
    0x20000f40        -       0x000000f0   Zero   RW         7332    .bss                tasks.o
    0x20001030        -       0x00003c00   Zero   RW         7990    .bss                heap_4.o
    0x20004c30        -       0x00000054   Zero   RW         8395    .bss                c_w.l(stdio_streams.o)
    0x20004c84        -       0x00000054   Zero   RW         8396    .bss                c_w.l(stdio_streams.o)
    0x20004cd8        -       0x00000054   Zero   RW         8397    .bss                c_w.l(stdio_streams.o)
    0x20004d2c        -       0x00000060   Zero   RW         8460    .bss                c_w.l(libspace.o)
    0x20004d8c   COMPRESSED   0x00000004   PAD
    0x20004d90        -       0x00002000   Zero   RW            2    HEAP                startup_stm32l4p5xx.o
    0x20006d90        -       0x00004000   Zero   RW            1    STACK               startup_stm32l4p5xx.o


==============================================================================

Image component sizes


      Code (inc. data)   RO Data    RW Data    ZI Data      Debug   Object Name

       182         22          0          0          0       5057   bsp_driver_sd.o
       204         26     175030          0          0       2487   cc936.o
      4334        218          0         20          0      40507   cjson.o
      1404        300         71          8        642    1072556   cmd.o
      1168         30          0          0          0      41233   cmsis_os.o
       148         22          0          0          0       3713   diskio.o
         0          0          0          0          0      19932   event_groups.o
        32         10          0          5          0       1504   fatfs.o
        24          4          0          0          0        565   fatfs_platform.o
      7912        100         42          8         32      54353   ff.o
        70          6          0          0         12       1623   ff_gen_drv.o
       322         18        236         48        596       4080   freertos.o
       244         16          0          0          0       1007   gpio.o
       472         24          0         32      15360       7395   heap_4.o
       138          0          0          0          0       3526   list.o
       210         10          0          0          0       7140   main.o
       818         82          0         12          0      11809   port.o
      2302         22          0          0         64      24701   queue.o
       510         38          0          4         72       4436   rtc.o
       336         54         92        650          0       1697   savetask.o
       488         40         36          8          0       6705   sd_diskio.o
       268         22          0          0        128       1812   sdmmc.o
       864        248          0          0        568      22499   sdtask.o
        64         26        444          0      24576        840   startup_stm32l4p5xx.o
        94         14          0         12          0      15682   stm32l4xx_hal.o
       194         24          0          0          0      33641   stm32l4xx_hal_cortex.o
       220          0          0          0          0       1895   stm32l4xx_hal_dma.o
       634         40          0          0          0       3596   stm32l4xx_hal_gpio.o
        52          4          0          0          0        858   stm32l4xx_hal_msp.o
        16          4          0          0          0        543   stm32l4xx_hal_pwr.o
       228         18          0          0          0       1502   stm32l4xx_hal_pwr_ex.o
      2440        126          0          0          0       8617   stm32l4xx_hal_rcc.o
      3102         90          0          0          0       7397   stm32l4xx_hal_rcc_ex.o
      1026         48          0          0          0       8187   stm32l4xx_hal_rtc.o
        38          0          0          0          0       1791   stm32l4xx_hal_rtc_ex.o
      3478         72          0          0          0      16454   stm32l4xx_hal_sd.o
        10          0          0          0          0       3312   stm32l4xx_hal_sd_ex.o
       774         62          0          0          0       7548   stm32l4xx_hal_tim.o
         6          0          0          0          0       2188   stm32l4xx_hal_tim_ex.o
       140         22          0          0         76       1419   stm32l4xx_hal_timebase_tim.o
      3946        148         24          0          0      36842   stm32l4xx_hal_uart.o
       288          6         16          0          0       5346   stm32l4xx_hal_uart_ex.o
        60         24          0          0          0       4641   stm32l4xx_it.o
      1842         68          0          0          0      25083   stm32l4xx_ll_sdmmc.o
        62          0          0          0          0       3348   syscall.o
        16          4         72          4          0       1173   system_stm32l4xx.o
      2474        194          0         60        240      29766   tasks.o
       836         82          0         12        812       4808   usart.o

    ----------------------------------------------------------------------
     44584       2388     176096        888      43180    1566814   Object Totals
         0          0         32          0          0          0   (incl. Generated)
        94          0          1          5          2          0   (incl. Padding)

    ----------------------------------------------------------------------

      Code (inc. data)   RO Data    RW Data    ZI Data      Debug   Library Member Name

        60          8          0          0          0         84   __0sscanf.o
        24          4          0          0          0         84   __2printf.o
        56          6          0          0          0         88   __2snprintf.o
        44          6          0          0          0         84   __2sprintf.o
        90          0          0          0          0          0   __dczerorl2.o
         8          0          0          0          0         68   __main.o
       398          4         17          0          0         92   __printf_flags_ss_wp.o
        14          0          0          0          0         68   __printf_wp.o
         0          0          0          0          0          0   __rtentry.o
        12          0          0          0          0          0   __rtentry2.o
         6          0          0          0          0          0   __rtentry4.o
        52          8          0          0          0          0   __scatter.o
        28          0          0          0          0          0   __scatter_zi.o
        28          0          0          0          0         68   _chval.o
        44          0          0          0          0        108   _printf_char.o
        48          6          0          0          0         96   _printf_char_common.o
        36          4          0          0          0         80   _printf_char_file.o
         6          0          0          0          0          0   _printf_d.o
       120         16          0          0          0         92   _printf_dec.o
      1060          0          0          0          0        216   _printf_fp_dec.o
       128         16          0          0          0         84   _printf_fp_infnan.o
         6          0          0          0          0          0   _printf_g.o
        88          4         40          0          0         88   _printf_hex_int.o
       178          0          0          0          0         88   _printf_intcommon.o
        78          0          0          0          0        108   _printf_pad.o
         0          0          0          0          0          0   _printf_percent.o
         4          0          0          0          0          0   _printf_percent_end.o
         6          0          0          0          0          0   _printf_s.o
        82          0          0          0          0         80   _printf_str.o
         6          0          0          0          0          0   _printf_u.o
         6          0          0          0          0          0   _printf_x.o
        22          0          0          0          0        100   _rserrno.o
       890          4          0          0          0        100   _scanf.o
        64          0          0          0          0         84   _sgetc.o
        16          0          0          0          0         68   _snputc.o
        10          0          0          0          0         68   _sputc.o
       228          4        148          0          0         96   bigflt0.o
      2152        136          0          0          0        960   btod.o
        10          0          0          0          0         68   defsig_exit.o
        50          0          0          0          0         88   defsig_general.o
        80         58          0          0          0         76   defsig_rtmem_inner.o
        14          0          0          0          0         80   defsig_rtmem_outer.o
        52         38          0          0          0         76   defsig_rtred_inner.o
        14          0          0          0          0         80   defsig_rtred_outer.o
        18          0          0          0          0         80   exit.o
        76          0          0          0          0         88   fclose.o
         8          0          0          0          0         68   ferror.o
       236          4          0          0          0        128   fopen.o
       248          6          0          0          0         84   fseek.o
        66          0          0          0          0         76   ftell.o
        94          0          0          0          0         80   h1_alloc.o
        52          0          0          0          0         68   h1_extend.o
        78          0          0          0          0         80   h1_free.o
        14          0          0          0          0         84   h1_init.o
       184          0          0          0          0         92   h1_realloc.o
         6          0          0          0          0        152   heapauxi.o
         4          0          0          0          0        136   hguard.o
         0          0          0          0          0          0   indicate_semi.o
       138          0          0          0          0        168   init_alloc.o
       312         46          0          0          0        112   initio.o
        18          0          0          0          0         76   isspace.o
        44         10        272          0          0         76   lc_ctype_c.o
        44         10         28          0          0         76   lc_numeric_c.o
         2          0          0          0          0          0   libinit.o
        46          0          0          0          0          0   libinit2.o
         2          0          0          0          0          0   libshutdown.o
         6          0          0          0          0          0   libshutdown2.o
         8          4          0          0         96         68   libspace.o
        38          0          0          0          0         68   llshl.o
       138          0          0          0          0         80   lludiv10.o
       238          0          0          0          0        100   lludivv7m.o
         0          0          0          0          0          0   maybetermalloc1.o
        16          4          0          0          0         76   rt_ctype_table.o
         8          4          0          0          0         68   rt_errno_addr_intlibspace.o
         8          4          0          0          0         68   rt_heap_descriptor_intlibspace.o
         8          4          0          0          0         68   rt_locale_intlibspace.o
        68          0          0          0          0         68   rt_memclr.o
        78          0          0          0          0         80   rt_memclr_w.o
       138          0          0          0          0         68   rt_memcpy_v6.o
       100          0          0          0          0         80   rt_memcpy_w.o
         2          0          0          0          0          0   rtexit.o
        10          0          0          0          0          0   rtexit2.o
        44          8          0          0          0         84   scanf_char.o
      1288         16          0          0          0        168   scanf_fp.o
       806         14          0          0          0        100   scanf_hexfp.o
       314         16          0          0          0        100   scanf_infnan.o
        70          0          0          0          0         80   setvbuf.o
       240          6          0          0          0        156   stdio.o
         0          0          0         12        252          0   stdio_streams.o
       128          0          0          0          0         68   strcmpv7m.o
        72          0          0          0          0         80   strcpy.o
        62          0          0          0          0         76   strlen.o
       150          0          0          0          0         80   strncmp.o
       164         14          0          0          0        120   strtod.o
        12          4          0          0          0         68   sys_exit.o
       102          0         12          0          0        240   sys_io.o
        74          0          0          0          0         80   sys_stackheap_outer.o
        14          0          0          0          0         76   sys_wrch.o
        26          0          0          0          0         76   tolower.o
         2          0          0          0          0         68   use_no_semi.o
        98          4          0          0          0        140   d2f.o
       804         16          0          0          0        368   daddsub_clz.o
        16          4          0          0          0        116   dcheck1.o
        24          0          0          0          0        116   dcmpi.o
       120          4          0          0          0        140   deqf.o
        94          4          0          0          0        140   dfix.o
        46          0          0          0          0        116   dflt_clz.o
       120          4          0          0          0        140   dleqf.o
       340         12          0          0          0        152   dmul.o
       156          4          0          0          0        140   dnaninf.o
        12          0          0          0          0        116   dretinf.o
       108          0          0          0          0        128   drleqf.o
         0          0         16          0          0          0   fpconst.o
        10          0          0          0          0        116   fpinit.o
        10          0          0          0          0        116   fretinf.o
         6          0          0          0          0        116   istatus.o
         4          0          0          0          0        116   printf1.o
       100          0          0          0          0        116   retnan.o
        92          0          0          0          0        116   scalbn.o
         4          0          0          0          0        116   scanf1.o
         8          0          0          0          0        132   scanf2.o
        48          0          0          0          0        116   trapv.o
         0          0          0          0          0          0   usenofp.o
        64         16          0          0          0        248   dunder.o
        20          0          0          0          0        124   fabs.o
        48          0          0          0          0        124   fpclassify.o
       140         22          0          0          0        132   frexp.o
       228          8          0          0          0        308   ldexp.o
       266         16          0          0          0        308   narrow.o
        40         10          0          0          0        128   strtod.o

    ----------------------------------------------------------------------
     15496        620        536         12        352      12200   Library Totals
        30          0          3          0          4          0   (incl. Padding)

    ----------------------------------------------------------------------

      Code (inc. data)   RO Data    RW Data    ZI Data      Debug   Library Name

     12440        496        517         12        348       7956   c_w.l
      2220         52         16          0          0       2872   fz_wm.l
       806         72          0          0          0       1372   m_wm.l

    ----------------------------------------------------------------------
     15496        620        536         12        352      12200   Library Totals

    ----------------------------------------------------------------------

==============================================================================


      Code (inc. data)   RO Data    RW Data    ZI Data      Debug   

     60080       3008     176632        900      43532    1533842   Grand Totals
     60080       3008     176632         36      43532    1533842   ELF Image Totals (compressed)
     60080       3008     176632         36          0          0   ROM Totals

==============================================================================

    Total RO  Size (Code + RO Data)               236712 ( 231.16kB)
    Total RW  Size (RW Data + ZI Data)             44432 (  43.39kB)
    Total ROM Size (Code + RO Data + RW Data)     236748 ( 231.20kB)

==============================================================================

