Component: ARM Compiler 5.06 update 7 (build 960) Tool: armlink [4d3601]

==============================================================================

Section Cross References

    startup_stm32l4p5xx.o(RESET) refers to startup_stm32l4p5xx.o(STACK) for __initial_sp
    startup_stm32l4p5xx.o(RESET) refers to startup_stm32l4p5xx.o(.text) for Reset_Handler
    startup_stm32l4p5xx.o(RESET) refers to stm32l4xx_it.o(i.NMI_Handler) for NMI_Handler
    startup_stm32l4p5xx.o(RESET) refers to stm32l4xx_it.o(i.HardFault_Handler) for HardFault_Handler
    startup_stm32l4p5xx.o(RESET) refers to stm32l4xx_it.o(i.MemManage_Handler) for MemManage_Handler
    startup_stm32l4p5xx.o(RESET) refers to stm32l4xx_it.o(i.BusFault_Handler) for BusFault_Handler
    startup_stm32l4p5xx.o(RESET) refers to stm32l4xx_it.o(i.UsageFault_Handler) for UsageFault_Handler
    startup_stm32l4p5xx.o(RESET) refers to port.o(.emb_text) for SVC_Handler
    startup_stm32l4p5xx.o(RESET) refers to stm32l4xx_it.o(i.DebugMon_Handler) for DebugMon_Handler
    startup_stm32l4p5xx.o(RESET) refers to port.o(i.SysTick_Handler) for SysTick_Handler
    startup_stm32l4p5xx.o(RESET) refers to stm32l4xx_it.o(i.TIM1_UP_TIM16_IRQHandler) for TIM1_UP_TIM16_IRQHandler
    startup_stm32l4p5xx.o(RESET) refers to stm32l4xx_it.o(i.USART2_IRQHandler) for USART2_IRQHandler
    startup_stm32l4p5xx.o(RESET) refers to stm32l4xx_it.o(i.SDMMC2_IRQHandler) for SDMMC2_IRQHandler
    startup_stm32l4p5xx.o(RESET) refers to stm32l4xx_it.o(i.LPUART1_IRQHandler) for LPUART1_IRQHandler
    startup_stm32l4p5xx.o(.text) refers to system_stm32l4xx.o(i.SystemInit) for SystemInit
    startup_stm32l4p5xx.o(.text) refers to entry.o(.ARM.Collect$$$$00000000) for __main
    cjson.o(i.add_item_to_object) refers to cjson.o(i.cJSON_strdup) for cJSON_strdup
    cjson.o(i.add_item_to_object) refers to cjson.o(i.add_item_to_array) for add_item_to_array
    cjson.o(i.cJSON_AddArrayToObject) refers to cjson.o(i.cJSON_CreateArray) for cJSON_CreateArray
    cjson.o(i.cJSON_AddArrayToObject) refers to cjson.o(i.add_item_to_object) for add_item_to_object
    cjson.o(i.cJSON_AddArrayToObject) refers to cjson.o(i.cJSON_Delete) for cJSON_Delete
    cjson.o(i.cJSON_AddArrayToObject) refers to cjson.o(.data) for .data
    cjson.o(i.cJSON_AddBoolToObject) refers to cjson.o(i.cJSON_CreateBool) for cJSON_CreateBool
    cjson.o(i.cJSON_AddBoolToObject) refers to cjson.o(i.add_item_to_object) for add_item_to_object
    cjson.o(i.cJSON_AddBoolToObject) refers to cjson.o(i.cJSON_Delete) for cJSON_Delete
    cjson.o(i.cJSON_AddBoolToObject) refers to cjson.o(.data) for .data
    cjson.o(i.cJSON_AddFalseToObject) refers to cjson.o(i.cJSON_CreateFalse) for cJSON_CreateFalse
    cjson.o(i.cJSON_AddFalseToObject) refers to cjson.o(i.add_item_to_object) for add_item_to_object
    cjson.o(i.cJSON_AddFalseToObject) refers to cjson.o(i.cJSON_Delete) for cJSON_Delete
    cjson.o(i.cJSON_AddFalseToObject) refers to cjson.o(.data) for .data
    cjson.o(i.cJSON_AddItemReferenceToArray) refers to cjson.o(i.create_reference) for create_reference
    cjson.o(i.cJSON_AddItemReferenceToArray) refers to cjson.o(i.add_item_to_array) for add_item_to_array
    cjson.o(i.cJSON_AddItemReferenceToArray) refers to cjson.o(.data) for .data
    cjson.o(i.cJSON_AddItemReferenceToObject) refers to cjson.o(i.create_reference) for create_reference
    cjson.o(i.cJSON_AddItemReferenceToObject) refers to cjson.o(i.add_item_to_object) for add_item_to_object
    cjson.o(i.cJSON_AddItemReferenceToObject) refers to cjson.o(.data) for .data
    cjson.o(i.cJSON_AddItemToArray) refers to cjson.o(i.add_item_to_array) for add_item_to_array
    cjson.o(i.cJSON_AddItemToObject) refers to cjson.o(i.add_item_to_object) for add_item_to_object
    cjson.o(i.cJSON_AddItemToObject) refers to cjson.o(.data) for .data
    cjson.o(i.cJSON_AddItemToObjectCS) refers to cjson.o(i.add_item_to_object) for add_item_to_object
    cjson.o(i.cJSON_AddItemToObjectCS) refers to cjson.o(.data) for .data
    cjson.o(i.cJSON_AddNullToObject) refers to cjson.o(i.cJSON_CreateNull) for cJSON_CreateNull
    cjson.o(i.cJSON_AddNullToObject) refers to cjson.o(i.add_item_to_object) for add_item_to_object
    cjson.o(i.cJSON_AddNullToObject) refers to cjson.o(i.cJSON_Delete) for cJSON_Delete
    cjson.o(i.cJSON_AddNullToObject) refers to cjson.o(.data) for .data
    cjson.o(i.cJSON_AddNumberToObject) refers to cjson.o(i.cJSON_CreateNumber) for cJSON_CreateNumber
    cjson.o(i.cJSON_AddNumberToObject) refers to cjson.o(i.add_item_to_object) for add_item_to_object
    cjson.o(i.cJSON_AddNumberToObject) refers to cjson.o(i.cJSON_Delete) for cJSON_Delete
    cjson.o(i.cJSON_AddNumberToObject) refers to cjson.o(.data) for .data
    cjson.o(i.cJSON_AddObjectToObject) refers to cjson.o(i.cJSON_CreateObject) for cJSON_CreateObject
    cjson.o(i.cJSON_AddObjectToObject) refers to cjson.o(i.add_item_to_object) for add_item_to_object
[...]
    HAL_SD_InitCard                          0x080037dd   Thumb Code   174  stm32l4xx_hal_sd.o(i.HAL_SD_InitCard)
    HAL_SD_MspInit                           0x080038a1   Thumb Code   186  sdmmc.o(i.HAL_SD_MspInit)
    HAL_SD_ReadBlocks_DMA                    0x08003969   Thumb Code   206  stm32l4xx_hal_sd.o(i.HAL_SD_ReadBlocks_DMA)
    HAL_SD_RxCpltCallback                    0x08003a3d   Thumb Code     8  bsp_driver_sd.o(i.HAL_SD_RxCpltCallback)
    HAL_SD_TxCpltCallback                    0x08003a45   Thumb Code     8  bsp_driver_sd.o(i.HAL_SD_TxCpltCallback)
    HAL_SD_WriteBlocks_DMA                   0x08003a4d   Thumb Code   206  stm32l4xx_hal_sd.o(i.HAL_SD_WriteBlocks_DMA)
    HAL_TIMEx_Break2Callback                 0x08003b21   Thumb Code     2  stm32l4xx_hal_tim_ex.o(i.HAL_TIMEx_Break2Callback)
    HAL_TIMEx_BreakCallback                  0x08003b23   Thumb Code     2  stm32l4xx_hal_tim_ex.o(i.HAL_TIMEx_BreakCallback)
    HAL_TIMEx_CommutCallback                 0x08003b25   Thumb Code     2  stm32l4xx_hal_tim_ex.o(i.HAL_TIMEx_CommutCallback)
    HAL_TIM_Base_Init                        0x08003b27   Thumb Code    98  stm32l4xx_hal_tim.o(i.HAL_TIM_Base_Init)
    HAL_TIM_Base_MspInit                     0x08003b89   Thumb Code     2  stm32l4xx_hal_tim.o(i.HAL_TIM_Base_MspInit)
    HAL_TIM_Base_Start_IT                    0x08003b8d   Thumb Code   100  stm32l4xx_hal_tim.o(i.HAL_TIM_Base_Start_IT)
    HAL_TIM_IC_CaptureCallback               0x08003c0d   Thumb Code     2  stm32l4xx_hal_tim.o(i.HAL_TIM_IC_CaptureCallback)
    HAL_TIM_IRQHandler                       0x08003c0f   Thumb Code   330  stm32l4xx_hal_tim.o(i.HAL_TIM_IRQHandler)
    HAL_TIM_OC_DelayElapsedCallback          0x08003d59   Thumb Code     2  stm32l4xx_hal_tim.o(i.HAL_TIM_OC_DelayElapsedCallback)
    HAL_TIM_PWM_PulseFinishedCallback        0x08003d5b   Thumb Code     2  stm32l4xx_hal_tim.o(i.HAL_TIM_PWM_PulseFinishedCallback)
    HAL_TIM_PeriodElapsedCallback            0x08003d5d   Thumb Code    14  main.o(i.HAL_TIM_PeriodElapsedCallback)
    HAL_TIM_TriggerCallback                  0x08003d71   Thumb Code     2  stm32l4xx_hal_tim.o(i.HAL_TIM_TriggerCallback)
    HAL_UARTEx_DisableFifoMode               0x08003d73   Thumb Code    62  stm32l4xx_hal_uart_ex.o(i.HAL_UARTEx_DisableFifoMode)
    HAL_UARTEx_RxEventCallback               0x08003db1   Thumb Code     2  stm32l4xx_hal_uart.o(i.HAL_UARTEx_RxEventCallback)
    HAL_UARTEx_RxFifoFullCallback            0x08003db3   Thumb Code     2  stm32l4xx_hal_uart_ex.o(i.HAL_UARTEx_RxFifoFullCallback)
    HAL_UARTEx_SetRxFifoThreshold            0x08003db5   Thumb Code    76  stm32l4xx_hal_uart_ex.o(i.HAL_UARTEx_SetRxFifoThreshold)
    HAL_UARTEx_SetTxFifoThreshold            0x08003e01   Thumb Code    76  stm32l4xx_hal_uart_ex.o(i.HAL_UARTEx_SetTxFifoThreshold)
    HAL_UARTEx_TxFifoEmptyCallback           0x08003e4d   Thumb Code     2  stm32l4xx_hal_uart_ex.o(i.HAL_UARTEx_TxFifoEmptyCallback)
    HAL_UARTEx_WakeupCallback                0x08003e4f   Thumb Code     2  stm32l4xx_hal_uart_ex.o(i.HAL_UARTEx_WakeupCallback)
    HAL_UART_ErrorCallback                   0x08003e51   Thumb Code     2  stm32l4xx_hal_uart.o(i.HAL_UART_ErrorCallback)
    HAL_UART_IRQHandler                      0x08003e55   Thumb Code   782  stm32l4xx_hal_uart.o(i.HAL_UART_IRQHandler)
    HAL_UART_Init                            0x08004171   Thumb Code   106  stm32l4xx_hal_uart.o(i.HAL_UART_Init)
    HAL_UART_MspInit                         0x080041dd   Thumb Code   230  usart.o(i.HAL_UART_MspInit)
    HAL_UART_Receive_IT                      0x080042d5   Thumb Code    66  stm32l4xx_hal_uart.o(i.HAL_UART_Receive_IT)
    HAL_UART_RxCpltCallback                  0x0800431d   Thumb Code   314  usart.o(i.HAL_UART_RxCpltCallback)
    HAL_UART_Transmit                        0x08004481   Thumb Code   174  stm32l4xx_hal_uart.o(i.HAL_UART_Transmit)
    HAL_UART_TxCpltCallback                  0x0800452f   Thumb Code     2  stm32l4xx_hal_uart.o(i.HAL_UART_TxCpltCallback)
    HardFault_Handler                        0x08004531   Thumb Code     2  stm32l4xx_it.o(i.HardFault_Handler)
    LPUART1_IRQHandler                       0x08004535   Thumb Code     6  stm32l4xx_it.o(i.LPUART1_IRQHandler)
    MX_FATFS_Init                            0x08004541   Thumb Code    18  fatfs.o(i.MX_FATFS_Init)
    MX_FREERTOS_Init                         0x0800455d   Thumb Code   264  freertos.o(i.MX_FREERTOS_Init)
    MX_GPIO_Init                             0x0800466d   Thumb Code   220  gpio.o(i.MX_GPIO_Init)
    MX_LPUART1_UART_Init                     0x08004759   Thumb Code    94  usart.o(i.MX_LPUART1_UART_Init)
    MX_RTC_Init                              0x080047c1   Thumb Code   194  rtc.o(i.MX_RTC_Init)
    MX_SDMMC2_SD_Init                        0x08004891   Thumb Code    60  sdmmc.o(i.MX_SDMMC2_SD_Init)
    MX_USART2_UART_Init                      0x080048d5   Thumb Code    94  usart.o(i.MX_USART2_UART_Init)
    MemManage_Handler                        0x0800493d   Thumb Code     2  stm32l4xx_it.o(i.MemManage_Handler)
    NMI_Handler                              0x0800493f   Thumb Code     2  stm32l4xx_it.o(i.NMI_Handler)
    RTC_Bcd2ToByte                           0x08004d81   Thumb Code    18  stm32l4xx_hal_rtc.o(i.RTC_Bcd2ToByte)
    RTC_ByteToBcd2                           0x08004d93   Thumb Code    24  stm32l4xx_hal_rtc.o(i.RTC_ByteToBcd2)
    RTC_EnterInitMode                        0x08004dad   Thumb Code    74  stm32l4xx_hal_rtc.o(i.RTC_EnterInitMode)
    RTC_ExitInitMode                         0x08004df9   Thumb Code    84  stm32l4xx_hal_rtc.o(i.RTC_ExitInitMode)
    SDMMC2_IRQHandler                        0x08004e51   Thumb Code     6  stm32l4xx_it.o(i.SDMMC2_IRQHandler)
    SDMMC_CmdAppCommand                      0x08004e5d   Thumb Code    52  stm32l4xx_ll_sdmmc.o(i.SDMMC_CmdAppCommand)
    SDMMC_CmdAppOperCommand                  0x08004e91   Thumb Code    46  stm32l4xx_ll_sdmmc.o(i.SDMMC_CmdAppOperCommand)
    SDMMC_CmdBlockLength                     0x08004ebf   Thumb Code    50  stm32l4xx_ll_sdmmc.o(i.SDMMC_CmdBlockLength)
    SDMMC_CmdBusWidth                        0x08004ef1   Thumb Code    52  stm32l4xx_ll_sdmmc.o(i.SDMMC_CmdBusWidth)
    SDMMC_CmdGoIdleState                     0x08004f25   Thumb Code    74  stm32l4xx_ll_sdmmc.o(i.SDMMC_CmdGoIdleState)
    SDMMC_CmdOperCond                        0x08004f79   Thumb Code    48  stm32l4xx_ll_sdmmc.o(i.SDMMC_CmdOperCond)
    SDMMC_CmdReadMultiBlock                  0x08004fa9   Thumb Code    52  stm32l4xx_ll_sdmmc.o(i.SDMMC_CmdReadMultiBlock)
    SDMMC_CmdReadSingleBlock                 0x08004fdd   Thumb Code    52  stm32l4xx_ll_sdmmc.o(i.SDMMC_CmdReadSingleBlock)
    SDMMC_CmdSelDesel                        0x08005011   Thumb Code    52  stm32l4xx_ll_sdmmc.o(i.SDMMC_CmdSelDesel)
    SDMMC_CmdSendCID                         0x08005045   Thumb Code    46  stm32l4xx_ll_sdmmc.o(i.SDMMC_CmdSendCID)
    SDMMC_CmdSendCSD                         0x08005073   Thumb Code    46  stm32l4xx_ll_sdmmc.o(i.SDMMC_CmdSendCSD)
    SDMMC_CmdSendSCR                         0x080050a1   Thumb Code    50  stm32l4xx_ll_sdmmc.o(i.SDMMC_CmdSendSCR)
    SDMMC_CmdSendStatus                      0x080050d3   Thumb Code    52  stm32l4xx_ll_sdmmc.o(i.SDMMC_CmdSendStatus)
    SDMMC_CmdSetRelAdd                       0x08005107   Thumb Code    50  stm32l4xx_ll_sdmmc.o(i.SDMMC_CmdSetRelAdd)
    SDMMC_CmdStatusRegister                  0x08005139   Thumb Code    50  stm32l4xx_ll_sdmmc.o(i.SDMMC_CmdStatusRegister)
    SDMMC_CmdStopTransfer                    0x0800516d   Thumb Code    72  stm32l4xx_ll_sdmmc.o(i.SDMMC_CmdStopTransfer)
    SDMMC_CmdVoltageSwitch                   0x080051b9   Thumb Code    50  stm32l4xx_ll_sdmmc.o(i.SDMMC_CmdVoltageSwitch)
    SDMMC_CmdWriteMultiBlock                 0x080051eb   Thumb Code    52  stm32l4xx_ll_sdmmc.o(i.SDMMC_CmdWriteMultiBlock)
    SDMMC_CmdWriteSingleBlock                0x0800521f   Thumb Code    52  stm32l4xx_ll_sdmmc.o(i.SDMMC_CmdWriteSingleBlock)
    SDMMC_ConfigData                         0x08005253   Thumb Code    36  stm32l4xx_ll_sdmmc.o(i.SDMMC_ConfigData)
    SDMMC_GetCmdResp1                        0x08005279   Thumb Code   280  stm32l4xx_ll_sdmmc.o(i.SDMMC_GetCmdResp1)
    SDMMC_GetCmdResp2                        0x0800539d   Thumb Code    76  stm32l4xx_ll_sdmmc.o(i.SDMMC_GetCmdResp2)
    SDMMC_GetCmdResp3                        0x080053f1   Thumb Code    62  stm32l4xx_ll_sdmmc.o(i.SDMMC_GetCmdResp3)
    SDMMC_GetCmdResp6                        0x08005439   Thumb Code   130  stm32l4xx_ll_sdmmc.o(i.SDMMC_GetCmdResp6)
    SDMMC_GetCmdResp7                        0x080054c5   Thumb Code    82  stm32l4xx_ll_sdmmc.o(i.SDMMC_GetCmdResp7)
    SDMMC_GetPowerState                      0x0800551d   Thumb Code     8  stm32l4xx_ll_sdmmc.o(i.SDMMC_GetPowerState)
    SDMMC_GetResponse                        0x08005525   Thumb Code     6  stm32l4xx_ll_sdmmc.o(i.SDMMC_GetResponse)
    SDMMC_Init                               0x0800552d   Thumb Code    28  stm32l4xx_ll_sdmmc.o(i.SDMMC_Init)
    SDMMC_PowerState_ON                      0x0800554d   Thumb Code    20  stm32l4xx_ll_sdmmc.o(i.SDMMC_PowerState_ON)
    SDMMC_ReadFIFO                           0x08005561   Thumb Code     6  stm32l4xx_ll_sdmmc.o(i.SDMMC_ReadFIFO)
    SDMMC_SendCommand                        0x08005569   Thumb Code    32  stm32l4xx_ll_sdmmc.o(i.SDMMC_SendCommand)
    SDMMC_WriteFIFO                          0x0800558d   Thumb Code    10  stm32l4xx_ll_sdmmc.o(i.SDMMC_WriteFIFO)
    SDTask                                   0x08005599   Thumb Code   142  sdtask.o(i.SDTask)
    SD_initialize                            0x08005a95   Thumb Code    74  sd_diskio.o(i.SD_initialize)
    SD_ioctl                                 0x08005ae9   Thumb Code    76  sd_diskio.o(i.SD_ioctl)
    SD_read                                  0x08005b39   Thumb Code    98  sd_diskio.o(i.SD_read)
    SD_status                                0x08005ba7   Thumb Code     4  sd_diskio.o(i.SD_status)
    SD_write                                 0x08005bad   Thumb Code    98  sd_diskio.o(i.SD_write)
    SaveTask                                 0x08005c1d   Thumb Code   282  savetask.o(i.SaveTask)
    StartDefaultTask                         0x08005d6d   Thumb Code    24  freertos.o(i.StartDefaultTask)
    SysTick_Handler                          0x08005d85   Thumb Code    38  port.o(i.SysTick_Handler)
    SystemClock_Config                       0x08005db1   Thumb Code   132  main.o(i.SystemClock_Config)
    SystemInit                               0x08005e39   Thumb Code    12  system_stm32l4xx.o(i.SystemInit)
    TIM1_UP_TIM16_IRQHandler                 0x08005e49   Thumb Code     6  stm32l4xx_it.o(i.TIM1_UP_TIM16_IRQHandler)
    TIM_Base_SetConfig                       0x08005e55   Thumb Code   174  stm32l4xx_hal_tim.o(i.TIM_Base_SetConfig)
    UART_AdvFeatureConfig                    0x08005f69   Thumb Code   200  stm32l4xx_hal_uart.o(i.UART_AdvFeatureConfig)
    UART_CheckIdleState                      0x08006031   Thumb Code   172  stm32l4xx_hal_uart.o(i.UART_CheckIdleState)
    UART_SetConfig                           0x08006615   Thumb Code   614  stm32l4xx_hal_uart.o(i.UART_SetConfig)
    UART_Start_Receive_IT                    0x080068ad   Thumb Code   256  stm32l4xx_hal_uart.o(i.UART_Start_Receive_IT)
    UART_WaitOnFlagUntilTimeout              0x080069bd   Thumb Code   148  stm32l4xx_hal_uart.o(i.UART_WaitOnFlagUntilTimeout)
    UISet_Date                               0x08006a51   Thumb Code    34  rtc.o(i.UISet_Date)
    UISet_Time                               0x08006a7d   Thumb Code    20  rtc.o(i.UISet_Time)
    USART2_IRQHandler                        0x08006a95   Thumb Code     6  stm32l4xx_it.o(i.USART2_IRQHandler)
    UsageFault_Handler                       0x08006aa1   Thumb Code     2  stm32l4xx_it.o(i.UsageFault_Handler)
    __0printf                                0x08006aa5   Thumb Code    22  printfa.o(i.__0printf)
    __1printf                                0x08006aa5   Thumb Code     0  printfa.o(i.__0printf)
    __2printf                                0x08006aa5   Thumb Code     0  printfa.o(i.__0printf)
    __c89printf                              0x08006aa5   Thumb Code     0  printfa.o(i.__0printf)
    printf                                   0x08006aa5   Thumb Code     0  printfa.o(i.__0printf)
    __0snprintf                              0x08006ac5   Thumb Code    48  printfa.o(i.__0snprintf)
    __1snprintf                              0x08006ac5   Thumb Code     0  printfa.o(i.__0snprintf)
    __2snprintf                              0x08006ac5   Thumb Code     0  printfa.o(i.__0snprintf)
    __c89snprintf                            0x08006ac5   Thumb Code     0  printfa.o(i.__0snprintf)
    snprintf                                 0x08006ac5   Thumb Code     0  printfa.o(i.__0snprintf)
    __0sprintf                               0x08006af9   Thumb Code    34  printfa.o(i.__0sprintf)
    __1sprintf                               0x08006af9   Thumb Code     0  printfa.o(i.__0sprintf)
    __2sprintf                               0x08006af9   Thumb Code     0  printfa.o(i.__0sprintf)
    __c89sprintf                             0x08006af9   Thumb Code     0  printfa.o(i.__0sprintf)
    sprintf                                  0x08006af9   Thumb Code     0  printfa.o(i.__0sprintf)
    free                                     0x08006b41   Thumb Code    88  mallocr.o(i.__free$realloc)
    __hardfp_fabs                            0x08006b9d   Thumb Code    20  fabs.o(i.__hardfp_fabs)
    __hardfp_strtod                          0x08006bb1   Thumb Code    30  strtod.o(i.__hardfp_strtod)
    malloc                                   0x08006bd9   Thumb Code    64  mallocr.o(i.__malloc$realloc)
    __scatterload_copy                       0x08006c29   Thumb Code    14  handlers.o(i.__scatterload_copy)
    __scatterload_null                       0x08006c37   Thumb Code     2  handlers.o(i.__scatterload_null)
    __scatterload_zeroinit                   0x08006c39   Thumb Code    14  handlers.o(i.__scatterload_zeroinit)
    _is_digit                                0x08006dd3   Thumb Code    14  scanf_fp.o(i._is_digit)
    cJSON_AddNumberToObject                  0x080075c1   Thumb Code    42  cjson.o(i.cJSON_AddNumberToObject)
    cJSON_AddStringToObject                  0x080075f1   Thumb Code    44  cjson.o(i.cJSON_AddStringToObject)
    cJSON_CreateNumber                       0x08007621   Thumb Code    98  cjson.o(i.cJSON_CreateNumber)
    cJSON_CreateObject                       0x08007699   Thumb Code    18  cjson.o(i.cJSON_CreateObject)
    cJSON_CreateString                       0x080076b1   Thumb Code    44  cjson.o(i.cJSON_CreateString)
    cJSON_Delete                             0x080076e1   Thumb Code    66  cjson.o(i.cJSON_Delete)
    cJSON_GetNumberValue                     0x08007729   Thumb Code    22  cjson.o(i.cJSON_GetNumberValue)
    cJSON_GetObjectItem                      0x08007749   Thumb Code     6  cjson.o(i.cJSON_GetObjectItem)
    cJSON_GetStringValue                     0x0800774f   Thumb Code    16  cjson.o(i.cJSON_GetStringValue)
    cJSON_IsNumber                           0x0800775f   Thumb Code    18  cjson.o(i.cJSON_IsNumber)
    cJSON_IsString                           0x08007771   Thumb Code    18  cjson.o(i.cJSON_IsString)
    cJSON_ParseWithLength                    0x08007799   Thumb Code     8  cjson.o(i.cJSON_ParseWithLength)
    cJSON_ParseWithLengthOpts                0x080077a1   Thumb Code   210  cjson.o(i.cJSON_ParseWithLengthOpts)
    cJSON_Print                              0x0800787d   Thumb Code     8  cjson.o(i.cJSON_Print)
    delete_all_files                         0x08007c49   Thumb Code   146  sdtask.o(i.delete_all_files)
    disk_initialize                          0x08008001   Thumb Code    36  diskio.o(i.disk_initialize)
    disk_ioctl                               0x08008029   Thumb Code    24  diskio.o(i.disk_ioctl)
    disk_read                                0x08008045   Thumb Code    24  diskio.o(i.disk_read)
    disk_status                              0x08008061   Thumb Code    18  diskio.o(i.disk_status)
    disk_write                               0x08008079   Thumb Code    24  diskio.o(i.disk_write)
    f_close                                  0x0800811f   Thumb Code    48  ff.o(i.f_close)
    f_closedir                               0x0800814f   Thumb Code    42  ff.o(i.f_closedir)
    f_gets                                   0x08008179   Thumb Code    72  ff.o(i.f_gets)
    f_mount                                  0x080081c1   Thumb Code   118  ff.o(i.f_mount)
    f_open                                   0x0800823d   Thumb Code   542  ff.o(i.f_open)
    f_opendir                                0x08008461   Thumb Code   138  ff.o(i.f_opendir)
    f_read                                   0x080084eb   Thumb Code   420  ff.o(i.f_read)
    f_readdir                                0x08008695   Thumb Code    80  ff.o(i.f_readdir)
    f_sync                                   0x080086e5   Thumb Code   162  ff.o(i.f_sync)
    f_unlink                                 0x08008787   Thumb Code   172  ff.o(i.f_unlink)
    f_write                                  0x08008833   Thumb Code   476  ff.o(i.f_write)
    ff_cre_syncobj                           0x08008a15   Thumb Code    28  syscall.o(i.ff_cre_syncobj)
    ff_del_syncobj                           0x08008a31   Thumb Code    10  syscall.o(i.ff_del_syncobj)
    ff_rel_grant                             0x08008a3b   Thumb Code     4  syscall.o(i.ff_rel_grant)
    ff_req_grant                             0x08008a3f   Thumb Code    20  syscall.o(i.ff_req_grant)
    fputc                                    0x08008d65   Thumb Code    20  usart.o(i.fputc)
    get_fattime                              0x08008e65   Thumb Code     4  fatfs.o(i.get_fattime)
    list_dir                                 0x080090a5   Thumb Code   146  sdtask.o(i.list_dir)
    main                                     0x08009199   Thumb Code    42  main.o(i.main)
    osDelay                                  0x08009221   Thumb Code    14  cmsis_os.o(i.osDelay)
    osKernelRunning                          0x0800922f   Thumb Code    18  cmsis_os.o(i.osKernelRunning)
    osKernelStart                            0x08009241   Thumb Code    10  cmsis_os.o(i.osKernelStart)
    osKernelSysTick                          0x0800924b   Thumb Code    24  cmsis_os.o(i.osKernelSysTick)
    osMessageCreate                          0x08009263   Thumb Code    38  cmsis_os.o(i.osMessageCreate)
    osMessageGet                             0x08009289   Thumb Code   144  cmsis_os.o(i.osMessageGet)
    osMessagePut                             0x08009325   Thumb Code    86  cmsis_os.o(i.osMessagePut)
    osMutexCreate                            0x08009381   Thumb Code    16  cmsis_os.o(i.osMutexCreate)
    osMutexRelease                           0x08009391   Thumb Code    74  cmsis_os.o(i.osMutexRelease)
    osMutexWait                              0x080093e1   Thumb Code    96  cmsis_os.o(i.osMutexWait)
    osPoolAlloc                              0x08009445   Thumb Code   106  cmsis_os.o(i.osPoolAlloc)
    osPoolCreate                             0x080094af   Thumb Code    94  cmsis_os.o(i.osPoolCreate)
    osPoolFree                               0x0800950d   Thumb Code    48  cmsis_os.o(i.osPoolFree)
    osSemaphoreCreate                        0x0800953d   Thumb Code    62  cmsis_os.o(i.osSemaphoreCreate)
    osSemaphoreDelete                        0x0800957b   Thumb Code    24  cmsis_os.o(i.osSemaphoreDelete)
    osSemaphoreRelease                       0x08009595   Thumb Code    74  cmsis_os.o(i.osSemaphoreRelease)
    osSemaphoreWait                          0x080095e5   Thumb Code    96  cmsis_os.o(i.osSemaphoreWait)
    osThreadCreate                           0x08009649   Thumb Code    84  cmsis_os.o(i.osThreadCreate)
    pvPortMalloc                             0x0800a6f9   Thumb Code   216  heap_4.o(i.pvPortMalloc)
    pvTaskIncrementMutexHeldCount            0x0800a7d5   Thumb Code    18  tasks.o(i.pvTaskIncrementMutexHeldCount)
    pxPortInitialiseStack                    0x0800a7ed   Thumb Code    40  port.o(i.pxPortInitialiseStack)
    read_data                                0x0800a819   Thumb Code   102  sdtask.o(i.read_data)
    realloc                                  0x0800a889   Thumb Code   102  mallocr.o(i.realloc)
    reboot                                   0x0800a8f5   Thumb Code    46  cmd.o(i.reboot)
    save_data                                0x0800a9a9   Thumb Code    96  sdtask.o(i.save_data)
    sdCMD                                    0x0800aa29   Thumb Code   328  cmd.o(i.sdCMD)
    sum                                      0x0800ac05   Thumb Code   190  cmd.o(i.sum)
    timeRTC                                  0x0800adc5   Thumb Code   242  cmd.o(i.timeRTC)
    trans                                    0x0800af01   Thumb Code    86  cmd.o(i.trans)
    uxListRemove                             0x0800b06f   Thumb Code    38  list.o(i.uxListRemove)
    vApplicationGetIdleTaskMemory            0x0800b095   Thumb Code    16  freertos.o(i.vApplicationGetIdleTaskMemory)
    vListInitialise                          0x0800b0a9   Thumb Code    22  list.o(i.vListInitialise)
    vListInitialiseItem                      0x0800b0bf   Thumb Code     6  list.o(i.vListInitialiseItem)
    vListInsert                              0x0800b0c5   Thumb Code    48  list.o(i.vListInsert)
    vListInsertEnd                           0x0800b0f5   Thumb Code    24  list.o(i.vListInsertEnd)
    vPortEnterCritical                       0x0800b10d   Thumb Code    54  port.o(i.vPortEnterCritical)
    vPortExitCritical                        0x0800b14d   Thumb Code    34  port.o(i.vPortExitCritical)
    vPortFree                                0x0800b175   Thumb Code    94  heap_4.o(i.vPortFree)
    vPortSetupTimerInterrupt                 0x0800b1d9   Thumb Code    32  port.o(i.vPortSetupTimerInterrupt)
    vPortValidateInterruptPriority           0x0800b1fd   Thumb Code    74  port.o(i.vPortValidateInterruptPriority)
    vQueueDelete                             0x0800b251   Thumb Code    46  queue.o(i.vQueueDelete)
    vQueueUnregisterQueue                    0x0800b281   Thumb Code    36  queue.o(i.vQueueUnregisterQueue)
    vTaskDelay                               0x0800b2a9   Thumb Code    66  tasks.o(i.vTaskDelay)
    vTaskInternalSetTimeOutState             0x0800b2f5   Thumb Code    12  tasks.o(i.vTaskInternalSetTimeOutState)
    vTaskMissedYield                         0x0800b305   Thumb Code     8  tasks.o(i.vTaskMissedYield)
    vTaskPlaceOnEventList                    0x0800b311   Thumb Code    44  tasks.o(i.vTaskPlaceOnEventList)
    vTaskPriorityDisinheritAfterTimeout      0x0800b341   Thumb Code   152  tasks.o(i.vTaskPriorityDisinheritAfterTimeout)
    vTaskStartScheduler                      0x0800b3e1   Thumb Code    90  tasks.o(i.vTaskStartScheduler)
    vTaskSuspendAll                          0x0800b44d   Thumb Code    10  tasks.o(i.vTaskSuspendAll)
    vTaskSwitchContext                       0x0800b45d   Thumb Code    82  tasks.o(i.vTaskSwitchContext)
    xPortStartScheduler                      0x0800b501   Thumb Code   222  port.o(i.xPortStartScheduler)
    xQueueCreateMutex                        0x0800b5f5   Thumb Code    22  queue.o(i.xQueueCreateMutex)
    xQueueCreateMutexStatic                  0x0800b60b   Thumb Code    26  queue.o(i.xQueueCreateMutexStatic)
    xQueueGenericCreate                      0x0800b625   Thumb Code    66  queue.o(i.xQueueGenericCreate)
    xQueueGenericCreateStatic                0x0800b667   Thumb Code   102  queue.o(i.xQueueGenericCreateStatic)
    xQueueGenericReset                       0x0800b6cd   Thumb Code   132  queue.o(i.xQueueGenericReset)
    xQueueGenericSend                        0x0800b755   Thumb Code   346  queue.o(i.xQueueGenericSend)
    xQueueGenericSendFromISR                 0x0800b8b5   Thumb Code   190  queue.o(i.xQueueGenericSendFromISR)
    xQueueGiveFromISR                        0x0800b973   Thumb Code   156  queue.o(i.xQueueGiveFromISR)
    xQueueReceive                            0x0800ba11   Thumb Code   308  queue.o(i.xQueueReceive)
    xQueueReceiveFromISR                     0x0800bb49   Thumb Code   154  queue.o(i.xQueueReceiveFromISR)
    xQueueSemaphoreTake                      0x0800bbe5   Thumb Code   372  queue.o(i.xQueueSemaphoreTake)
    xTaskCheckForTimeOut                     0x0800bd5d   Thumb Code   112  tasks.o(i.xTaskCheckForTimeOut)
    xTaskCreate                              0x0800bdd1   Thumb Code    90  tasks.o(i.xTaskCreate)
    xTaskCreateStatic                        0x0800be31   Thumb Code    86  tasks.o(i.xTaskCreateStatic)
    xTaskGetSchedulerState                   0x0800be89   Thumb Code    22  tasks.o(i.xTaskGetSchedulerState)
    xTaskGetTickCount                        0x0800bea5   Thumb Code     6  tasks.o(i.xTaskGetTickCount)
    xTaskGetTickCountFromISR                 0x0800beb1   Thumb Code    12  tasks.o(i.xTaskGetTickCountFromISR)
    xTaskIncrementTick                       0x0800bec1   Thumb Code   194  tasks.o(i.xTaskIncrementTick)
    xTaskPriorityDisinherit                  0x0800bf8d   Thumb Code   144  tasks.o(i.xTaskPriorityDisinherit)
    xTaskPriorityInherit                     0x0800c025   Thumb Code   130  tasks.o(i.xTaskPriorityInherit)
    xTaskRemoveFromEventList                 0x0800c0b1   Thumb Code   108  tasks.o(i.xTaskRemoveFromEventList)
    xTaskResumeAll                           0x0800c125   Thumb Code   182  tasks.o(i.xTaskResumeAll)
    SD_Driver                                0x0800c2d4   Data          20  sd_diskio.o(.constdata)
    UARTPrescTable                           0x0800c2f8   Data          24  stm32l4xx_hal_uart.o(.constdata)
    AHBPrescTable                            0x0800c320   Data          16  system_stm32l4xx.o(.constdata)
    MSIRangeTable                            0x0800c330   Data          48  system_stm32l4xx.o(.constdata)
    APBPrescTable                            0x0800c360   Data           8  system_stm32l4xx.o(.constdata)
    __ctype_categories                       0x0800c368   Data          64  ctype_c.o(.constdata)
    Region$$Table$$Base                      0x0800c44c   Number         0  anon$$obj.o(Region$$Table)
    Region$$Table$$Limit                     0x0800c46c   Number         0  anon$$obj.o(Region$$Table)
    receiveRx2FromQueneForCmd                0x20000018   Data           4  cmd.o(.data)
    receiveRx1FromQueneForSD                 0x20000020   Data           4  savetask.o(.data)
    sdCmdQueuePoolHandle                     0x200002a8   Data           4  freertos.o(.data)
    rx1QueuePoolHandle                       0x200002ac   Data           4  freertos.o(.data)
    rx2QueuePoolHandle                       0x200002b0   Data           4  freertos.o(.data)
    defaultTaskHandle                        0x200002b4   Data           4  freertos.o(.data)
    cmdTaskHandle                            0x200002b8   Data           4  freertos.o(.data)
    sdTaskHandle                             0x200002bc   Data           4  freertos.o(.data)
    saveTaskHandle                           0x200002c0   Data           4  freertos.o(.data)
    sdCmdQueueHandle                         0x200002c4   Data           4  freertos.o(.data)
    rx1QueueHandle                           0x200002c8   Data           4  freertos.o(.data)
    rx2QueueHandle                           0x200002cc   Data           4  freertos.o(.data)
    printMutexHandle                         0x200002d0   Data           4  freertos.o(.data)
    rtcMutexHandle                           0x200002d4   Data           4  freertos.o(.data)
    aRx1Buffer                               0x200002d8   Data           1  usart.o(.data)
    aRx2Buffer                               0x200002d9   Data           1  usart.o(.data)
    rx1SForQueue                             0x200002dc   Data           4  usart.o(.data)
    rx2SForQueue                             0x200002e0   Data           4  usart.o(.data)
    RTC_DateStruct                           0x200002e4   Data           4  rtc.o(.data)
    retSD                                    0x200002f0   Data           1  fatfs.o(.data)
    SDPath                                   0x200002f1   Data           4  fatfs.o(.data)
    uwTickFreq                               0x200002f8   Data           1  stm32l4xx_hal.o(.data)
    uwTickPrio                               0x200002fc   Data           4  stm32l4xx_hal.o(.data)
    uwTick                                   0x20000300   Data           4  stm32l4xx_hal.o(.data)
    SystemCoreClock                          0x20000304   Data           4  system_stm32l4xx.o(.data)
    pxCurrentTCB                             0x20000310   Data           4  tasks.o(.data)
    __stdout                                 0x20000378   Data           4  stdout.o(.data)
    __microlib_freelist                      0x2000037c   Data           4  mvars.o(.data)
    __microlib_freelist_initialised          0x20000380   Data           4  mvars.o(.data)
    fs                                       0x20000608   Data        4152  sdtask.o(.bss)
    rx1S                                     0x20001894   Data         258  usart.o(.bss)
    rx2S                                     0x20001996   Data         258  usart.o(.bss)
    hlpuart1                                 0x20001a98   Data         148  usart.o(.bss)
    huart2                                   0x20001b2c   Data         148  usart.o(.bss)
    RTC_TimeStruct                           0x20001bc0   Data          20  rtc.o(.bss)
    hrtc                                     0x20001bd4   Data          52  rtc.o(.bss)
    hsd2                                     0x20001c08   Data         128  sdmmc.o(.bss)
    htim1                                    0x20001c88   Data          76  stm32l4xx_hal_timebase_tim.o(.bss)
    disk                                     0x20001cf4   Data          12  ff_gen_drv.o(.bss)
    xQueueRegistry                           0x20001d00   Data          64  queue.o(.bss)
    __heap_base                              0x20005a30   Data           0  startup_stm32l4p5xx.o(HEAP)
    __heap_limit                             0x20007a30   Data           0  startup_stm32l4p5xx.o(HEAP)
    __initial_sp                             0x2000ba30   Data           0  startup_stm32l4p5xx.o(STACK)



==============================================================================

Memory Map of the image

  Image Entry point : 0x080001bd

  Load Region LR_IROM1 (Base: 0x08000000, Size: 0x0000c7f0, Max: 0x00080000, ABSOLUTE, COMPRESSED[0x0000c490])

    Execution Region ER_IROM1 (Exec base: 0x08000000, Load base: 0x08000000, Size: 0x0000c46c, Max: 0x00080000, ABSOLUTE)

    Exec Addr    Load Addr    Size         Type   Attr      Idx    E Section Name        Object

    0x08000000   0x08000000   0x000001bc   Data   RO            3    RESET               startup_stm32l4p5xx.o
    0x080001bc   0x080001bc   0x00000000   Code   RO         8058  * .ARM.Collect$$$$00000000  mc_w.l(entry.o)
    0x080001bc   0x080001bc   0x00000004   Code   RO         8394    .ARM.Collect$$$$00000001  mc_w.l(entry2.o)
    0x080001c0   0x080001c0   0x00000004   Code   RO         8397    .ARM.Collect$$$$00000004  mc_w.l(entry5.o)
    0x080001c4   0x080001c4   0x00000000   Code   RO         8399    .ARM.Collect$$$$00000008  mc_w.l(entry7b.o)
    0x080001c4   0x080001c4   0x00000000   Code   RO         8401    .ARM.Collect$$$$0000000A  mc_w.l(entry8b.o)
    0x080001c4   0x080001c4   0x00000008   Code   RO         8402    .ARM.Collect$$$$0000000B  mc_w.l(entry9a.o)
    0x080001cc   0x080001cc   0x00000004   Code   RO         8409    .ARM.Collect$$$$0000000E  mc_w.l(entry12b.o)
    0x080001d0   0x080001d0   0x00000000   Code   RO         8404    .ARM.Collect$$$$0000000F  mc_w.l(entry10a.o)
    0x080001d0   0x080001d0   0x00000000   Code   RO         8406    .ARM.Collect$$$$00000011  mc_w.l(entry11a.o)
    0x080001d0   0x080001d0   0x00000004   Code   RO         8395    .ARM.Collect$$$$00002712  mc_w.l(entry2.o)
    0x080001d4   0x080001d4   0x000000de   Code   RO         7969    .emb_text           port.o
    0x080002b2   0x080002b2   0x00000002   PAD
    0x080002b4   0x080002b4   0x00000024   Code   RO            4    .text               startup_stm32l4p5xx.o
    0x080002d8   0x080002d8   0x00000068   Code   RO         8061    .text               mc_w.l(uldiv.o)
    0x08000340   0x08000340   0x0000000c   Code   RO         8063    .text               mc_w.l(tolower.o)
    0x0800034c   0x0800034c   0x00000024   Code   RO         8065    .text               mc_w.l(memcpya.o)
    0x08000370   0x08000370   0x00000024   Code   RO         8069    .text               mc_w.l(memseta.o)
    0x08000394   0x08000394   0x0000000e   Code   RO         8073    .text               mc_w.l(strlen.o)
    0x080003a2   0x080003a2   0x0000001c   Code   RO         8075    .text               mc_w.l(strcmp.o)
    0x080003be   0x080003be   0x00000012   Code   RO         8077    .text               mc_w.l(strcpy.o)
    0x080003d0   0x080003d0   0x0000001e   Code   RO         8079    .text               mc_w.l(strncmp.o)
    0x080003ee   0x080003ee   0x00000002   PAD
    0x080003f0   0x080003f0   0x00000038   Code   RO         8374    .text               mc_w.l(__0sscanf.o)
    0x08000428   0x08000428   0x00000366   Code   RO         8376    .text               mc_w.l(scanf_fp.o)
    0x0800078e   0x0800078e   0x0000015e   Code   RO         8380    .text               mf_w.l(dadd.o)
    0x080008ec   0x080008ec   0x000000ea   Code   RO         8382    .text               mf_w.l(dmul.o)
    0x080009d6   0x080009d6   0x00000022   Code   RO         8384    .text               mf_w.l(dflti.o)
    0x080009f8   0x080009f8   0x0000003e   Code   RO         8386    .text               mf_w.l(dfixi.o)
    0x08000a36   0x08000a36   0x00000002   PAD
    0x08000a38   0x08000a38   0x00000030   Code   RO         8390    .text               mf_w.l(cdcmple.o)
    0x08000a68   0x08000a68   0x00000030   Code   RO         8392    .text               mf_w.l(cdrcmple.o)
    0x08000a98   0x08000a98   0x0000002c   Code   RO         8411    .text               mc_w.l(uidiv.o)
    0x08000ac4   0x08000ac4   0x0000001e   Code   RO         8413    .text               mc_w.l(llshl.o)
    0x08000ae2   0x08000ae2   0x00000020   Code   RO         8415    .text               mc_w.l(llushr.o)
    0x08000b02   0x08000b02   0x00000024   Code   RO         8417    .text               mc_w.l(llsshr.o)
    0x08000b26   0x08000b26   0x00000002   PAD
    0x08000b28   0x08000b28   0x00000028   Code   RO         8421    .text               mc_w.l(scanf_char.o)
    0x08000b50   0x08000b50   0x00000040   Code   RO         8423    .text               mc_w.l(_sgetc.o)
    0x08000b90   0x08000b90   0x0000009c   Code   RO         8425    .text               mc_w.l(strtod.o)
    0x08000c2c   0x08000c2c   0x00000000   Code   RO         8427    .text               mc_w.l(iusefp.o)
    0x08000c2c   0x08000c2c   0x000000ba   Code   RO         8428    .text               mf_w.l(depilogue.o)
    0x08000ce6   0x08000ce6   0x000000de   Code   RO         8430    .text               mf_w.l(ddiv.o)
    0x08000dc4   0x08000dc4   0x00000018   Code   RO         8432    .text               mf_w.l(dfltul.o)
    0x08000ddc   0x08000ddc   0x00000030   Code   RO         8434    .text               mf_w.l(dfixul.o)
    0x08000e0c   0x08000e0c   0x00000038   Code   RO         8436    .text               mf_w.l(d2f.o)
    0x08000e44   0x08000e44   0x00000024   Code   RO         8438    .text               mc_w.l(init.o)
    0x08000e68   0x08000e68   0x0000000a   Code   RO         8440    .text               mc_w.l(isspace_c.o)
    0x08000e72   0x08000e72   0x00000002   PAD
    0x08000e74   0x08000e74   0x00000336   Code   RO         8442    .text               mc_w.l(_scanf.o)
    0x080011aa   0x080011aa   0x0000006e   Code   RO         8444    .text               mf_w.l(fepilogue.o)
    0x08001218   0x08001218   0x00000028   Code   RO         8446    .text               mc_w.l(ctype_c.o)
    0x08001240   0x08001240   0x00000056   Code   RO         8457    .text               mc_w.l(__dczerorl2.o)
    0x08001296   0x08001296   0x00000002   PAD
    0x08001298   0x08001298   0x00000018   Code   RO         1885    i.BSP_PlatformIsDetected  fatfs_platform.o
    0x080012b0   0x080012b0   0x0000000c   Code   RO         1689    i.BSP_SD_GetCardInfo  bsp_driver_sd.o
    0x080012bc   0x080012bc   0x00000018   Code   RO         1690    i.BSP_SD_GetCardState  bsp_driver_sd.o
    0x080012d4   0x080012d4   0x00000030   Code   RO         1692    i.BSP_SD_Init       bsp_driver_sd.o
    0x08001304   0x08001304   0x0000001a   Code   RO         1693    i.BSP_SD_IsDetected  bsp_driver_sd.o
    0x0800131e   0x0800131e   0x00000002   PAD
    0x08001320   0x08001320   0x0000001c   Code   RO         1695    i.BSP_SD_ReadBlocks_DMA  bsp_driver_sd.o
    0x0800133c   0x0800133c   0x00000010   Code   RO         1807    i.BSP_SD_ReadCpltCallback  sd_diskio.o
    0x0800134c   0x0800134c   0x0000001c   Code   RO         1698    i.BSP_SD_WriteBlocks_DMA  bsp_driver_sd.o
    0x08001368   0x08001368   0x00000010   Code   RO         1808    i.BSP_SD_WriteCpltCallback  sd_diskio.o
    0x08001378   0x08001378   0x00000002   Code   RO         1541    i.BusFault_Handler  stm32l4xx_it.o
    0x0800137a   0x0800137a   0x00000002   PAD
    0x0800137c   0x0800137c   0x00000118   Code   RO          839    i.CMDTask           cmd.o
    0x08001494   0x08001494   0x00000062   Code   RO         1426    i.CharToDec         rtc.o
    0x080014f6   0x080014f6   0x00000030   Code   RO         1428    i.Date_write_BKP    rtc.o
    0x08001526   0x08001526   0x00000002   Code   RO         1542    i.DebugMon_Handler  stm32l4xx_it.o
    0x08001528   0x08001528   0x00000004   Code   RO         1230    i.Error_Handler     main.o
    0x0800152c   0x0800152c   0x00000006   Code   RO         6657    i.FATFS_LinkDriver  ff_gen_drv.o
    0x08001532   0x08001532   0x00000002   PAD
    0x08001534   0x08001534   0x00000040   Code   RO         6658    i.FATFS_LinkDriverEx  ff_gen_drv.o
    0x08001574   0x08001574   0x0000006c   Code   RO         3830    i.HAL_DMA_Abort     stm32l4xx_hal_dma.o
    0x080015e0   0x080015e0   0x00000070   Code   RO         3831    i.HAL_DMA_Abort_IT  stm32l4xx_hal_dma.o
    0x08001650   0x08001650   0x00000024   Code   RO         2955    i.HAL_Delay         stm32l4xx_hal.o
    0x08001674   0x08001674   0x00000256   Code   RO         3728    i.HAL_GPIO_Init     stm32l4xx_hal_gpio.o
    0x080018ca   0x080018ca   0x0000000a   Code   RO         3730    i.HAL_GPIO_ReadPin  stm32l4xx_hal_gpio.o
    0x080018d4   0x080018d4   0x00000010   Code   RO         3731    i.HAL_GPIO_TogglePin  stm32l4xx_hal_gpio.o
    0x080018e4   0x080018e4   0x0000000a   Code   RO         3732    i.HAL_GPIO_WritePin  stm32l4xx_hal_gpio.o
    0x080018ee   0x080018ee   0x00000002   PAD
    0x080018f0   0x080018f0   0x0000000c   Code   RO         2959    i.HAL_GetTick       stm32l4xx_hal.o
    0x080018fc   0x080018fc   0x00000010   Code   RO         2965    i.HAL_IncTick       stm32l4xx_hal.o
    0x0800190c   0x0800190c   0x0000001e   Code   RO         2966    i.HAL_Init          stm32l4xx_hal.o
    0x0800192a   0x0800192a   0x00000002   PAD
    0x0800192c   0x0800192c   0x0000008c   Code   RO         1647    i.HAL_InitTick      stm32l4xx_hal_timebase_tim.o
    0x080019b8   0x080019b8   0x00000034   Code   RO         1623    i.HAL_MspInit       stm32l4xx_hal_msp.o
    0x080019ec   0x080019ec   0x0000001a   Code   RO         4389    i.HAL_NVIC_EnableIRQ  stm32l4xx_hal_cortex.o
    0x08001a06   0x08001a06   0x00000002   PAD
    0x08001a08   0x08001a08   0x00000040   Code   RO         4395    i.HAL_NVIC_SetPriority  stm32l4xx_hal_cortex.o
    0x08001a48   0x08001a48   0x00000024   Code   RO         4396    i.HAL_NVIC_SetPriorityGrouping  stm32l4xx_hal_cortex.o
    0x08001a6c   0x08001a6c   0x00000024   Code   RO         4397    i.HAL_NVIC_SystemReset  stm32l4xx_hal_cortex.o
    0x08001a90   0x08001a90   0x000000bc   Code   RO         4095    i.HAL_PWREx_ControlVoltageScaling  stm32l4xx_hal_pwr_ex.o
    0x08001b4c   0x08001b4c   0x00000028   Code   RO         4132    i.HAL_PWREx_GetVoltageRange  stm32l4xx_hal_pwr_ex.o
    0x08001b74   0x08001b74   0x00000010   Code   RO         3987    i.HAL_PWR_EnableBkUpAccess  stm32l4xx_hal_pwr.o
    0x08001b84   0x08001b84   0x00000456   Code   RO         3315    i.HAL_RCCEx_GetPeriphCLKFreq  stm32l4xx_hal_rcc_ex.o
    0x08001fda   0x08001fda   0x00000002   PAD
    0x08001fdc   0x08001fdc   0x0000046c   Code   RO         3319    i.HAL_RCCEx_PeriphCLKConfig  stm32l4xx_hal_rcc_ex.o
    0x08002448   0x08002448   0x00000198   Code   RO         3183    i.HAL_RCC_ClockConfig  stm32l4xx_hal_rcc.o
    0x080025e0   0x080025e0   0x00000040   Code   RO         3186    i.HAL_RCC_GetClockConfig  stm32l4xx_hal_rcc.o
    0x08002620   0x08002620   0x00000024   Code   RO         3189    i.HAL_RCC_GetPCLK1Freq  stm32l4xx_hal_rcc.o
    0x08002644   0x08002644   0x00000024   Code   RO         3190    i.HAL_RCC_GetPCLK2Freq  stm32l4xx_hal_rcc.o
    0x08002668   0x08002668   0x000000a4   Code   RO         3192    i.HAL_RCC_GetSysClockFreq  stm32l4xx_hal_rcc.o
    0x0800270c   0x0800270c   0x000005e0   Code   RO         3195    i.HAL_RCC_OscConfig  stm32l4xx_hal_rcc.o
    0x08002cec   0x08002cec   0x00000010   Code   RO         5313    i.HAL_RTCEx_BKUPRead  stm32l4xx_hal_rtc_ex.o
    0x08002cfc   0x08002cfc   0x00000016   Code   RO         5314    i.HAL_RTCEx_BKUPWrite  stm32l4xx_hal_rtc_ex.o
    0x08002d12   0x08002d12   0x00000002   PAD
    0x08002d14   0x08002d14   0x00000048   Code   RO         5149    i.HAL_RTC_GetDate   stm32l4xx_hal_rtc.o
    0x08002d5c   0x08002d5c   0x00000068   Code   RO         5151    i.HAL_RTC_GetTime   stm32l4xx_hal_rtc.o
    0x08002dc4   0x08002dc4   0x000000d4   Code   RO         5152    i.HAL_RTC_Init      stm32l4xx_hal_rtc.o
    0x08002e98   0x08002e98   0x00000058   Code   RO         1430    i.HAL_RTC_MspInit   rtc.o
    0x08002ef0   0x08002ef0   0x000000a4   Code   RO         5158    i.HAL_RTC_SetDate   stm32l4xx_hal_rtc.o
    0x08002f94   0x08002f94   0x000000d8   Code   RO         5159    i.HAL_RTC_SetTime   stm32l4xx_hal_rtc.o
    0x0800306c   0x0800306c   0x00000036   Code   RO         5160    i.HAL_RTC_WaitForSynchro  stm32l4xx_hal_rtc.o
    0x080030a2   0x080030a2   0x00000002   Code   RO         6110    i.HAL_SDEx_DriveTransceiver_1_8V_Callback  stm32l4xx_hal_sd_ex.o
    0x080030a4   0x080030a4   0x00000002   Code   RO         6113    i.HAL_SDEx_Read_DMADoubleBuffer0CpltCallback  stm32l4xx_hal_sd_ex.o
    0x080030a6   0x080030a6   0x00000002   Code   RO         6114    i.HAL_SDEx_Read_DMADoubleBuffer1CpltCallback  stm32l4xx_hal_sd_ex.o
    0x080030a8   0x080030a8   0x00000002   Code   RO         6116    i.HAL_SDEx_Write_DMADoubleBuffer0CpltCallback  stm32l4xx_hal_sd_ex.o
    0x080030aa   0x080030aa   0x00000002   Code   RO         6117    i.HAL_SDEx_Write_DMADoubleBuffer1CpltCallback  stm32l4xx_hal_sd_ex.o
    0x080030ac   0x080030ac   0x00000192   Code   RO         5890    i.HAL_SD_ConfigWideBusOperation  stm32l4xx_hal_sd.o
    0x0800323e   0x0800323e   0x00000002   Code   RO         5893    i.HAL_SD_ErrorCallback  stm32l4xx_hal_sd.o
    0x08003240   0x08003240   0x00000198   Code   RO         5895    i.HAL_SD_GetCardCSD  stm32l4xx_hal_sd.o
    0x080033d8   0x080033d8   0x00000024   Code   RO         5896    i.HAL_SD_GetCardInfo  stm32l4xx_hal_sd.o
    0x080033fc   0x080033fc   0x0000002c   Code   RO         5897    i.HAL_SD_GetCardState  stm32l4xx_hal_sd.o
    0x08003428   0x08003428   0x000000bc   Code   RO         5898    i.HAL_SD_GetCardStatus  stm32l4xx_hal_sd.o
    0x080034e4   0x080034e4   0x00000250   Code   RO         5901    i.HAL_SD_IRQHandler  stm32l4xx_hal_sd.o
    0x08003734   0x08003734   0x000000a8   Code   RO         5902    i.HAL_SD_Init       stm32l4xx_hal_sd.o
    0x080037dc   0x080037dc   0x000000c2   Code   RO         5903    i.HAL_SD_InitCard   stm32l4xx_hal_sd.o
    0x0800389e   0x0800389e   0x00000002   PAD
    0x080038a0   0x080038a0   0x000000c8   Code   RO         1500    i.HAL_SD_MspInit    sdmmc.o
    0x08003968   0x08003968   0x000000d4   Code   RO         5907    i.HAL_SD_ReadBlocks_DMA  stm32l4xx_hal_sd.o
    0x08003a3c   0x08003a3c   0x00000008   Code   RO         1701    i.HAL_SD_RxCpltCallback  bsp_driver_sd.o
    0x08003a44   0x08003a44   0x00000008   Code   RO         1702    i.HAL_SD_TxCpltCallback  bsp_driver_sd.o
    0x08003a4c   0x08003a4c   0x000000d4   Code   RO         5912    i.HAL_SD_WriteBlocks_DMA  stm32l4xx_hal_sd.o
    0x08003b20   0x08003b20   0x00000002   Code   RO         2663    i.HAL_TIMEx_Break2Callback  stm32l4xx_hal_tim_ex.o
    0x08003b22   0x08003b22   0x00000002   Code   RO         2664    i.HAL_TIMEx_BreakCallback  stm32l4xx_hal_tim_ex.o
    0x08003b24   0x08003b24   0x00000002   Code   RO         2665    i.HAL_TIMEx_CommutCallback  stm32l4xx_hal_tim_ex.o
    0x08003b26   0x08003b26   0x00000062   Code   RO         1949    i.HAL_TIM_Base_Init  stm32l4xx_hal_tim.o
    0x08003b88   0x08003b88   0x00000002   Code   RO         1951    i.HAL_TIM_Base_MspInit  stm32l4xx_hal_tim.o
    0x08003b8a   0x08003b8a   0x00000002   PAD
    0x08003b8c   0x08003b8c   0x00000080   Code   RO         1954    i.HAL_TIM_Base_Start_IT  stm32l4xx_hal_tim.o
    0x08003c0c   0x08003c0c   0x00000002   Code   RO         1983    i.HAL_TIM_IC_CaptureCallback  stm32l4xx_hal_tim.o
    0x08003c0e   0x08003c0e   0x0000014a   Code   RO         1997    i.HAL_TIM_IRQHandler  stm32l4xx_hal_tim.o
    0x08003d58   0x08003d58   0x00000002   Code   RO         2000    i.HAL_TIM_OC_DelayElapsedCallback  stm32l4xx_hal_tim.o
    0x08003d5a   0x08003d5a   0x00000002   Code   RO         2027    i.HAL_TIM_PWM_PulseFinishedCallback  stm32l4xx_hal_tim.o
    0x08003d5c   0x08003d5c   0x00000014   Code   RO         1231    i.HAL_TIM_PeriodElapsedCallback  main.o
    0x08003d70   0x08003d70   0x00000002   Code   RO         2040    i.HAL_TIM_TriggerCallback  stm32l4xx_hal_tim.o
    0x08003d72   0x08003d72   0x0000003e   Code   RO         5021    i.HAL_UARTEx_DisableFifoMode  stm32l4xx_hal_uart_ex.o
    0x08003db0   0x08003db0   0x00000002   Code   RO         4610    i.HAL_UARTEx_RxEventCallback  stm32l4xx_hal_uart.o
    0x08003db2   0x08003db2   0x00000002   Code   RO         5029    i.HAL_UARTEx_RxFifoFullCallback  stm32l4xx_hal_uart_ex.o
    0x08003db4   0x08003db4   0x0000004c   Code   RO         5030    i.HAL_UARTEx_SetRxFifoThreshold  stm32l4xx_hal_uart_ex.o
    0x08003e00   0x08003e00   0x0000004c   Code   RO         5031    i.HAL_UARTEx_SetTxFifoThreshold  stm32l4xx_hal_uart_ex.o
    0x08003e4c   0x08003e4c   0x00000002   Code   RO         5033    i.HAL_UARTEx_TxFifoEmptyCallback  stm32l4xx_hal_uart_ex.o
    0x08003e4e   0x08003e4e   0x00000002   Code   RO         5034    i.HAL_UARTEx_WakeupCallback  stm32l4xx_hal_uart_ex.o
    0x08003e50   0x08003e50   0x00000002   Code   RO         4626    i.HAL_UART_ErrorCallback  stm32l4xx_hal_uart.o
    0x08003e52   0x08003e52   0x00000002   PAD
    0x08003e54   0x08003e54   0x0000031c   Code   RO         4629    i.HAL_UART_IRQHandler  stm32l4xx_hal_uart.o
    0x08004170   0x08004170   0x0000006a   Code   RO         4630    i.HAL_UART_Init     stm32l4xx_hal_uart.o
    0x080041da   0x080041da   0x00000002   PAD
    0x080041dc   0x080041dc   0x000000f8   Code   RO         1365    i.HAL_UART_MspInit  usart.o
    0x080042d4   0x080042d4   0x00000048   Code   RO         4635    i.HAL_UART_Receive_IT  stm32l4xx_hal_uart.o
    0x0800431c   0x0800431c   0x00000164   Code   RO         1366    i.HAL_UART_RxCpltCallback  usart.o
    0x08004480   0x08004480   0x000000ae   Code   RO         4639    i.HAL_UART_Transmit  stm32l4xx_hal_uart.o
    0x0800452e   0x0800452e   0x00000002   Code   RO         4642    i.HAL_UART_TxCpltCallback  stm32l4xx_hal_uart.o
    0x08004530   0x08004530   0x00000002   Code   RO         1543    i.HardFault_Handler  stm32l4xx_it.o
    0x08004532   0x08004532   0x00000002   PAD
    0x08004534   0x08004534   0x0000000c   Code   RO         1544    i.LPUART1_IRQHandler  stm32l4xx_it.o
    0x08004540   0x08004540   0x0000001c   Code   RO         1909    i.MX_FATFS_Init     fatfs.o
    0x0800455c   0x0800455c   0x00000110   Code   RO         1313    i.MX_FREERTOS_Init  freertos.o
    0x0800466c   0x0800466c   0x000000ec   Code   RO         1289    i.MX_GPIO_Init      gpio.o
    0x08004758   0x08004758   0x00000068   Code   RO         1367    i.MX_LPUART1_UART_Init  usart.o
    0x080047c0   0x080047c0   0x000000d0   Code   RO         1431    i.MX_RTC_Init       rtc.o
    0x08004890   0x08004890   0x00000044   Code   RO         1501    i.MX_SDMMC2_SD_Init  sdmmc.o
    0x080048d4   0x080048d4   0x00000068   Code   RO         1368    i.MX_USART2_UART_Init  usart.o
    0x0800493c   0x0800493c   0x00000002   Code   RO         1545    i.MemManage_Handler  stm32l4xx_it.o
    0x0800493e   0x0800493e   0x00000002   Code   RO         1546    i.NMI_Handler       stm32l4xx_it.o
    0x08004940   0x08004940   0x0000010c   Code   RO         3322    i.RCCEx_GetSAIxPeriphCLKFreq  stm32l4xx_hal_rcc_ex.o
    0x08004a4c   0x08004a4c   0x00000128   Code   RO         3323    i.RCCEx_PLLSAI1_Config  stm32l4xx_hal_rcc_ex.o
    0x08004b74   0x08004b74   0x00000128   Code   RO         3324    i.RCCEx_PLLSAI2_Config  stm32l4xx_hal_rcc_ex.o
    0x08004c9c   0x08004c9c   0x00000070   Code   RO         3196    i.RCC_GetSysClockFreqFromPLLSource  stm32l4xx_hal_rcc.o
    0x08004d0c   0x08004d0c   0x00000074   Code   RO         3197    i.RCC_SetFlashLatencyFromMSIRange  stm32l4xx_hal_rcc.o
    0x08004d80   0x08004d80   0x00000012   Code   RO         5161    i.RTC_Bcd2ToByte    stm32l4xx_hal_rtc.o
    0x08004d92   0x08004d92   0x00000018   Code   RO         5162    i.RTC_ByteToBcd2    stm32l4xx_hal_rtc.o
    0x08004daa   0x08004daa   0x00000002   PAD
    0x08004dac   0x08004dac   0x0000004a   Code   RO         5163    i.RTC_EnterInitMode  stm32l4xx_hal_rtc.o
    0x08004df6   0x08004df6   0x00000002   PAD
    0x08004df8   0x08004df8   0x00000058   Code   RO         5164    i.RTC_ExitInitMode  stm32l4xx_hal_rtc.o
    0x08004e50   0x08004e50   0x0000000c   Code   RO         1547    i.SDMMC2_IRQHandler  stm32l4xx_it.o
    0x08004e5c   0x08004e5c   0x00000034   Code   RO         5582    i.SDMMC_CmdAppCommand  stm32l4xx_ll_sdmmc.o
    0x08004e90   0x08004e90   0x0000002e   Code   RO         5583    i.SDMMC_CmdAppOperCommand  stm32l4xx_ll_sdmmc.o
    0x08004ebe   0x08004ebe   0x00000032   Code   RO         5584    i.SDMMC_CmdBlockLength  stm32l4xx_ll_sdmmc.o
    0x08004ef0   0x08004ef0   0x00000034   Code   RO         5585    i.SDMMC_CmdBusWidth  stm32l4xx_ll_sdmmc.o
    0x08004f24   0x08004f24   0x00000054   Code   RO         5589    i.SDMMC_CmdGoIdleState  stm32l4xx_ll_sdmmc.o
    0x08004f78   0x08004f78   0x00000030   Code   RO         5591    i.SDMMC_CmdOperCond  stm32l4xx_ll_sdmmc.o
    0x08004fa8   0x08004fa8   0x00000034   Code   RO         5592    i.SDMMC_CmdReadMultiBlock  stm32l4xx_ll_sdmmc.o
    0x08004fdc   0x08004fdc   0x00000034   Code   RO         5593    i.SDMMC_CmdReadSingleBlock  stm32l4xx_ll_sdmmc.o
    0x08005010   0x08005010   0x00000034   Code   RO         5596    i.SDMMC_CmdSelDesel  stm32l4xx_ll_sdmmc.o
    0x08005044   0x08005044   0x0000002e   Code   RO         5597    i.SDMMC_CmdSendCID  stm32l4xx_ll_sdmmc.o
    0x08005072   0x08005072   0x0000002e   Code   RO         5598    i.SDMMC_CmdSendCSD  stm32l4xx_ll_sdmmc.o
    0x080050a0   0x080050a0   0x00000032   Code   RO         5600    i.SDMMC_CmdSendSCR  stm32l4xx_ll_sdmmc.o
    0x080050d2   0x080050d2   0x00000034   Code   RO         5601    i.SDMMC_CmdSendStatus  stm32l4xx_ll_sdmmc.o
    0x08005106   0x08005106   0x00000032   Code   RO         5602    i.SDMMC_CmdSetRelAdd  stm32l4xx_ll_sdmmc.o
    0x08005138   0x08005138   0x00000032   Code   RO         5605    i.SDMMC_CmdStatusRegister  stm32l4xx_ll_sdmmc.o
    0x0800516a   0x0800516a   0x00000002   PAD
    0x0800516c   0x0800516c   0x0000004c   Code   RO         5606    i.SDMMC_CmdStopTransfer  stm32l4xx_ll_sdmmc.o
    0x080051b8   0x080051b8   0x00000032   Code   RO         5608    i.SDMMC_CmdVoltageSwitch  stm32l4xx_ll_sdmmc.o
    0x080051ea   0x080051ea   0x00000034   Code   RO         5609    i.SDMMC_CmdWriteMultiBlock  stm32l4xx_ll_sdmmc.o
    0x0800521e   0x0800521e   0x00000034   Code   RO         5610    i.SDMMC_CmdWriteSingleBlock  stm32l4xx_ll_sdmmc.o
    0x08005252   0x08005252   0x00000024   Code   RO         5611    i.SDMMC_ConfigData  stm32l4xx_ll_sdmmc.o
    0x08005276   0x08005276   0x00000002   PAD
    0x08005278   0x08005278   0x00000124   Code   RO         5612    i.SDMMC_GetCmdResp1  stm32l4xx_ll_sdmmc.o
    0x0800539c   0x0800539c   0x00000054   Code   RO         5613    i.SDMMC_GetCmdResp2  stm32l4xx_ll_sdmmc.o
    0x080053f0   0x080053f0   0x00000048   Code   RO         5614    i.SDMMC_GetCmdResp3  stm32l4xx_ll_sdmmc.o
    0x08005438   0x08005438   0x0000008c   Code   RO         5615    i.SDMMC_GetCmdResp6  stm32l4xx_ll_sdmmc.o
    0x080054c4   0x080054c4   0x00000058   Code   RO         5616    i.SDMMC_GetCmdResp7  stm32l4xx_ll_sdmmc.o
    0x0800551c   0x0800551c   0x00000008   Code   RO         5620    i.SDMMC_GetPowerState  stm32l4xx_ll_sdmmc.o
    0x08005524   0x08005524   0x00000006   Code   RO         5621    i.SDMMC_GetResponse  stm32l4xx_ll_sdmmc.o
    0x0800552a   0x0800552a   0x00000002   PAD
    0x0800552c   0x0800552c   0x00000020   Code   RO         5622    i.SDMMC_Init        stm32l4xx_ll_sdmmc.o
    0x0800554c   0x0800554c   0x00000014   Code   RO         5625    i.SDMMC_PowerState_ON  stm32l4xx_ll_sdmmc.o
    0x08005560   0x08005560   0x00000006   Code   RO         5626    i.SDMMC_ReadFIFO    stm32l4xx_ll_sdmmc.o
    0x08005566   0x08005566   0x00000002   PAD
    0x08005568   0x08005568   0x00000024   Code   RO         5627    i.SDMMC_SendCommand  stm32l4xx_ll_sdmmc.o
    0x0800558c   0x0800558c   0x0000000a   Code   RO         5629    i.SDMMC_WriteFIFO   stm32l4xx_ll_sdmmc.o
    0x08005596   0x08005596   0x00000002   PAD
    0x08005598   0x08005598   0x000000b8   Code   RO         1152    i.SDTask            sdtask.o
    0x08005650   0x08005650   0x00000020   Code   RO         1809    i.SD_CheckStatus    sd_diskio.o
    0x08005670   0x08005670   0x00000024   Code   RO         1810    i.SD_CheckStatusWithTimeout  sd_diskio.o
    0x08005694   0x08005694   0x000000ea   Code   RO         5915    i.SD_FindSCR        stm32l4xx_hal_sd.o
    0x0800577e   0x0800577e   0x000000d4   Code   RO         5917    i.SD_InitCard       stm32l4xx_hal_sd.o
    0x08005852   0x08005852   0x00000002   PAD
    0x08005854   0x08005854   0x00000156   Code   RO         5918    i.SD_PowerON        stm32l4xx_hal_sd.o
    0x080059aa   0x080059aa   0x00000002   PAD
    0x080059ac   0x080059ac   0x000000e8   Code   RO         5919    i.SD_SendSDStatus   stm32l4xx_hal_sd.o
    0x08005a94   0x08005a94   0x00000054   Code   RO         1811    i.SD_initialize     sd_diskio.o
    0x08005ae8   0x08005ae8   0x00000050   Code   RO         1812    i.SD_ioctl          sd_diskio.o
    0x08005b38   0x08005b38   0x0000006e   Code   RO         1813    i.SD_read           sd_diskio.o
    0x08005ba6   0x08005ba6   0x00000004   Code   RO         1814    i.SD_status         sd_diskio.o
    0x08005baa   0x08005baa   0x00000002   PAD
    0x08005bac   0x08005bac   0x0000006e   Code   RO         1815    i.SD_write          sd_diskio.o
    0x08005c1a   0x08005c1a   0x00000002   PAD
    0x08005c1c   0x08005c1c   0x00000150   Code   RO         1117    i.SaveTask          savetask.o
    0x08005d6c   0x08005d6c   0x00000018   Code   RO         1314    i.StartDefaultTask  freertos.o
    0x08005d84   0x08005d84   0x0000002c   Code   RO         7970    i.SysTick_Handler   port.o
    0x08005db0   0x08005db0   0x00000088   Code   RO         1232    i.SystemClock_Config  main.o
    0x08005e38   0x08005e38   0x00000010   Code   RO         6223    i.SystemInit        system_stm32l4xx.o
    0x08005e48   0x08005e48   0x0000000c   Code   RO         1548    i.TIM1_UP_TIM16_IRQHandler  stm32l4xx_it.o
    0x08005e54   0x08005e54   0x000000d0   Code   RO         2042    i.TIM_Base_SetConfig  stm32l4xx_hal_tim.o
    0x08005f24   0x08005f24   0x00000044   Code   RO         5035    i.UARTEx_SetNbDataToProcess  stm32l4xx_hal_uart_ex.o
    0x08005f68   0x08005f68   0x000000c8   Code   RO         4644    i.UART_AdvFeatureConfig  stm32l4xx_hal_uart.o
    0x08006030   0x08006030   0x000000ac   Code   RO         4645    i.UART_CheckIdleState  stm32l4xx_hal_uart.o
    0x080060dc   0x080060dc   0x00000014   Code   RO         4646    i.UART_DMAAbortOnError  stm32l4xx_hal_uart.o
    0x080060f0   0x080060f0   0x00000054   Code   RO         4656    i.UART_EndRxTransfer  stm32l4xx_hal_uart.o
    0x08006144   0x08006144   0x000000c8   Code   RO         4658    i.UART_RxISR_16BIT  stm32l4xx_hal_uart.o
    0x0800620c   0x0800620c   0x000001a0   Code   RO         4659    i.UART_RxISR_16BIT_FIFOEN  stm32l4xx_hal_uart.o
    0x080063ac   0x080063ac   0x000000c8   Code   RO         4660    i.UART_RxISR_8BIT   stm32l4xx_hal_uart.o
    0x08006474   0x08006474   0x000001a0   Code   RO         4661    i.UART_RxISR_8BIT_FIFOEN  stm32l4xx_hal_uart.o
    0x08006614   0x08006614   0x00000298   Code   RO         4662    i.UART_SetConfig    stm32l4xx_hal_uart.o
    0x080068ac   0x080068ac   0x00000110   Code   RO         4664    i.UART_Start_Receive_IT  stm32l4xx_hal_uart.o
    0x080069bc   0x080069bc   0x00000094   Code   RO         4669    i.UART_WaitOnFlagUntilTimeout  stm32l4xx_hal_uart.o
    0x08006a50   0x08006a50   0x0000002c   Code   RO         1432    i.UISet_Date        rtc.o
    0x08006a7c   0x08006a7c   0x00000018   Code   RO         1433    i.UISet_Time        rtc.o
    0x08006a94   0x08006a94   0x0000000c   Code   RO         1549    i.USART2_IRQHandler  stm32l4xx_it.o
    0x08006aa0   0x08006aa0   0x00000002   Code   RO         1550    i.UsageFault_Handler  stm32l4xx_it.o
    0x08006aa2   0x08006aa2   0x00000002   PAD
    0x08006aa4   0x08006aa4   0x00000020   Code   RO         8318    i.__0printf         mc_w.l(printfa.o)
    0x08006ac4   0x08006ac4   0x00000034   Code   RO         8319    i.__0snprintf       mc_w.l(printfa.o)
    0x08006af8   0x08006af8   0x00000028   Code   RO         8320    i.__0sprintf        mc_w.l(printfa.o)
    0x08006b20   0x08006b20   0x00000020   Code   RO         4402    i.__NVIC_SetPriority  stm32l4xx_hal_cortex.o
    0x08006b40   0x08006b40   0x0000005c   Code   RO         8350    i.__free$realloc    mc_w.l(mallocr.o)
    0x08006b9c   0x08006b9c   0x00000014   Code   RO         8046    i.__hardfp_fabs     m_wm.l(fabs.o)
    0x08006bb0   0x08006bb0   0x00000028   Code   RO         8052    i.__hardfp_strtod   m_wm.l(strtod.o)
    0x08006bd8   0x08006bd8   0x00000050   Code   RO         8351    i.__malloc$realloc  mc_w.l(mallocr.o)
    0x08006c28   0x08006c28   0x0000000e   Code   RO         8451    i.__scatterload_copy  mc_w.l(handlers.o)
    0x08006c36   0x08006c36   0x00000002   Code   RO         8452    i.__scatterload_null  mc_w.l(handlers.o)
    0x08006c38   0x08006c38   0x0000000e   Code   RO         8453    i.__scatterload_zeroinit  mc_w.l(handlers.o)
    0x08006c46   0x08006c46   0x00000002   PAD
    0x08006c48   0x08006c48   0x0000018a   Code   RO         8325    i._fp_digits        mc_w.l(printfa.o)
    0x08006dd2   0x08006dd2   0x0000000e   Code   RO         8378    i._is_digit         mc_w.l(scanf_fp.o)
    0x08006de0   0x08006de0   0x000006ba   Code   RO         8326    i._printf_core      mc_w.l(printfa.o)
    0x0800749a   0x0800749a   0x00000024   Code   RO         8327    i._printf_post_padding  mc_w.l(printfa.o)
    0x080074be   0x080074be   0x0000002e   Code   RO         8328    i._printf_pre_padding  mc_w.l(printfa.o)
    0x080074ec   0x080074ec   0x00000016   Code   RO         8329    i._snputc           mc_w.l(printfa.o)
    0x08007502   0x08007502   0x0000000a   Code   RO         8330    i._sputc            mc_w.l(printfa.o)
    0x0800750c   0x0800750c   0x0000002a   Code   RO           10    i.add_item_to_array  cjson.o
    0x08007536   0x08007536   0x0000005a   Code   RO           11    i.add_item_to_object  cjson.o
    0x08007590   0x08007590   0x00000030   Code   RO           12    i.buffer_skip_whitespace  cjson.o
    0x080075c0   0x080075c0   0x00000030   Code   RO           22    i.cJSON_AddNumberToObject  cjson.o
    0x080075f0   0x080075f0   0x00000030   Code   RO           25    i.cJSON_AddStringToObject  cjson.o
    0x08007620   0x08007620   0x00000078   Code   RO           36    i.cJSON_CreateNumber  cjson.o
    0x08007698   0x08007698   0x00000018   Code   RO           37    i.cJSON_CreateObject  cjson.o
    0x080076b0   0x080076b0   0x00000030   Code   RO           40    i.cJSON_CreateString  cjson.o
    0x080076e0   0x080076e0   0x00000048   Code   RO           44    i.cJSON_Delete      cjson.o
    0x08007728   0x08007728   0x00000020   Code   RO           56    i.cJSON_GetNumberValue  cjson.o
    0x08007748   0x08007748   0x00000006   Code   RO           57    i.cJSON_GetObjectItem  cjson.o
    0x0800774e   0x0800774e   0x00000010   Code   RO           59    i.cJSON_GetStringValue  cjson.o
    0x0800775e   0x0800775e   0x00000012   Code   RO           68    i.cJSON_IsNumber    cjson.o
    0x08007770   0x08007770   0x00000012   Code   RO           71    i.cJSON_IsString    cjson.o
    0x08007782   0x08007782   0x00000016   Code   RO           74    i.cJSON_New_Item    cjson.o
    0x08007798   0x08007798   0x00000008   Code   RO           76    i.cJSON_ParseWithLength  cjson.o
    0x080077a0   0x080077a0   0x000000dc   Code   RO           77    i.cJSON_ParseWithLengthOpts  cjson.o
    0x0800787c   0x0800787c   0x0000000c   Code   RO           79    i.cJSON_Print       cjson.o
    0x08007888   0x08007888   0x00000028   Code   RO           92    i.cJSON_strdup      cjson.o
    0x080078b0   0x080078b0   0x00000070   Code   RO         6315    i.check_fs          ff.o
    0x08007920   0x08007920   0x0000005c   Code   RO         6316    i.chk_lock          ff.o
    0x0800797c   0x0800797c   0x00000020   Code   RO         6317    i.clear_lock        ff.o
    0x0800799c   0x0800799c   0x00000026   Code   RO         6318    i.clmt_clust        ff.o
    0x080079c2   0x080079c2   0x00000018   Code   RO         6319    i.clust2sect        ff.o
    0x080079da   0x080079da   0x00000002   PAD
    0x080079dc   0x080079dc   0x000000b8   Code   RO           93    i.compare_double    cjson.o
    0x08007a94   0x08007a94   0x000000a4   Code   RO         6320    i.create_chain      ff.o
    0x08007b38   0x08007b38   0x000000dc   Code   RO         6321    i.create_name       ff.o
    0x08007c14   0x08007c14   0x00000034   Code   RO         6322    i.dec_lock          ff.o
    0x08007c48   0x08007c48   0x000000e0   Code   RO         1153    i.delete_all_files  sdtask.o
    0x08007d28   0x08007d28   0x00000064   Code   RO         6323    i.dir_find          ff.o
    0x08007d8c   0x08007d8c   0x00000102   Code   RO         6324    i.dir_next          ff.o
    0x08007e8e   0x08007e8e   0x00000060   Code   RO         6325    i.dir_read          ff.o
    0x08007eee   0x08007eee   0x00000066   Code   RO         6326    i.dir_register      ff.o
    0x08007f54   0x08007f54   0x0000001e   Code   RO         6327    i.dir_remove        ff.o
    0x08007f72   0x08007f72   0x0000008e   Code   RO         6328    i.dir_sdi           ff.o
    0x08008000   0x08008000   0x00000028   Code   RO         6260    i.disk_initialize   diskio.o
    0x08008028   0x08008028   0x0000001c   Code   RO         6261    i.disk_ioctl        diskio.o
    0x08008044   0x08008044   0x0000001c   Code   RO         6262    i.disk_read         diskio.o
    0x08008060   0x08008060   0x00000018   Code   RO         6263    i.disk_status       diskio.o
    0x08008078   0x08008078   0x0000001c   Code   RO         6264    i.disk_write        diskio.o
    0x08008094   0x08008094   0x0000008a   Code   RO           95    i.ensure            cjson.o
    0x0800811e   0x0800811e   0x00000030   Code   RO         6329    i.f_close           ff.o
    0x0800814e   0x0800814e   0x0000002a   Code   RO         6330    i.f_closedir        ff.o
    0x08008178   0x08008178   0x00000048   Code   RO         6332    i.f_gets            ff.o
    0x080081c0   0x080081c0   0x0000007c   Code   RO         6336    i.f_mount           ff.o
    0x0800823c   0x0800823c   0x00000224   Code   RO         6337    i.f_open            ff.o
    0x08008460   0x08008460   0x0000008a   Code   RO         6338    i.f_opendir         ff.o
    0x080084ea   0x080084ea   0x000001aa   Code   RO         6342    i.f_read            ff.o
    0x08008694   0x08008694   0x00000050   Code   RO         6343    i.f_readdir         ff.o
    0x080086e4   0x080086e4   0x000000a2   Code   RO         6346    i.f_sync            ff.o
    0x08008786   0x08008786   0x000000ac   Code   RO         6348    i.f_unlink          ff.o
    0x08008832   0x08008832   0x000001e2   Code   RO         6349    i.f_write           ff.o
    0x08008a14   0x08008a14   0x0000001c   Code   RO         6707    i.ff_cre_syncobj    syscall.o
    0x08008a30   0x08008a30   0x0000000a   Code   RO         6708    i.ff_del_syncobj    syscall.o
    0x08008a3a   0x08008a3a   0x00000004   Code   RO         6709    i.ff_rel_grant      syscall.o
    0x08008a3e   0x08008a3e   0x00000014   Code   RO         6710    i.ff_req_grant      syscall.o
    0x08008a52   0x08008a52   0x00000002   PAD
    0x08008a54   0x08008a54   0x00000294   Code   RO         6350    i.find_volume       ff.o
    0x08008ce8   0x08008ce8   0x0000007a   Code   RO         6351    i.follow_path       ff.o
    0x08008d62   0x08008d62   0x00000002   PAD
    0x08008d64   0x08008d64   0x00000018   Code   RO         1369    i.fputc             usart.o
    0x08008d7c   0x08008d7c   0x000000e8   Code   RO         6352    i.get_fat           ff.o
    0x08008e64   0x08008e64   0x00000004   Code   RO         1910    i.get_fattime       fatfs.o
    0x08008e68   0x08008e68   0x00000062   Code   RO         6353    i.get_fileinfo      ff.o
    0x08008eca   0x08008eca   0x0000003c   Code   RO         6354    i.get_ldnumber      ff.o
    0x08008f06   0x08008f06   0x0000007a   Code   RO           97    i.get_object_item   cjson.o
    0x08008f80   0x08008f80   0x0000000c   Code   RO         7533    i.inHandlerMode     cmsis_os.o
    0x08008f8c   0x08008f8c   0x00000080   Code   RO         6355    i.inc_lock          ff.o
    0x0800900c   0x0800900c   0x00000050   Code   RO         8352    i.internal_alloc    mc_w.l(mallocr.o)
    0x0800905c   0x0800905c   0x00000026   Code   RO         6356    i.ld_clust          ff.o
    0x08009082   0x08009082   0x00000016   Code   RO         6357    i.ld_dword          ff.o
    0x08009098   0x08009098   0x0000000a   Code   RO         6358    i.ld_word           ff.o
    0x080090a2   0x080090a2   0x00000002   PAD
    0x080090a4   0x080090a4   0x000000e0   Code   RO         1154    i.list_dir          sdtask.o
    0x08009184   0x08009184   0x00000014   Code   RO         6359    i.lock_fs           ff.o
    0x08009198   0x08009198   0x0000002a   Code   RO         1233    i.main              main.o
    0x080091c2   0x080091c2   0x0000000c   Code   RO         7535    i.makeFreeRtosPriority  cmsis_os.o
    0x080091ce   0x080091ce   0x00000012   Code   RO         6360    i.mem_cpy           ff.o
    0x080091e0   0x080091e0   0x0000000e   Code   RO         6361    i.mem_set           ff.o
    0x080091ee   0x080091ee   0x00000032   Code   RO         6362    i.move_window       ff.o
    0x08009220   0x08009220   0x0000000e   Code   RO         7537    i.osDelay           cmsis_os.o
    0x0800922e   0x0800922e   0x00000012   Code   RO         7539    i.osKernelRunning   cmsis_os.o
    0x08009240   0x08009240   0x0000000a   Code   RO         7540    i.osKernelStart     cmsis_os.o
    0x0800924a   0x0800924a   0x00000018   Code   RO         7541    i.osKernelSysTick   cmsis_os.o
    0x08009262   0x08009262   0x00000026   Code   RO         7549    i.osMessageCreate   cmsis_os.o
    0x08009288   0x08009288   0x0000009a   Code   RO         7551    i.osMessageGet      cmsis_os.o
    0x08009322   0x08009322   0x00000002   PAD
    0x08009324   0x08009324   0x0000005c   Code   RO         7553    i.osMessagePut      cmsis_os.o
    0x08009380   0x08009380   0x00000010   Code   RO         7555    i.osMutexCreate     cmsis_os.o
    0x08009390   0x08009390   0x00000050   Code   RO         7557    i.osMutexRelease    cmsis_os.o
    0x080093e0   0x080093e0   0x00000064   Code   RO         7558    i.osMutexWait       cmsis_os.o
    0x08009444   0x08009444   0x0000006a   Code   RO         7559    i.osPoolAlloc       cmsis_os.o
    0x080094ae   0x080094ae   0x0000005e   Code   RO         7561    i.osPoolCreate      cmsis_os.o
    0x0800950c   0x0800950c   0x00000030   Code   RO         7562    i.osPoolFree        cmsis_os.o
    0x0800953c   0x0800953c   0x0000003e   Code   RO         7566    i.osSemaphoreCreate  cmsis_os.o
    0x0800957a   0x0800957a   0x00000018   Code   RO         7567    i.osSemaphoreDelete  cmsis_os.o
    0x08009592   0x08009592   0x00000002   PAD
    0x08009594   0x08009594   0x00000050   Code   RO         7569    i.osSemaphoreRelease  cmsis_os.o
    0x080095e4   0x080095e4   0x00000064   Code   RO         7570    i.osSemaphoreWait   cmsis_os.o
    0x08009648   0x08009648   0x00000054   Code   RO         7574    i.osThreadCreate    cmsis_os.o
    0x0800969c   0x0800969c   0x000000d0   Code   RO           99    i.parse_array       cjson.o
    0x0800976c   0x0800976c   0x00000040   Code   RO          100    i.parse_hex4        cjson.o
    0x080097ac   0x080097ac   0x00000100   Code   RO          101    i.parse_number      cjson.o
    0x080098ac   0x080098ac   0x0000010a   Code   RO          102    i.parse_object      cjson.o
    0x080099b6   0x080099b6   0x0000010c   Code   RO          103    i.parse_string      cjson.o
    0x08009ac2   0x08009ac2   0x00000002   PAD
    0x08009ac4   0x08009ac4   0x000000fc   Code   RO          104    i.parse_value       cjson.o
    0x08009bc0   0x08009bc0   0x00000098   Code   RO          105    i.print             cjson.o
    0x08009c58   0x08009c58   0x00000096   Code   RO          106    i.print_array       cjson.o
    0x08009cee   0x08009cee   0x00000002   PAD
    0x08009cf0   0x08009cf0   0x00000130   Code   RO          107    i.print_number      cjson.o
    0x08009e20   0x08009e20   0x00000140   Code   RO          108    i.print_object      cjson.o
    0x08009f60   0x08009f60   0x00000110   Code   RO          109    i.print_string_ptr  cjson.o
    0x0800a070   0x0800a070   0x000000d0   Code   RO          110    i.print_value       cjson.o
    0x0800a140   0x0800a140   0x00000070   Code   RO         7217    i.prvAddCurrentTaskToDelayedList  tasks.o
    0x0800a1b0   0x0800a1b0   0x000000d0   Code   RO         7218    i.prvAddNewTaskToReadyList  tasks.o
    0x0800a280   0x0800a280   0x00000026   Code   RO         6896    i.prvCopyDataFromQueue  queue.o
    0x0800a2a6   0x0800a2a6   0x0000006c   Code   RO         6897    i.prvCopyDataToQueue  queue.o
    0x0800a312   0x0800a312   0x00000034   Code   RO         7219    i.prvDeleteTCB      tasks.o
    0x0800a346   0x0800a346   0x00000002   PAD
    0x0800a348   0x0800a348   0x0000004c   Code   RO         7902    i.prvHeapInit       heap_4.o
    0x0800a394   0x0800a394   0x00000060   Code   RO         7220    i.prvIdleTask       tasks.o
    0x0800a3f4   0x0800a3f4   0x00000016   Code   RO         6898    i.prvInitialiseMutex  queue.o
    0x0800a40a   0x0800a40a   0x00000016   Code   RO         6899    i.prvInitialiseNewQueue  queue.o
    0x0800a420   0x0800a420   0x00000098   Code   RO         7221    i.prvInitialiseNewTask  tasks.o
    0x0800a4b8   0x0800a4b8   0x0000004c   Code   RO         7903    i.prvInsertBlockIntoFreeList  heap_4.o
    0x0800a504   0x0800a504   0x0000001c   Code   RO         6900    i.prvIsQueueEmpty   queue.o
    0x0800a520   0x0800a520   0x00000020   Code   RO         7222    i.prvResetNextTaskUnblockTime  tasks.o
    0x0800a540   0x0800a540   0x00000028   Code   RO         7971    i.prvTaskExitError  port.o
    0x0800a568   0x0800a568   0x0000006a   Code   RO         6901    i.prvUnlockQueue    queue.o
    0x0800a5d2   0x0800a5d2   0x00000124   Code   RO         6363    i.put_fat           ff.o
    0x0800a6f6   0x0800a6f6   0x00000002   PAD
    0x0800a6f8   0x0800a6f8   0x000000dc   Code   RO         7904    i.pvPortMalloc      heap_4.o
    0x0800a7d4   0x0800a7d4   0x00000018   Code   RO         7224    i.pvTaskIncrementMutexHeldCount  tasks.o
    0x0800a7ec   0x0800a7ec   0x0000002c   Code   RO         7972    i.pxPortInitialiseStack  port.o
    0x0800a818   0x0800a818   0x00000070   Code   RO         1155    i.read_data         sdtask.o
    0x0800a888   0x0800a888   0x0000006c   Code   RO         8353    i.realloc           mc_w.l(mallocr.o)
    0x0800a8f4   0x0800a8f4   0x00000040   Code   RO          840    i.reboot            cmd.o
    0x0800a934   0x0800a934   0x00000074   Code   RO         6366    i.remove_chain      ff.o
    0x0800a9a8   0x0800a9a8   0x00000080   Code   RO         1156    i.save_data         sdtask.o
    0x0800aa28   0x0800aa28   0x0000019c   Code   RO          841    i.sdCMD             cmd.o
    0x0800abc4   0x0800abc4   0x00000028   Code   RO         6367    i.st_clust          ff.o
    0x0800abec   0x0800abec   0x00000010   Code   RO         6368    i.st_dword          ff.o
    0x0800abfc   0x0800abfc   0x00000008   Code   RO         6369    i.st_word           ff.o
    0x0800ac04   0x0800ac04   0x000000e4   Code   RO          842    i.sum               cmd.o
    0x0800ace8   0x0800ace8   0x00000088   Code   RO         6370    i.sync_fs           ff.o
    0x0800ad70   0x0800ad70   0x00000052   Code   RO         6371    i.sync_window       ff.o
    0x0800adc2   0x0800adc2   0x00000002   PAD
    0x0800adc4   0x0800adc4   0x0000013c   Code   RO          843    i.timeRTC           cmd.o
    0x0800af00   0x0800af00   0x00000068   Code   RO          844    i.trans             cmd.o
    0x0800af68   0x0800af68   0x00000018   Code   RO         6372    i.unlock_fs         ff.o
    0x0800af80   0x0800af80   0x0000001c   Code   RO          112    i.update_offset     cjson.o
    0x0800af9c   0x0800af9c   0x000000d2   Code   RO          113    i.utf16_literal_to_utf8  cjson.o
    0x0800b06e   0x0800b06e   0x00000026   Code   RO         6856    i.uxListRemove      list.o
    0x0800b094   0x0800b094   0x00000014   Code   RO         1315    i.vApplicationGetIdleTaskMemory  freertos.o
    0x0800b0a8   0x0800b0a8   0x00000016   Code   RO         6857    i.vListInitialise   list.o
    0x0800b0be   0x0800b0be   0x00000006   Code   RO         6858    i.vListInitialiseItem  list.o
    0x0800b0c4   0x0800b0c4   0x00000030   Code   RO         6859    i.vListInsert       list.o
    0x0800b0f4   0x0800b0f4   0x00000018   Code   RO         6860    i.vListInsertEnd    list.o
    0x0800b10c   0x0800b10c   0x00000040   Code   RO         7974    i.vPortEnterCritical  port.o
    0x0800b14c   0x0800b14c   0x00000028   Code   RO         7975    i.vPortExitCritical  port.o
    0x0800b174   0x0800b174   0x00000064   Code   RO         7905    i.vPortFree         heap_4.o
    0x0800b1d8   0x0800b1d8   0x00000024   Code   RO         7976    i.vPortSetupTimerInterrupt  port.o
    0x0800b1fc   0x0800b1fc   0x00000054   Code   RO         7977    i.vPortValidateInterruptPriority  port.o
    0x0800b250   0x0800b250   0x0000002e   Code   RO         6906    i.vQueueDelete      queue.o
    0x0800b27e   0x0800b27e   0x00000002   PAD
    0x0800b280   0x0800b280   0x00000028   Code   RO         6907    i.vQueueUnregisterQueue  queue.o
    0x0800b2a8   0x0800b2a8   0x0000004c   Code   RO         7231    i.vTaskDelay        tasks.o
    0x0800b2f4   0x0800b2f4   0x00000010   Code   RO         7234    i.vTaskInternalSetTimeOutState  tasks.o
    0x0800b304   0x0800b304   0x0000000c   Code   RO         7235    i.vTaskMissedYield  tasks.o
    0x0800b310   0x0800b310   0x00000030   Code   RO         7237    i.vTaskPlaceOnEventList  tasks.o
    0x0800b340   0x0800b340   0x000000a0   Code   RO         7239    i.vTaskPriorityDisinheritAfterTimeout  tasks.o
    0x0800b3e0   0x0800b3e0   0x0000006c   Code   RO         7244    i.vTaskStartScheduler  tasks.o
    0x0800b44c   0x0800b44c   0x00000010   Code   RO         7246    i.vTaskSuspendAll   tasks.o
    0x0800b45c   0x0800b45c   0x0000005c   Code   RO         7247    i.vTaskSwitchContext  tasks.o
    0x0800b4b8   0x0800b4b8   0x00000048   Code   RO         6373    i.validate          ff.o
    0x0800b500   0x0800b500   0x000000f4   Code   RO         7978    i.xPortStartScheduler  port.o
    0x0800b5f4   0x0800b5f4   0x00000016   Code   RO         6908    i.xQueueCreateMutex  queue.o
    0x0800b60a   0x0800b60a   0x0000001a   Code   RO         6909    i.xQueueCreateMutexStatic  queue.o
    0x0800b624   0x0800b624   0x00000042   Code   RO         6910    i.xQueueGenericCreate  queue.o
    0x0800b666   0x0800b666   0x00000066   Code   RO         6911    i.xQueueGenericCreateStatic  queue.o
    0x0800b6cc   0x0800b6cc   0x00000088   Code   RO         6912    i.xQueueGenericReset  queue.o
    0x0800b754   0x0800b754   0x00000160   Code   RO         6913    i.xQueueGenericSend  queue.o
    0x0800b8b4   0x0800b8b4   0x000000be   Code   RO         6914    i.xQueueGenericSendFromISR  queue.o
    0x0800b972   0x0800b972   0x0000009c   Code   RO         6915    i.xQueueGiveFromISR  queue.o
    0x0800ba0e   0x0800ba0e   0x00000002   PAD
    0x0800ba10   0x0800ba10   0x00000138   Code   RO         6920    i.xQueueReceive     queue.o
    0x0800bb48   0x0800bb48   0x0000009a   Code   RO         6921    i.xQueueReceiveFromISR  queue.o
    0x0800bbe2   0x0800bbe2   0x00000002   PAD
    0x0800bbe4   0x0800bbe4   0x00000178   Code   RO         6922    i.xQueueSemaphoreTake  queue.o
    0x0800bd5c   0x0800bd5c   0x00000074   Code   RO         7249    i.xTaskCheckForTimeOut  tasks.o
    0x0800bdd0   0x0800bdd0   0x00000060   Code   RO         7250    i.xTaskCreate       tasks.o
    0x0800be30   0x0800be30   0x00000056   Code   RO         7251    i.xTaskCreateStatic  tasks.o
    0x0800be86   0x0800be86   0x00000002   PAD
    0x0800be88   0x0800be88   0x0000001c   Code   RO         7255    i.xTaskGetSchedulerState  tasks.o
    0x0800bea4   0x0800bea4   0x0000000c   Code   RO         7256    i.xTaskGetTickCount  tasks.o
    0x0800beb0   0x0800beb0   0x00000010   Code   RO         7257    i.xTaskGetTickCountFromISR  tasks.o
    0x0800bec0   0x0800bec0   0x000000cc   Code   RO         7258    i.xTaskIncrementTick  tasks.o
    0x0800bf8c   0x0800bf8c   0x00000098   Code   RO         7261    i.xTaskPriorityDisinherit  tasks.o
    0x0800c024   0x0800c024   0x0000008c   Code   RO         7262    i.xTaskPriorityInherit  tasks.o
    0x0800c0b0   0x0800c0b0   0x00000074   Code   RO         7263    i.xTaskRemoveFromEventList  tasks.o
    0x0800c124   0x0800c124   0x000000c4   Code   RO         7264    i.xTaskResumeAll    tasks.o
    0x0800c1e8   0x0800c1e8   0x00000028   Data   RO          846    .constdata          cmd.o
    0x0800c210   0x0800c210   0x000000c4   Data   RO         1317    .constdata          freertos.o
    0x0800c2d4   0x0800c2d4   0x00000014   Data   RO         1816    .constdata          sd_diskio.o
    0x0800c2e8   0x0800c2e8   0x00000010   Data   RO         1817    .constdata          sd_diskio.o
    0x0800c2f8   0x0800c2f8   0x00000018   Data   RO         4670    .constdata          stm32l4xx_hal_uart.o
    0x0800c310   0x0800c310   0x00000010   Data   RO         5036    .constdata          stm32l4xx_hal_uart_ex.o
    0x0800c320   0x0800c320   0x00000040   Data   RO         6224    .constdata          system_stm32l4xx.o
    0x0800c360   0x0800c360   0x00000008   Data   RO         6225    .constdata          system_stm32l4xx.o
    0x0800c368   0x0800c368   0x00000040   Data   RO         8447    .constdata          mc_w.l(ctype_c.o)
    0x0800c3a8   0x0800c3a8   0x0000001f   Data   RO          847    .conststring        cmd.o
    0x0800c3c7   0x0800c3c7   0x00000001   PAD
    0x0800c3c8   0x0800c3c8   0x0000005c   Data   RO         1118    .conststring        savetask.o
    0x0800c424   0x0800c424   0x00000028   Data   RO         1318    .conststring        freertos.o
    0x0800c44c   0x0800c44c   0x00000020   Data   RO         8449    Region$$Table       anon$$obj.o


    Execution Region RW_IRAM1 (Exec base: 0x20000000, Load base: 0x0800c46c, Size: 0x0000ba30, Max: 0x00050000, ABSOLUTE, COMPRESSED[0x00000024])

    Exec Addr    Load Addr    Size         Type   Attr      Idx    E Section Name        Object

    0x20000000   COMPRESSED   0x00000014   Data   RW          115    .data               cjson.o
    0x20000014   COMPRESSED   0x00000008   Data   RW          848    .data               cmd.o
    0x2000001c   COMPRESSED   0x0000028a   Data   RW         1119    .data               savetask.o
    0x200002a6   COMPRESSED   0x00000002   PAD
    0x200002a8   COMPRESSED   0x00000030   Data   RW         1319    .data               freertos.o
    0x200002d8   COMPRESSED   0x0000000c   Data   RW         1371    .data               usart.o
    0x200002e4   COMPRESSED   0x00000004   Data   RW         1435    .data               rtc.o
    0x200002e8   COMPRESSED   0x00000008   Data   RW         1818    .data               sd_diskio.o
    0x200002f0   COMPRESSED   0x00000005   Data   RW         1913    .data               fatfs.o
    0x200002f5   COMPRESSED   0x00000003   PAD
    0x200002f8   COMPRESSED   0x0000000c   Data   RW         2983    .data               stm32l4xx_hal.o
    0x20000304   COMPRESSED   0x00000004   Data   RW         6226    .data               system_stm32l4xx.o
    0x20000308   COMPRESSED   0x00000008   Data   RW         6376    .data               ff.o
    0x20000310   COMPRESSED   0x0000003c   Data   RW         7267    .data               tasks.o
    0x2000034c   COMPRESSED   0x00000020   Data   RW         7911    .data               heap_4.o
    0x2000036c   COMPRESSED   0x0000000c   Data   RW         7979    .data               port.o
    0x20000378   COMPRESSED   0x00000004   Data   RW         8410    .data               mc_w.l(stdout.o)
    0x2000037c   COMPRESSED   0x00000004   Data   RW         8419    .data               mc_w.l(mvars.o)
    0x20000380   COMPRESSED   0x00000004   Data   RW         8420    .data               mc_w.l(mvars.o)
    0x20000384        -       0x00000282   Zero   RW          845    .bss                cmd.o
    0x20000606   COMPRESSED   0x00000002   PAD
    0x20000608        -       0x00001038   Zero   RW         1157    .bss                sdtask.o
    0x20001640        -       0x00000254   Zero   RW         1316    .bss                freertos.o
    0x20001894        -       0x0000032c   Zero   RW         1370    .bss                usart.o
    0x20001bc0        -       0x00000048   Zero   RW         1434    .bss                rtc.o
    0x20001c08        -       0x00000080   Zero   RW         1502    .bss                sdmmc.o
    0x20001c88        -       0x0000004c   Zero   RW         1650    .bss                stm32l4xx_hal_timebase_tim.o
    0x20001cd4        -       0x00000020   Zero   RW         6374    .bss                ff.o
    0x20001cf4        -       0x0000000c   Zero   RW         6661    .bss                ff_gen_drv.o
    0x20001d00        -       0x00000040   Zero   RW         6923    .bss                queue.o
    0x20001d40        -       0x000000f0   Zero   RW         7266    .bss                tasks.o
    0x20001e30        -       0x00003c00   Zero   RW         7910    .bss                heap_4.o
    0x20005a30        -       0x00002000   Zero   RW            2    HEAP                startup_stm32l4p5xx.o
    0x20007a30        -       0x00004000   Zero   RW            1    STACK               startup_stm32l4p5xx.o


==============================================================================

Image component sizes


      Code (inc. data)   RO Data    RW Data    ZI Data      Debug   Object Name

       182         22          0          0          0       5065   bsp_driver_sd.o
      4334        218          0         20          0      40543   cjson.o
      1404        300         71          8        642    1072640   cmd.o
      1168         30          0          0          0      41301   cmsis_os.o
       148         22          0          0          0       3717   diskio.o
         0          0          0          0          0      19968   event_groups.o
        32         10          0          5          0       1508   fatfs.o
        24          4          0          0          0        565   fatfs_platform.o
      6014         78          0          8         32      43586   ff.o
        70          6          0          0         12       1627   ff_gen_drv.o
       316         12        236         48        596       3591   freertos.o
       236         16          0          0          0        999   gpio.o
       472         24          0         32      15360       7399   heap_4.o
       138          0          0          0          0       3534   list.o
       202         10          0          0          0       7136   main.o
       818         82          0         12          0      11825   port.o
      2302         22          0          0         64      24725   queue.o
       510         38          0          4         72       4444   rtc.o
       336         54         92        650          0       1696   savetask.o
       488         40         36          8          0       6713   sd_diskio.o
       268         22          0          0        128       1816   sdmmc.o
       872        246          0          0       4152      22471   sdtask.o
        36          8        444          0      24576        832   startup_stm32l4p5xx.o
        94         14          0         12          0      15682   stm32l4xx_hal.o
       194         24          0          0          0      33645   stm32l4xx_hal_cortex.o
       220          0          0          0          0       1899   stm32l4xx_hal_dma.o
       634         40          0          0          0       3604   stm32l4xx_hal_gpio.o
        52          4          0          0          0        858   stm32l4xx_hal_msp.o
        16          4          0          0          0        543   stm32l4xx_hal_pwr.o
       228         18          0          0          0       1502   stm32l4xx_hal_pwr_ex.o
      2440        126          0          0          0       8625   stm32l4xx_hal_rcc.o
      3102         90          0          0          0       7413   stm32l4xx_hal_rcc_ex.o
      1026         48          0          0          0       8195   stm32l4xx_hal_rtc.o
        38          0          0          0          0       1795   stm32l4xx_hal_rtc_ex.o
      3478         72          0          0          0      16478   stm32l4xx_hal_sd.o
        10          0          0          0          0       3316   stm32l4xx_hal_sd_ex.o
       774         62          0          0          0       7560   stm32l4xx_hal_tim.o
         6          0          0          0          0       2192   stm32l4xx_hal_tim_ex.o
       140         22          0          0         76       1423   stm32l4xx_hal_timebase_tim.o
      3946        148         24          0          0      36850   stm32l4xx_hal_uart.o
       288          6         16          0          0       5358   stm32l4xx_hal_uart_ex.o
        60         24          0          0          0       4653   stm32l4xx_it.o
      1842         68          0          0          0      25115   stm32l4xx_ll_sdmmc.o
        62          0          0          0          0       3356   syscall.o
        16          4         72          4          0       1177   system_stm32l4xx.o
      2366        184          0         60        240      28846   tasks.o
       836         84          0         12        812       4808   usart.o

    ----------------------------------------------------------------------
     42320       2306       1024        888      46764    1552594   Object Totals
         0          0         32          0          0          0   (incl. Generated)
        82          0          1          5          2          0   (incl. Padding)

    ----------------------------------------------------------------------

      Code (inc. data)   RO Data    RW Data    ZI Data      Debug   Library Member Name

        20          0          0          0          0        124   fabs.o
        40         10          0          0          0        128   strtod.o
        56          8          0          0          0         84   __0sscanf.o
        86          0          0          0          0          0   __dczerorl2.o
       822          6          0          0          0        112   _scanf.o
        64          0          0          0          0         84   _sgetc.o
        40          6         64          0          0         68   ctype_c.o
         0          0          0          0          0          0   entry.o
         0          0          0          0          0          0   entry10a.o
         0          0          0          0          0          0   entry11a.o
         4          0          0          0          0          0   entry12b.o
         8          4          0          0          0          0   entry2.o
         4          0          0          0          0          0   entry5.o
         0          0          0          0          0          0   entry7b.o
         0          0          0          0          0          0   entry8b.o
         8          4          0          0          0          0   entry9a.o
        30          0          0          0          0          0   handlers.o
        36          8          0          0          0         68   init.o
        10          0          0          0          0         68   isspace_c.o
         0          0          0          0          0          0   iusefp.o
        30          0          0          0          0         68   llshl.o
        36          0          0          0          0         68   llsshr.o
        32          0          0          0          0         68   llushr.o
       360         30          0          0          0        356   mallocr.o
        36          0          0          0          0         68   memcpya.o
        36          0          0          0          0        108   memseta.o
         0          0          0          8          0          0   mvars.o
      2354        100          0          0          0        772   printfa.o
        40          8          0          0          0         84   scanf_char.o
       884         12          0          0          0        216   scanf_fp.o
         0          0          0          4          0          0   stdout.o
        28          0          0          0          0         76   strcmp.o
        18          0          0          0          0         68   strcpy.o
        14          0          0          0          0         68   strlen.o
        30          0          0          0          0         80   strncmp.o
       156         12          0          0          0        120   strtod.o
        12          0          0          0          0         68   tolower.o
        44          0          0          0          0         80   uidiv.o
       104          0          0          0          0         92   uldiv.o
        48          0          0          0          0         68   cdcmple.o
        48          0          0          0          0         68   cdrcmple.o
        56          0          0          0          0         88   d2f.o
       350          0          0          0          0        148   dadd.o
       222          0          0          0          0        100   ddiv.o
       186          0          0          0          0        176   depilogue.o
        62          0          0          0          0         80   dfixi.o
        48          0          0          0          0         68   dfixul.o
        34          0          0          0          0         76   dflti.o
        24          0          0          0          0         76   dfltul.o
       234          0          0          0          0         96   dmul.o
       110          0          0          0          0        168   fepilogue.o

    ----------------------------------------------------------------------
      6876        208         64         12          0       4408   Library Totals
        12          0          0          0          0          0   (incl. Padding)

    ----------------------------------------------------------------------

      Code (inc. data)   RO Data    RW Data    ZI Data      Debug   Library Name

        60         10          0          0          0        252   m_wm.l
      5382        198         64         12          0       2944   mc_w.l
      1422          0          0          0          0       1212   mf_w.l

    ----------------------------------------------------------------------
      6876        208         64         12          0       4408   Library Totals

    ----------------------------------------------------------------------

==============================================================================


      Code (inc. data)   RO Data    RW Data    ZI Data      Debug   

     49196       2514       1088        900      46764    1518198   Grand Totals
     49196       2514       1088         36      46764    1518198   ELF Image Totals (compressed)
     49196       2514       1088         36          0          0   ROM Totals

==============================================================================

    Total RO  Size (Code + RO Data)                50284 (  49.11kB)
    Total RW  Size (RW Data + ZI Data)             47664 (  46.55kB)
    Total ROM Size (Code + RO Data + RW Data)      50320 (  49.14kB)

==============================================================================

